2025-02-27 20:51:46.307   974-1026  RemoteTransitionHandler com.android.systemui                 D  Found filterPair{{types=[] flags=0x0] notFlags=0x100 checks=[{atype=home independent=true modes=[OPEN,TO_FRONT] flags=NONE mustBeTask=false order=TOP topActivity=ComponentInfo{com.google.android.apps.nexuslauncher/com.google.android.apps.nexuslauncher.NexusLauncherActivity} launchCookie=null},{atype=standard independent=true modes=[CLOSE,TO_BACK] flags=NONE mustBeTask=false order=ANY topActivity=null launchCookie=null}]} RemoteTransition { remoteTransition = android.window.IRemoteTransition$Stub$Proxy@3b2afa7, appThread = android.app.IApplicationThread$Stub$Proxy@6c3dc54, debugName = QuickstepLaunchHome }}
2025-02-27 20:51:46.307   974-1026  WindowManagerShell      com.android.systemui                 V   Delegate animation for (#145) to RemoteTransition { remoteTransition = android.window.IRemoteTransition$Stub$Proxy@3b2afa7, appThread = android.app.IApplicationThread$Stub$Proxy@6c3dc54, debugName = QuickstepLaunchHome }
2025-02-27 20:51:46.311  1560-1744  AiAiEcho                com.google.android.as                I  #postPredictionTargets: Sending updates to UISurface home with targets# 0 (types=[])
2025-02-27 20:51:46.313   580-598   WindowManager           system_server                        V  Sent Transition (#145) createdAt=02-27 20:51:46.278 via request=TransitionRequestInfo { type = CLOSE, triggerTask = null, pipTask = null, remoteTransition = null, displayChange = null, flags = 16, debugId = 145 }
2025-02-27 20:51:46.313   580-598   WindowManager           system_server                        V      startWCT=WindowContainerTransaction { changes = {} hops = [] errorCallbackToken=null taskFragmentOrganizer=null }
2025-02-27 20:51:46.313   580-598   WindowManager           system_server                        V      info={id=145 t=CLOSE f=0x10 trk=0 r=[0@Point(0, 0)] c=[
                                                                                                            {WCT{RemoteToken{6d7e0c Task{533e56b #1 type=home}}} m=TO_FRONT f=SHOW_WALLPAPER|MOVE_TO_TOP leash=Surface(name=Task=1)/@0x93b5f24 sb=Rect(0, 0 - 2076, 2152) eb=Rect(0, 0 - 2076, 2152) d=0 taskParent=-1},
                                                                                                            {WCT{RemoteToken{42b8b0b Task{84437f6 #65 type=standard A=10207:com.mgiallourakis.reactnativemathexpo}}} m=CLOSE f=NONE leash=Surface(name=Task=65)/@0x9abdc85 sb=Rect(0, 0 - 2076, 2152) eb=Rect(0, 0 - 2076, 2152) d=0 taskParent=-1},
                                                                                                            {null m=TO_FRONT f=IS_WALLPAPER leash=Surface(name=WallpaperWindowToken{35a377c token=android.os.Binder@9a5e6f})/@0x7754893 sb=Rect(0, 0 - 2076, 2152) eb=Rect(0, 0 - 2076, 2152) d=0}
                                                                                                        ]}
2025-02-27 20:51:46.315   580-1595  AppSearchIcing          system_server                        W  icing-search-engine.cc:321: Error: 5, Message: Document (com.google.android.googlequicksearchbox$OneSearchZeroStateGoogleSuggestions/default, zp) not found.
2025-02-27 20:51:46.317   379-529   RanchuHwc               and...hics.composer3-service.ranchu  I  logCompositionFallbackIfChanged: layer 232 CompositionType fallback from 2 to 1
2025-02-27 20:51:46.317  1216-1990  OneSearchS...stProvider com...le.android.apps.nexuslauncher  D  AppSearch 0-state cache not available, fallback to AGA
                                                                                                    java.util.concurrent.CompletionException: java.util.NoSuchElementException: No value present
                                                                                                    	at java.util.concurrent.CompletableFuture.encodeThrowable(CompletableFuture.java:308)
                                                                                                    	at java.util.concurrent.CompletableFuture.completeThrowable(CompletableFuture.java:323)
                                                                                                    	at java.util.concurrent.CompletableFuture$UniAccept.tryFire(CompletableFuture.java:684)
                                                                                                    	at java.util.concurrent.CompletableFuture.postComplete(CompletableFuture.java:486)
                                                                                                    	at java.util.concurrent.CompletableFuture.completeExceptionally(CompletableFuture.java:2138)
                                                                                                    	at com.google.android.apps.nexuslauncher.allapps.E0.onResult(go/retraceme 2855a437b73635ce9cad76b9289087e631bbb67fc90008a0da13d343a00e5041:67)
                                                                                                    	at android.app.appsearch.SearchSessionUtil$1.lambda$onResult$0(go/retraceme 64eee9e9f568ff45978879ad2ff83146f2618ee8a88278736fbdf5fae931976e:144)
                                                                                                    	at android.app.appsearch.SearchSessionUtil$1.$r8$lambda$CEk3q8sDAQVhU3rQwVueB8FAj_M(go/retraceme 64eee9e9f568ff45978879ad2ff83146f2618ee8a88278736fbdf5fae931976e:1)
                                                                                                    	at android.app.appsearch.SearchSessionUtil$1$$ExternalSyntheticLambda0.run(go/retraceme 64eee9e9f568ff45978879ad2ff83146f2618ee8a88278736fbdf5fae931976e:22)
                                                                                                    	at android.os.Handler.handleCallback(Handler.java:959)
                                                                                                    	at android.os.Handler.dispatchMessage(Handler.java:100)
                                                                                                    	at android.os.Looper.loopOnce(Looper.java:232)
                                                                                                    	at android.os.Looper.loop(Looper.java:317)
                                                                                                    	at android.os.HandlerThread.run(HandlerThread.java:85)
                                                                                                    Caused by: java.util.NoSuchElementException: No value present
                                                                                                    	at java.util.Optional.get(Optional.java:143)
                                                                                                    	at com.google.android.apps.nexuslauncher.allapps.E0.onResult(go/retraceme 2855a437b73635ce9cad76b9289087e631bbb67fc90008a0da13d343a00e5041:28)
                                                                                                    	at android.app.appsearch.SearchSessionUtil$1.lambda$onResult$0(go/retraceme 64eee9e9f568ff45978879ad2ff83146f2618ee8a88278736fbdf5fae931976e:144)
                                                                                                    	at android.app.appsearch.SearchSessionUtil$1.$r8$lambda$CEk3q8sDAQVhU3rQwVueB8FAj_M(go/retraceme 64eee9e9f568ff45978879ad2ff83146f2618ee8a88278736fbdf5fae931976e:1)
                                                                                                    	at android.app.appsearch.SearchSessionUtil$1$$ExternalSyntheticLambda0.run(go/retraceme 64eee9e9f568ff45978879ad2ff83146f2618ee8a88278736fbdf5fae931976e:22)
                                                                                                    	at android.os.Handler.handleCallback(Handler.java:959)
                                                                                                    	at android.os.Handler.dispatchMessage(Handler.java:100)
                                                                                                    	at android.os.Looper.loopOnce(Looper.java:232)
                                                                                                    	at android.os.Looper.loop(Looper.java:317)
                                                                                                    	at android.os.HandlerThread.run(HandlerThread.java:85)
2025-02-27 20:51:46.318   974-1026  WindowManagerShell      com.android.systemui                 V   animated by com.android.wm.shell.transition.RemoteTransitionHandler@628e4f
2025-02-27 20:51:46.320  1216-1990  OneSearchS...stProvider com...le.android.apps.nexuslauncher  D  Established or reuse existing binder channel authority=com.google.android.googlequicksearchbox
2025-02-27 20:51:46.325  1216-4432  FrameEvents             com...le.android.apps.nexuslauncher  E  addRelease: Did not find frame.
2025-02-27 20:51:46.326  1216-1216  StateManager            com...le.android.apps.nexuslauncher  D  createAtomicAnimation - fromState: Background, toState: Normal, partial trace:
                                                                                                    	at com.android.quickstep.util.StaggeredWorkspaceAnim.prepareToAnimate(go/retraceme 2855a437b73635ce9cad76b9289087e631bbb67fc90008a0da13d343a00e5041:22)
                                                                                                    	at com.android.quickstep.util.StaggeredWorkspaceAnim.<init>(go/retraceme 2855a437b73635ce9cad76b9289087e631bbb67fc90008a0da13d343a00e5041:4)
                                                                                                    	at com.android.quickstep.util.StaggeredWorkspaceAnim.<init>(go/retraceme 2855a437b73635ce9cad76b9289087e631bbb67fc90008a0da13d343a00e5041:1)
2025-02-27 20:51:46.330   580-3217  UserManagerService      system_server                        W  Requested status bar icon for non-badged user 0
2025-02-27 20:51:46.335   379-529   RanchuHwc               and...hics.composer3-service.ranchu  I  logCompositionFallbackIfChanged: layer 233 CompositionType fallback from 2 to 1
2025-02-27 20:51:46.338   974-1043  WindowOnBackDispatcher  com.android.systemui                 W  sendCancelIfRunning: isInProgress=false callback=android.view.ViewRootImpl$$ExternalSyntheticLambda11@103e560
2025-02-27 20:51:46.338   580-3217  CoreBackPreview         system_server                        D  Window{4e624d0 u0 Splash Screen com.mgiallourakis.reactnativemathexpo EXITING}: Setting back callback null
2025-02-27 20:51:46.340   580-3217  InputManager-JNI        system_server                        W  Input channel object '4e624d0 Splash Screen com.mgiallourakis.reactnativemathexpo (client)' was disposed without first being removed with the input manager!
2025-02-27 20:51:46.341   403-1152  BpBinder                surfaceflinger                       I  onLastStrongRef automatically unlinking death recipients: 
2025-02-27 20:51:46.344   580-1506  ActivityManager         system_server                        D  sync unfroze 20020 com.google.android.googlequicksearchbox:search for 6
2025-02-27 20:51:46.345   580-601   ProcessStats            system_server                        W  Tracking association SourceState{ff30dd5 com.google.android.apps.nexuslauncher/10174 BTop #20708} whose proc state 2 is better than process ProcessState{1b1512b com.google.android.googlequicksearchbox:search/10145 pkg=com.google.android.googlequicksearchbox} proc state 14 (7 skipped)
2025-02-27 20:51:46.348   580-697   ImeTracker              system_server                        I  com.google.android.apps.nexuslauncher:7d5c1329: onRequestHide at ORIGIN_SERVER reason HIDE_SAME_WINDOW_FOCUSED_WITHOUT_EDITOR fromUser false
2025-02-27 20:51:46.348   580-697   ImeTracker              system_server                        I  com.google.android.apps.nexuslauncher:7d5c1329: onCancelled at PHASE_SERVER_SHOULD_HIDE
2025-02-27 20:51:46.350   403-403   SurfaceFlinger          surfaceflinger                       E  Out of order buffers detected for RequestedLayerState{com.google.android.apps.nexuslauncher/com.google.android.apps.nexuslauncher.NexusLauncherActivity#910 parentId=118} producedId=51 frameNumber=191 -> producedId=51 frameNumber=2
2025-02-27 20:51:46.351  6823-6823  GoogleInpu...hodService com...gle.android.inputmethod.latin  I  GoogleInputMethodService.onFinishInput():3157 
2025-02-27 20:51:46.354  6823-6823  GoogleInpu...hodService com...gle.android.inputmethod.latin  I  GoogleInputMethodService.updateDeviceLockedStatus():2248 repeatCheckTimes = 0, locked = false
2025-02-27 20:51:46.354  6823-6823  GoogleInpu...hodService com...gle.android.inputmethod.latin  I  GoogleInputMethodService.onStartInput():1986 onStartInput(EditorInfo{EditorInfo{packageName=com.google.android.apps.nexuslauncher, inputType=0, inputTypeString=NULL, enableLearning=false, autoCorrection=false, autoComplete=false, imeOptions=0, privateImeOptions=null, actionName=UNSPECIFIED, actionLabel=null, initialSelStart=-1, initialSelEnd=-1, initialCapsMode=0, label=null, fieldId=0, fieldName=null, extras=null, hintText=null, hintLocales=[]}}, false)
2025-02-27 20:51:46.355  6823-6823  GoogleInpu...hodService com...gle.android.inputmethod.latin  I  GoogleInputMethodService.updateDeviceLockedStatus():2248 repeatCheckTimes = 1, locked = false
2025-02-27 20:51:46.355  6823-6823  AndroidIME              com...gle.android.inputmethod.latin  I  InputBundleManager.loadActiveInputBundleId():450 loadActiveInputBundleId: und-Latn-x-password, password
2025-02-27 20:51:46.356   580-1506  PackageConfigPersister  system_server                        W  App-specific configuration not found for packageName: com.google.android.apps.nexuslauncher and userId: 0
2025-02-27 20:51:46.367   403-403   SurfaceFlinger          surfaceflinger                       E  Out of order buffers detected for RequestedLayerState{com.google.android.apps.nexuslauncher/com.google.android.apps.nexuslauncher.NexusLauncherActivity#910 parentId=118} producedId=51 frameNumber=191 -> producedId=51 frameNumber=3
2025-02-27 20:51:46.374  1216-1224  System                  com...le.android.apps.nexuslauncher  W  A resource failed to call release. 
2025-02-27 20:51:46.376  1216-1224  System                  com...le.android.apps.nexuslauncher  W  A resource failed to call release. 
2025-02-27 20:51:46.376  1216-1224  System                  com...le.android.apps.nexuslauncher  W  A resource failed to call release. 
2025-02-27 20:51:46.376  1216-1224  s.nexuslauncher         com...le.android.apps.nexuslauncher  W  ApkAssets: Deleting an ApkAssets object '<empty> and /data/app/~~PZIGWCdogRiZXcjKwATfZw==/com.mgiallourakis.reactnativemathexpo-j8crlDq659v3xUcxlFQmEg==/base.apk' with 1 weak references
2025-02-27 20:51:46.377  1216-1224  System                  com...le.android.apps.nexuslauncher  W  A resource failed to call release. 
2025-02-27 20:51:46.377  1216-1224  System                  com...le.android.apps.nexuslauncher  W  A resource failed to call release. 
2025-02-27 20:51:46.377  1216-1224  System                  com...le.android.apps.nexuslauncher  W  A resource failed to call release. 
2025-02-27 20:51:46.384   403-403   SurfaceFlinger          surfaceflinger                       E  Out of order buffers detected for RequestedLayerState{com.google.android.apps.nexuslauncher/com.google.android.apps.nexuslauncher.NexusLauncherActivity#910 parentId=118} producedId=51 frameNumber=191 -> producedId=51 frameNumber=4
2025-02-27 20:51:46.389 20020-20020 A                       com....android.googlequicksearchbox  I  (REDACTED) Created gRPC endpoint for service %s
2025-02-27 20:51:46.400   403-403   SurfaceFlinger          surfaceflinger                       E  Out of order buffers detected for RequestedLayerState{com.google.android.apps.nexuslauncher/com.google.android.apps.nexuslauncher.NexusLauncherActivity#910 parentId=118} producedId=51 frameNumber=191 -> producedId=51 frameNumber=5
2025-02-27 20:51:46.404   580-591   system_server           system_server                        I  Background concurrent mark compact GC freed 21MB AllocSpace bytes, 29(2192KB) LOS objects, 46% free, 28MB/52MB, paused 560us,8.374ms total 110.890ms
2025-02-27 20:51:46.406   580-593   System                  system_server                        W  A resource failed to call release. 
2025-02-27 20:51:46.406   580-593   System                  system_server                        W  A resource failed to call close. 
2025-02-27 20:51:46.417   403-403   SurfaceFlinger          surfaceflinger                       E  Out of order buffers detected for RequestedLayerState{com.google.android.apps.nexuslauncher/com.google.android.apps.nexuslauncher.NexusLauncherActivity#910 parentId=118} producedId=51 frameNumber=191 -> producedId=51 frameNumber=6
2025-02-27 20:51:46.433   403-403   SurfaceFlinger          surfaceflinger                       E  Out of order buffers detected for RequestedLayerState{com.google.android.apps.nexuslauncher/com.google.android.apps.nexuslauncher.NexusLauncherActivity#910 parentId=118} producedId=51 frameNumber=191 -> producedId=51 frameNumber=7
2025-02-27 20:51:46.436  1216-1216  SearchTargetUtil        com...le.android.apps.nexuslauncher  D  queryLength=0 size=15
2025-02-27 20:51:46.436  1216-1216  SearchTargetUtil        com...le.android.apps.nexuslauncher  D  layoutType=short_icon_row resultType=131072 packageName=com.google.android.googlequicksearchbox extras=Bundle{suggestion_type=33,suggest_truncate_start=false,is_answer=false,is_entity=false,is_personal=false,suggest_raw_text=new york correctional officers strike,input_query=android.app.search.Query@30e426a,group_id=web22307842,response_id=ad550ec5-2ea5-4b0f-ac01-20eb0684ab29,support_query_builder=false,} searchAction=new york correctional officers strike searchActionExtras=Bundle{learn_more_url=https://support.google.com/websearch/answer/106230?hl=106230,suggestion_action_text=Report this,should_start_for_result=true,allow_pinning=true,skip_logging_in_target_handler=true,suggestion_action_rpc=2,}ParentID: null targetID: ac0022f4-94e6-485b-bb63-e1e082260b05
2025-02-27 20:51:46.436  1216-1216  SearchTargetUtil        com...le.android.apps.nexuslauncher  D  layoutType=short_icon_row resultType=131072 packageName=com.google.android.googlequicksearchbox extras=Bundle{suggestion_type=33,suggest_truncate_start=false,is_answer=false,is_entity=false,is_personal=false,suggest_raw_text=playstation plus monthly games,input_query=android.app.search.Query@30e426a,group_id=web22307842,response_id=ad550ec5-2ea5-4b0f-ac01-20eb0684ab29,support_query_builder=false,} searchAction=playstation plus monthly games searchActionExtras=Bundle{learn_more_url=https://support.google.com/websearch/answer/106230?hl=106230,suggestion_action_text=Report this,should_start_for_result=true,allow_pinning=true,skip_logging_in_target_handler=true,suggestion_action_rpc=2,}ParentID: null targetID: 504abbe5-6634-4acd-8801-51af97fedf85
2025-02-27 20:51:46.436  1216-1216  SearchTargetUtil        com...le.android.apps.nexuslauncher  D  layoutType=short_icon_row resultType=131072 packageName=com.google.android.googlequicksearchbox extras=Bundle{suggestion_type=33,suggest_truncate_start=false,is_answer=false,is_entity=false,is_personal=false,suggest_raw_text=congo disease deaths,input_query=android.app.search.Query@30e426a,group_id=web22307842,response_id=ad550ec5-2ea5-4b0f-ac01-20eb0684ab29,support_query_builder=false,} searchAction=congo disease deaths searchActionExtras=Bundle{learn_more_url=https://support.google.com/websearch/answer/106230?hl=106230,suggestion_action_text=Report this,should_start_for_result=true,allow_pinning=true,skip_logging_in_target_handler=true,suggestion_action_rpc=2,}ParentID: null targetID: 2f353c2c-16b9-49cb-b21b-1454deb3f2ab
2025-02-27 20:51:46.436  1216-1216  SearchTargetUtil        com...le.android.apps.nexuslauncher  D  layoutType=short_icon_row resultType=131072 packageName=com.google.android.googlequicksearchbox extras=Bundle{suggestion_type=33,suggest_truncate_start=false,is_answer=false,is_entity=false,is_personal=false,suggest_raw_text=mega millions jackpot lottery numbers,input_query=android.app.search.Query@30e426a,group_id=web22307842,response_id=ad550ec5-2ea5-4b0f-ac01-20eb0684ab29,support_query_builder=false,} searchAction=mega millions jackpot lottery numbers searchActionExtras=Bundle{learn_more_url=https://support.google.com/websearch/answer/106230?hl=106230,suggestion_action_text=Report this,should_start_for_result=true,allow_pinning=true,skip_logging_in_target_handler=true,suggestion_action_rpc=2,}ParentID: null targetID: fc6aaebd-f601-40d3-b285-c33e78f4a50f
2025-02-27 20:51:46.436  1216-1216  SearchTargetUtil        com...le.android.apps.nexuslauncher  D  layoutType=short_icon_row resultType=131072 packageName=com.google.android.googlequicksearchbox extras=Bundle{suggestion_type=33,suggest_truncate_start=false,is_answer=false,is_entity=false,is_personal=false,suggest_raw_text=santiago chile power outage map,input_query=android.app.search.Query@30e426a,group_id=web22307842,response_id=ad550ec5-2ea5-4b0f-ac01-20eb0684ab29,support_query_builder=false,} searchAction=santiago chile power outage map searchActionExtras=Bundle{learn_more_url=https://support.google.com/websearch/answer/106230?hl=106230,suggestion_action_text=Report this,should_start_for_result=true,allow_pinning=true,skip_logging_in_target_handler=true,suggestion_action_rpc=2,}ParentID: null targetID: 79315903-f8f6-44ff-9e32-a026f4492dcb
2025-02-27 20:51:46.436  1216-1216  SearchTargetUtil        com...le.android.apps.nexuslauncher  D  layoutType=short_icon_row resultType=131072 packageName=com.google.android.googlequicksearchbox extras=Bundle{suggestion_type=33,suggest_truncate_start=false,is_answer=false,is_entity=false,is_personal=false,suggest_raw_text=zodiac signs daily horoscope today,input_query=android.app.search.Query@30e426a,group_id=web22307842,response_id=ad550ec5-2ea5-4b0f-ac01-20eb0684ab29,support_query_builder=false,} searchAction=zodiac signs daily horoscope today searchActionExtras=Bundle{learn_more_url=https://support.google.com/websearch/answer/106230?hl=106230,suggestion_action_text=Report this,should_start_for_result=true,allow_pinning=true,skip_logging_in_target_handler=true,suggestion_action_rpc=2,}ParentID: null targetID: 7e9a86f0-aca5-4b34-8a3a-ead2b46da616
2025-02-27 20:51:46.436  1216-1216  SearchTargetUtil        com...le.android.apps.nexuslauncher  D  layoutType=extra_tall_icon_row resultType=131072 packageName=com.google.android.googlequicksearchbox extras=Bundle{bitmap_url=data:image/jpeg;base64,/9j/4AAQSkZJRgABAQAAAQABAAD/2wCEAAkGBwgHBgkIBwgKCgkLDRYPDQwMDRsUFRAWIB0iIiAdHx8kKDQsJCYxJx8fLT0tMTU3Ojo6Iys/RD84QzQ5OjcBCgoKDQwNGg8PGjclHyU3Nzc3Nzc3Nzc3Nzc3Nzc3Nzc3Nzc3Nzc3Nzc3Nzc3Nzc3Nzc3Nzc3Nzc3Nzc3Nzc3N//AABEIAHMAcwMBIgACEQEDEQH/xAAbAAACAwEBAQAAAAAAAAAAAAAFBgADBAcBAv/EADwQAAIBAwMBBQUFBgUFAAAAAAECAwAEEQUSITEGQVFhcRMUIoGhIzKRscEHFSRCQ9EzUnKC8CViwuHx/8QAGgEAAwEBAQEAAAAAAAAAAAAAAgMEBQEABv/EACkRAAIBBAAFAwQDAAAAAAAAAAABAgMEERIhIjEyQRMjYQVRgdEUQ6H/2gAMAwEAAhEDEQA/AEftHojaVpGmuZfae+QR3IwOF3KMru6E5z6Ar419Xmn3dgIJ7iEpDcqskLnpICAePHhxnw6UPuJZEsIZAx3gx4PeNqgD8NoHyo52l1+91qK1jvSji0i2o5Ub+AMnd154OPIVsST1a+CVdQWx5q6A9KzMfiq+3PNZSKgpb9RRCKh0FEYugAGSegpyeFkHGWXgVX7zbrIIzPEJD0UuMn5ULunm1CaS2t4ZGiU7TKchWPfjy/OhetaZeQMpWFWjCjp9c0p3C8DVRfUb2HHNfHOaXdC1KWN47e4Zmhc7VLnmNvD0pjPNNhNTWUKlFxeD5PSvhuhAFfeaqdx3GjBGHRo9mmBj35P1/tR9LIzqjSBsZBCDqR4nwFZNBtd9nFkAgKuAe8/276YAAfhZCcZLA9Se41e56xUUQqO0nJi81rAjFf4dMHG0wA4+Z61Kl45W5cbC3TB8sV5Q7oLU5l2surLUrkz2iC1tJHTAK8IO9vhGTnlumck0Q7Y6XpljaWjaZeLcPcQh5hux7MmIEfCfiG7luenApc1JP+moScBQua3zW08JmS5hkjYSMnxrjkAAj5UahzY+BuQbuzWm3PIrDE26NCe9RWy26isXyVhaDurflhCSpwx4B86Hwd1a7iX2UMJPQzxg+hYV2q8QDorMxp0Kxhtoo0lVlTbhGdCAfnjFea/ZqTsgy7YyQvQepPA/GvIrCW3X3z3qVomLMwaUkHPdt6eXpVfxX0l3ps0hXftlUq+MjAyDg/8AM1Dysv5hC1GD2V1JGFKsRuPkR3/X6Uw2Fx71ZwzZ5Zct69/1oNrtqtjf29uHZxyu489xrZoJ2WLR/wCSRgPTr+tVW0ubBJXjwCD8iq1UySKi9WYKPnXpPWtWiKG1W33AFUbec+AGatJGP2nwtbwpCANypjrjkdfrgfKt6MWO5yCoHXH0rPCSSqzoWBAJBTIOeSc/M16ZBtKheCc+lU52Je0EXLStO5EYxnjPhUq94LmRi6xyYPSpXeHwd4nGr52itQ0YQsrKcOgdfmpBBHkaO6/r79ob4zywpEYR7FdpPKjkZHTPJ6Y6+VbP2i6AdOlN5bL/AAl1Mu4D+m5YZHoe75jwpWtztvbtD3lX/Ef+qfGSlJSQTWFgxkodvswQoUDBOeQMH65rTbd1UT2s1m6x3CMjOolCspUgNyMg1dbHmsWXcytdAtb91X3wVrbazBBuU7ycBeepzVFv3V7qY36fcBTkqpH0oaz5UMo9zGbSL+O7sYJobhVtpeHZhu2+WPXrVurxw2uoQfu64gLysPaFIxtC95JB8KUuwJnOnOLcq22Ugo/Ru/8AWjusPe3GVFoluAOShB/KpMJNoujLaKkLHaK5glvJJBcKrwOjhWYZkG8AgePeeKI6d9m86joSGHzGP0pT1yxuhLPeiMm2hKxu4/kJzjPrg0X7O6h7yVRj8XsufMiqKfLKLI6j22TDrNRHs+P4i4lxn2cWPxIFCWNG+zSFre+YdSn5c1bB8yJZ9rOisf4eTHchFYrNg06A9Nw4NfVqS28h5GjYcnjAzyPM9arthslXPXcKpprCZNUeWmGwgIzUqwA4ryoykE6pZQ39ubS4j9pHM21h6AkEeBBxXGdW0qfR+0E1tc/ETFlHA4dd3BrtYnjnt4biBw8Uh3Iw6MCOtCO2mgLq9vmEKLu3TdEx789VPkcD5gVVRqavj0PVIM4fJNLMyCZixiXYCTzgcj863aXbS3dykEI+Ju89APGh8itHcyxyKyOpAZWGCD4GnLsTbD3ea5I5dtgPkKiSU6jwOnCVPll1Nx0lbZEEeSQOWPeaAzXSPdXcLLtDAr6npn6U3ySB98Z+8oz6ikC9wb+4ZG+FmLI3jzS7x4ikhlv1bDn7NrWRLO7yBhZsjx6Y/SnG4gaWFFiTLbhlSPveVBuwcunz6bLazMYpRKX39M5x34Ph0PyPUU1pHbWO5oPt7jorOcheOvh+fy7oZLLzngUxlhYwALrSxbWEemkRPJNIZ7knkZI+FPPGc/8A2hUGh6fYh2WCFDnJcKFx6Huo9cuVJO7dIc5J8f71iuJ4LaNfeGHxnCpjJY+AHfVttTffL8E1aS7ULlyVjnZYw2zOFZv5sdaZeyShbQuwyHc5HiOlAdXWRl9r7AQRjGFZst8+4emaYdA+zsIB4rn8eap6MnY16NEhh2SEl4W2sNxw2Pukj0xWi9i9jNvXgScg+BobbzNbutymSFGJVHevj6iizS+8LudSbc8LtxliehHPpz8qoi3tt4JpJYwUS6jMZDsfavcMVKzmyuMn2Y3Jk4PSpTfa+BXuCP2F7RG2n/dV638PJJiB2PEbk9PQ/n610e4LSzNn7uwDH+6uAXUxDGNePiyfOuq9i+0B1izNpcPm+twAxP8AUQcBvXJwfke+syjU8M+r+p2iz60Pz+xP/abp0cGrJqMQC+8ZSXzcAHP4H6UY7O25tNKgjZCp27iCecnmi/a3So7trVJTxFelyPEBOn44qX8YtYIlhQyXLDd7HcGWRf8AMpB6eXXzpq1g3JmM9pvAFvpDJLNHF/iPHsHzYCljWoFSd3I2oo2D0A4/KmC4nhGsXzWu72SxoYTJ1IJOM+mCPQUN16BpdM9pGyYDBXX+bxB/L8aluH6kkojqa0i8l3ZOzkTR0u4mDzSknbn7oBI/IUzveyyLtRGA6ZyP71i7PwiLRrNMf0lP481vkj3chsN45/OqIW9NPbHETKtNrXJjkS4fjekQP+UbiPQnj6VTb2kIvhJhpJMNmR23HjaBz82rWX3Qe0+71HPkcfpQ7Rp/eLy8JJwgRQB/uP608UTtAg90bA7q2adL/DxEdCg/KqdXiBt2IyDjrk1Rpkh90t/9IH4cUupwZ1DVZTEYweaI27NA+6Lf7HqUQ/FGe8r4g+FArOTpRmyk+0PoMUUZ4AlHIUW6iCj2E0ZjxwWcA+ec1KySRxu5ZoYWJ6lkBJqUeYgayOL9ptFn0XWXtZssjNmGTudc/n4+deRX82m6lazWL7JYm3A93nnx7/xrqHaPSodbha2fCzrIzwSH+Rh+h6GuRSxzx6k0V1G0c0blWQ/ykd1Z9Snqz6+zulcU9ZdfJ1C41KPWTbXcLlY3Usyd6OThlPptH/DXwouo43USo8L9YnBKgeIOeG8xil3spMiwzwnAZX3nz3d/0pltryJLlQwDBQGI8+7/AJ6VTKUfS2kYFWk6dxKnD7izrdpdW98bmCCVlZMNuOWPgfP160OivJTot+J4mV2l3BSpBxx/aumTalp9wo9umG8uKzbtIY8RFvWoI1dXwHSpbCnoWpl9Mg4I2LtwRjpRNL18CRlOzdjdjjPhRp30kdVdSfBM1o06CwmhnjidZIwyPtI2nP3f/Knxu30wKdslxyKLe+3EAWKIgHPJ46mqdItpdOiu5Lya1jLMGAacDoPOniWCK3VgoCqOlAZXRQyx
2025-02-27 20:51:46.437  1216-1216  SearchTargetUtil        com...le.android.apps.nexuslauncher  D  layoutType=short_icon_row resultType=131072 packageName=com.google.android.googlequicksearchbox extras=Bundle{suggestion_type=33,suggest_truncate_start=false,is_answer=false,is_entity=false,is_personal=false,suggest_raw_text=review of suits la,input_query=android.app.search.Query@30e426a,group_id=web22307842,response_id=ad550ec5-2ea5-4b0f-ac01-20eb0684ab29,support_query_builder=false,} searchAction=review of suits la searchActionExtras=Bundle{learn_more_url=https://support.google.com/websearch/answer/106230?hl=106230,suggestion_action_text=Report this,should_start_for_result=true,allow_pinning=true,skip_logging_in_target_handler=true,suggestion_action_rpc=2,}ParentID: null targetID: 49ea0dd2-bf6e-42a9-b80d-fc7235b91f9c
2025-02-27 20:51:46.437  1216-1216  SearchTargetUtil        com...le.android.apps.nexuslauncher  D  layoutType=short_icon_row resultType=131072 packageName=com.google.android.googlequicksearchbox extras=Bundle{suggestion_type=33,suggest_truncate_start=false,is_answer=false,is_entity=false,is_personal=false,suggest_raw_text=union la air jordan 1,input_query=android.app.search.Query@30e426a,group_id=web22307842,response_id=ad550ec5-2ea5-4b0f-ac01-20eb0684ab29,support_query_builder=false,} searchAction=union la air jordan 1 searchActionExtras=Bundle{learn_more_url=https://support.google.com/websearch/answer/106230?hl=106230,suggestion_action_text=Report this,should_start_for_result=true,allow_pinning=true,skip_logging_in_target_handler=true,suggestion_action_rpc=2,}ParentID: null targetID: 486538b6-8c41-4732-96ac-9757c63ebe6a
2025-02-27 20:51:46.437  1216-1216  SearchTargetUtil        com...le.android.apps.nexuslauncher  D  layoutType=short_icon_row resultType=131072 packageName=com.google.android.googlequicksearchbox extras=Bundle{suggestion_type=33,suggest_truncate_start=false,is_answer=false,is_entity=false,is_personal=false,suggest_raw_text=reverse discrimination supreme court,input_query=android.app.search.Query@30e426a,group_id=web22307842,response_id=ad550ec5-2ea5-4b0f-ac01-20eb0684ab29,support_query_builder=false,} searchAction=reverse discrimination supreme court searchActionExtras=Bundle{learn_more_url=https://support.google.com/websearch/answer/106230?hl=106230,suggestion_action_text=Report this,should_start_for_result=true,allow_pinning=true,skip_logging_in_target_handler=true,suggestion_action_rpc=2,}ParentID: null targetID: d1ed7f0e-8e2b-4811-a5e0-57e2fac2f654
2025-02-27 20:51:46.437  1216-1216  SearchTargetUtil        com...le.android.apps.nexuslauncher  D  layoutType=short_icon_row resultType=131072 packageName=com.google.android.googlequicksearchbox extras=Bundle{suggestion_type=33,suggest_truncate_start=false,is_answer=false,is_entity=false,is_personal=false,suggest_raw_text=stellantis uaw profit sharing checks,input_query=android.app.search.Query@30e426a,group_id=web22307842,response_id=ad550ec5-2ea5-4b0f-ac01-20eb0684ab29,support_query_builder=false,} searchAction=stellantis uaw profit sharing checks searchActionExtras=Bundle{learn_more_url=https://support.google.com/websearch/answer/106230?hl=106230,suggestion_action_text=Report this,should_start_for_result=true,allow_pinning=true,skip_logging_in_target_handler=true,suggestion_action_rpc=2,}ParentID: null targetID: 9eb1347b-4efd-4ff4-b41a-6d380de2db10
2025-02-27 20:51:46.437  1216-1216  SearchTargetUtil        com...le.android.apps.nexuslauncher  D  layoutType=short_icon_row resultType=131072 packageName=com.google.android.googlequicksearchbox extras=Bundle{suggestion_type=33,suggest_truncate_start=false,is_answer=false,is_entity=false,is_personal=false,suggest_raw_text=crossfit open workouts,input_query=android.app.search.Query@30e426a,group_id=web22307842,response_id=ad550ec5-2ea5-4b0f-ac01-20eb0684ab29,support_query_builder=false,} searchAction=crossfit open workouts searchActionExtras=Bundle{learn_more_url=https://support.google.com/websearch/answer/106230?hl=106230,suggestion_action_text=Report this,should_start_for_result=true,allow_pinning=true,skip_logging_in_target_handler=true,suggestion_action_rpc=2,}ParentID: null targetID: c804ab78-f988-4994-8cea-e8ac5c27ca55
2025-02-27 20:51:46.437  1216-1216  SearchTargetUtil        com...le.android.apps.nexuslauncher  D  layoutType=short_icon_row resultType=131072 packageName=com.google.android.googlequicksearchbox extras=Bundle{suggestion_type=33,suggest_truncate_start=false,is_answer=false,is_entity=false,is_personal=false,suggest_raw_text=omega swatch speedmaster moonswatch 1965,input_query=android.app.search.Query@30e426a,group_id=web22307842,response_id=ad550ec5-2ea5-4b0f-ac01-20eb0684ab29,support_query_builder=false,} searchAction=omega swatch speedmaster moonswatch 1965 searchActionExtras=Bundle{learn_more_url=https://support.google.com/websearch/answer/106230?hl=106230,suggestion_action_text=Report this,should_start_for_result=true,allow_pinning=true,skip_logging_in_target_handler=true,suggestion_action_rpc=2,}ParentID: null targetID: 4eae630a-a7ef-4a35-b512-14b37c1e56a6
2025-02-27 20:51:46.437  1216-1216  SearchTargetUtil        com...le.android.apps.nexuslauncher  D  layoutType=short_icon_row resultType=131072 packageName=com.google.android.googlequicksearchbox extras=Bundle{suggestion_type=33,suggest_truncate_start=false,is_answer=false,is_entity=false,is_personal=false,suggest_raw_text=dbu vs lsu baseball,input_query=android.app.search.Query@30e426a,group_id=web22307842,response_id=ad550ec5-2ea5-4b0f-ac01-20eb0684ab29,support_query_builder=false,} searchAction=dbu vs lsu baseball searchActionExtras=Bundle{learn_more_url=https://support.google.com/websearch/answer/106230?hl=106230,suggestion_action_text=Report this,should_start_for_result=true,allow_pinning=true,skip_logging_in_target_handler=true,suggestion_action_rpc=2,}ParentID: null targetID: cdf093cb-450f-4e29-9603-892e389b99d9
2025-02-27 20:51:46.437  1216-1216  SearchTargetUtil        com...le.android.apps.nexuslauncher  D  layoutType=short_icon_row resultType=131072 packageName=com.google.android.googlequicksearchbox extras=Bundle{suggestion_type=33,suggest_truncate_start=false,is_answer=false,is_entity=false,is_personal=false,suggest_raw_text=nhl trade deadline,input_query=android.app.search.Query@30e426a,group_id=web22307842,response_id=ad550ec5-2ea5-4b0f-ac01-20eb0684ab29,support_query_builder=false,} searchAction=nhl trade deadline searchActionExtras=Bundle{learn_more_url=https://support.google.com/websearch/answer/106230?hl=106230,suggestion_action_text=Report this,should_start_for_result=true,allow_pinning=true,skip_logging_in_target_handler=true,suggestion_action_rpc=2,}ParentID: null targetID: b8eab182-2b02-467e-9b75-faa055f3226b
2025-02-27 20:51:46.450   403-403   SurfaceFlinger          surfaceflinger                       E  Out of order buffers detected for RequestedLayerState{com.google.android.apps.nexuslauncher/com.google.android.apps.nexuslauncher.NexusLauncherActivity#910 parentId=118} producedId=51 frameNumber=191 -> producedId=51 frameNumber=8
2025-02-27 20:51:46.467   403-403   SurfaceFlinger          surfaceflinger                       E  Out of order buffers detected for RequestedLayerState{com.google.android.apps.nexuslauncher/com.google.android.apps.nexuslauncher.NexusLauncherActivity#910 parentId=118} producedId=51 frameNumber=191 -> producedId=51 frameNumber=9
2025-02-27 20:51:46.484   403-403   SurfaceFlinger          surfaceflinger                       E  Out of order buffers detected for RequestedLayerState{com.google.android.apps.nexuslauncher/com.google.android.apps.nexuslauncher.NexusLauncherActivity#910 parentId=118} producedId=51 frameNumber=191 -> producedId=51 frameNumber=10
2025-02-27 20:51:46.500   403-403   SurfaceFlinger          surfaceflinger                       E  Out of order buffers detected for RequestedLayerState{com.google.android.apps.nexuslauncher/com.google.android.apps.nexuslauncher.NexusLauncherActivity#910 parentId=118} producedId=51 frameNumber=191 -> producedId=51 frameNumber=11
2025-02-27 20:51:46.517   403-403   SurfaceFlinger          surfaceflinger                       E  Out of order buffers detected for RequestedLayerState{com.google.android.apps.nexuslauncher/com.google.android.apps.nexuslauncher.NexusLauncherActivity#910 parentId=118} producedId=51 frameNumber=191 -> producedId=51 frameNumber=12
2025-02-27 20:51:46.534   403-403   SurfaceFlinger          surfaceflinger                       E  Out of order buffers detected for RequestedLayerState{com.google.android.apps.nexuslauncher/com.google.android.apps.nexuslauncher.NexusLauncherActivity#910 parentId=118} producedId=51 frameNumber=191 -> producedId=51 frameNumber=13
2025-02-27 20:51:46.550   403-403   SurfaceFlinger          surfaceflinger                       E  Out of order buffers detected for RequestedLayerState{com.google.android.apps.nexuslauncher/com.google.android.apps.nexuslauncher.NexusLauncherActivity#910 parentId=118} producedId=51 frameNumber=191 -> producedId=51 frameNumber=14
2025-02-27 20:51:46.567   403-403   SurfaceFlinger          surfaceflinger                       E  Out of order buffers detected for RequestedLayerState{com.google.android.apps.nexuslauncher/com.google.android.apps.nexuslauncher.NexusLauncherActivity#910 parentId=118} producedId=51 frameNumber=191 -> producedId=51 frameNumber=15
2025-02-27 20:51:46.584   403-403   SurfaceFlinger          surfaceflinger                       E  Out of order buffers detected for RequestedLayerState{com.google.android.apps.nexuslauncher/com.google.android.apps.nexuslauncher.NexusLauncherActivity#910 parentId=118} producedId=51 frameNumber=191 -> producedId=51 frameNumber=16
2025-02-27 20:51:46.601   403-403   SurfaceFlinger          surfaceflinger                       E  Out of order buffers detected for RequestedLayerState{com.google.android.apps.nexuslauncher/com.google.android.apps.nexuslauncher.NexusLauncherActivity#910 parentId=118} producedId=51 frameNumber=191 -> producedId=51 frameNumber=17
2025-02-27 20:51:46.609   403-550   VsyncModulator          surfaceflinger                       W  setTransactionSchedule: Unexpected EarlyEnd
2025-02-27 20:51:46.617   403-403   SurfaceFlinger          surfaceflinger                       E  Out of order buffers detected for RequestedLayerState{com.google.android.apps.nexuslauncher/com.google.android.apps.nexuslauncher.NexusLauncherActivity#910 parentId=118} producedId=51 frameNumber=191 -> producedId=51 frameNumber=18
2025-02-27 20:51:46.633   403-403   SurfaceFlinger          surfaceflinger                       E  Out of order buffers detected for RequestedLayerState{com.google.android.apps.nexuslauncher/com.google.android.apps.nexuslauncher.NexusLauncherActivity#910 parentId=118} producedId=51 frameNumber=191 -> producedId=51 frameNumber=19
2025-02-27 20:51:46.650   403-403   SurfaceFlinger          surfaceflinger                       E  Out of order buffers detected for RequestedLayerState{com.google.android.apps.nexuslauncher/com.google.android.apps.nexuslauncher.NexusLauncherActivity#910 parentId=118} producedId=51 frameNumber=191 -> producedId=51 frameNumber=20
2025-02-27 20:51:46.667   403-403   SurfaceFlinger          surfaceflinger                       E  Out of order buffers detected for RequestedLayerState{com.google.android.apps.nexuslauncher/com.google.android.apps.nexuslauncher.NexusLauncherActivity#910 parentId=118} producedId=51 frameNumber=191 -> producedId=51 frameNumber=21
2025-02-27 20:51:46.672  1216-1754  EGL_emulation           com...le.android.apps.nexuslauncher  D  app_time_stats: avg=15.29ms min=0.71ms max=254.60ms count=46
2025-02-27 20:51:46.686   403-403   SurfaceFlinger          surfaceflinger                       E  Out of order buffers detected for RequestedLayerState{com.google.android.apps.nexuslauncher/com.google.android.apps.nexuslauncher.NexusLauncherActivity#910 parentId=118} producedId=51 frameNumber=191 -> producedId=51 frameNumber=22
2025-02-27 20:51:46.700   403-403   SurfaceFlinger          surfaceflinger                       E  Out of order buffers detected for RequestedLayerState{com.google.android.apps.nexuslauncher/com.google.android.apps.nexuslauncher.NexusLauncherActivity#910 parentId=118} producedId=51 frameNumber=191 -> producedId=51 frameNumber=23
2025-02-27 20:51:46.719   403-403   SurfaceFlinger          surfaceflinger                       E  Out of order buffers detected for RequestedLayerState{com.google.android.apps.nexuslauncher/com.google.android.apps.nexuslauncher.NexusLauncherActivity#910 parentId=118} producedId=51 frameNumber=191 -> producedId=51 frameNumber=24
2025-02-27 20:51:46.734   403-403   SurfaceFlinger          surfaceflinger                       E  Out of order buffers detected for RequestedLayerState{com.google.android.apps.nexuslauncher/com.google.android.apps.nexuslauncher.NexusLauncherActivity#910 parentId=118} producedId=51 frameNumber=191 -> producedId=51 frameNumber=25
2025-02-27 20:51:46.750   403-403   SurfaceFlinger          surfaceflinger                       E  Out of order buffers detected for RequestedLayerState{com.google.android.apps.nexuslauncher/com.google.android.apps.nexuslauncher.NexusLauncherActivity#910 parentId=118} producedId=51 frameNumber=191 -> producedId=51 frameNumber=26
2025-02-27 20:51:46.768   403-403   SurfaceFlinger          surfaceflinger                       E  Out of order buffers detected for RequestedLayerState{com.google.android.apps.nexuslauncher/com.google.android.apps.nexuslauncher.NexusLauncherActivity#910 parentId=118} producedId=51 frameNumber=191 -> producedId=51 frameNumber=27
2025-02-27 20:51:46.779   580-601   ActivityTaskManager     system_server                        W  Activity top resumed state loss timeout for ActivityRecord{3868c91 u0 com.mgiallourakis.reactnativemathexpo/.MainActivity t65 f} isExiting}
2025-02-27 20:51:46.783   403-403   SurfaceFlinger          surfaceflinger                       E  Out of order buffers detected for RequestedLayerState{com.google.android.apps.nexuslauncher/com.google.android.apps.nexuslauncher.NexusLauncherActivity#910 parentId=118} producedId=51 frameNumber=191 -> producedId=51 frameNumber=28
2025-02-27 20:51:46.800   403-403   SurfaceFlinger          surfaceflinger                       E  Out of order buffers detected for RequestedLayerState{com.google.android.apps.nexuslauncher/com.google.android.apps.nexuslauncher.NexusLauncherActivity#910 parentId=118} producedId=51 frameNumber=191 -> producedId=51 frameNumber=29
2025-02-27 20:51:46.817   403-403   SurfaceFlinger          surfaceflinger                       E  Out of order buffers detected for RequestedLayerState{com.google.android.apps.nexuslauncher/com.google.android.apps.nexuslauncher.NexusLauncherActivity#910 parentId=118} producedId=51 frameNumber=191 -> producedId=51 frameNumber=30
2025-02-27 20:51:46.834   403-403   SurfaceFlinger          surfaceflinger                       E  Out of order buffers detected for RequestedLayerState{com.google.android.apps.nexuslauncher/com.google.android.apps.nexuslauncher.NexusLauncherActivity#910 parentId=118} producedId=51 frameNumber=191 -> producedId=51 frameNumber=31
2025-02-27 20:51:46.850   403-403   SurfaceFlinger          surfaceflinger                       E  Out of order buffers detected for RequestedLayerState{com.google.android.apps.nexuslauncher/com.google.android.apps.nexuslauncher.NexusLauncherActivity#910 parentId=118} producedId=51 frameNumber=191 -> producedId=51 frameNumber=32
2025-02-27 20:51:46.868   403-403   SurfaceFlinger          surfaceflinger                       E  Out of order buffers detected for RequestedLayerState{com.google.android.apps.nexuslauncher/com.google.android.apps.nexuslauncher.NexusLauncherActivity#910 parentId=118} producedId=51 frameNumber=191 -> producedId=51 frameNumber=33
2025-02-27 20:51:46.884   403-403   SurfaceFlinger          surfaceflinger                       E  Out of order buffers detected for RequestedLayerState{com.google.android.apps.nexuslauncher/com.google.android.apps.nexuslauncher.NexusLauncherActivity#910 parentId=118} producedId=51 frameNumber=191 -> producedId=51 frameNumber=34
2025-02-27 20:51:46.900   403-403   SurfaceFlinger          surfaceflinger                       E  Out of order buffers detected for RequestedLayerState{com.google.android.apps.nexuslauncher/com.google.android.apps.nexuslauncher.NexusLauncherActivity#910 parentId=118} producedId=51 frameNumber=191 -> producedId=51 frameNumber=35
2025-02-27 20:51:46.900  1216-1216  SsBaseTemplateCard      com...le.android.apps.nexuslauncher  D  No text view can be set up
2025-02-27 20:51:46.900  1216-1216  SsBaseTemplateCard      com...le.android.apps.nexuslauncher  D  Passed-in item info is null
2025-02-27 20:51:46.900  1216-1216  SsBaseTemplateCard      com...le.android.apps.nexuslauncher  D  Passed-in item info is null
2025-02-27 20:51:46.900  1216-1216  SsBaseTemplateCard      com...le.android.apps.nexuslauncher  D  Passed-in item info is null
2025-02-27 20:51:46.900  1216-1216  SsBaseTemplateCard      com...le.android.apps.nexuslauncher  I  Secondary card pane is null
2025-02-27 20:51:46.901   974-1026  WindowManagerShell      com.android.systemui                 V  Transition animation finished (aborted=false), notifying core (#145) android.os.BinderProxy@9152c1@0
2025-02-27 20:51:46.902   580-598   WindowManager           system_server                        V  Finish Transition (#145): created at 02-27 20:51:46.278 collect-started=0.028ms request-sent=0.07ms started=1.662ms ready=6.815ms sent=26.769ms finished=623.644ms
2025-02-27 20:51:46.903   974-1026  WindowManagerShell      com.android.systemui                 V  Track 0 became idle
2025-02-27 20:51:46.903   974-1026  WindowManagerShell      com.android.systemui                 V  All active transition animations finished
2025-02-27 20:51:46.904   580-1506  UserManagerService      system_server                        W  Requested status bar icon for non-badged user 0
2025-02-27 20:51:46.905  1216-1216  TopTaskTracker          com...le.android.apps.nexuslauncher  I  onTaskRemoved: taskId=65
2025-02-27 20:51:46.905  1216-1216  TopTaskTracker          com...le.android.apps.nexuslauncher  I  onTaskRemoved: taskId=65
2025-02-27 20:51:46.906   580-1506  UserManagerService      system_server                        W  Requested status bar icon for non-badged user 0
2025-02-27 20:51:46.917   403-403   SurfaceFlinger          surfaceflinger                       E  Out of order buffers detected for RequestedLayerState{com.google.android.apps.nexuslauncher/com.google.android.apps.nexuslauncher.NexusLauncherActivity#910 parentId=118} producedId=51 frameNumber=191 -> producedId=51 frameNumber=36
2025-02-27 20:51:46.933   403-403   SurfaceFlinger          surfaceflinger                       E  Out of order buffers detected for RequestedLayerState{com.google.android.apps.nexuslauncher/com.google.android.apps.nexuslauncher.NexusLauncherActivity#910 parentId=118} producedId=51 frameNumber=191 -> producedId=51 frameNumber=37
2025-02-27 20:51:46.950   403-403   SurfaceFlinger          surfaceflinger                       E  Out of order buffers detected for RequestedLayerState{com.google.android.apps.nexuslauncher/com.google.android.apps.nexuslauncher.NexusLauncherActivity#910 parentId=118} producedId=51 frameNumber=191 -> producedId=51 frameNumber=38
2025-02-27 20:51:46.967   403-403   SurfaceFlinger          surfaceflinger                       E  Out of order buffers detected for RequestedLayerState{com.google.android.apps.nexuslauncher/com.google.android.apps.nexuslauncher.NexusLauncherActivity#910 parentId=118} producedId=51 frameNumber=191 -> producedId=51 frameNumber=39
2025-02-27 20:51:48.162   713-759   artd                    artd                                 I  Dex parent of /data/app/~~LOfbwYykiY-t8sPAtNLfJw==/com.google.android.gms-OumbGSPif-Ihz0fUFzEMRQ==/base.apk is not writable: Permission denied
2025-02-27 20:51:48.162   713-759   artd                    artd                                 I  GetBestInfo checking odex in dalvik-cache (/data/dalvik-cache/arm64/data@app@~~LOfbwYykiY-t8sPAtNLfJw==@com.google.android.gms-OumbGSPif-Ihz0fUFzEMRQ==@base.apk@classes.dex)
2025-02-27 20:51:48.162   713-759   artd                    artd                                 I  Loading /data/dalvik-cache/arm64/data@app@~~LOfbwYykiY-t8sPAtNLfJw==@com.google.android.gms-OumbGSPif-Ihz0fUFzEMRQ==@base.apk@classes.dex with executable: 0
2025-02-27 20:51:48.162   713-759   artd                    artd                                 I  OatFileAssistant test for existing oat file /data/dalvik-cache/arm64/data@app@~~LOfbwYykiY-t8sPAtNLfJw==@com.google.android.gms-OumbGSPif-Ihz0fUFzEMRQ==@base.apk@classes.dex: File /data/dalvik-cache/arm64/data@app@~~LOfbwYykiY-t8sPAtNLfJw==@com.google.android.gms-OumbGSPif-Ihz0fUFzEMRQ==@base.apk@classes.vdex does not exist.
2025-02-27 20:51:48.162   713-759   artd                    artd                                 I  GetBestInfo checking odex next to the dex file (/data/app/~~LOfbwYykiY-t8sPAtNLfJw==/com.google.android.gms-OumbGSPif-Ihz0fUFzEMRQ==/oat/arm64/base.odex)
2025-02-27 20:51:48.162   713-759   artd                    artd                                 I  Loading /data/app/~~LOfbwYykiY-t8sPAtNLfJw==/com.google.android.gms-OumbGSPif-Ihz0fUFzEMRQ==/oat/arm64/base.odex with executable: 0
2025-02-27 20:51:48.163   713-759   artd                    artd                                 I  Successfully loaded /data/app/~~LOfbwYykiY-t8sPAtNLfJw==/com.google.android.gms-OumbGSPif-Ihz0fUFzEMRQ==/oat/arm64/base.odex with executable: 0
2025-02-27 20:51:48.163   713-759   artd                    artd                                 I  /data/app/~~LOfbwYykiY-t8sPAtNLfJw==/com.google.android.gms-OumbGSPif-Ihz0fUFzEMRQ==/oat/arm64/base.odex is kOatUpToDate with filter speed-profile
2025-02-27 20:51:48.164   713-759   artd                    artd                                 I  Dex parent of /data/app/~~LOfbwYykiY-t8sPAtNLfJw==/com.google.android.gms-OumbGSPif-Ihz0fUFzEMRQ==/split_CronetDynamite_installtime.apk is not writable: Permission denied
2025-02-27 20:51:48.164   713-759   artd                    artd                                 I  GetBestInfo checking odex in dalvik-cache (/data/dalvik-cache/arm64/data@app@~~LOfbwYykiY-t8sPAtNLfJw==@com.google.android.gms-OumbGSPif-Ihz0fUFzEMRQ==@split_CronetDynamite_installtime.apk@classes.dex)
2025-02-27 20:51:48.164   713-759   artd                    artd                                 I  Loading /data/dalvik-cache/arm64/data@app@~~LOfbwYykiY-t8sPAtNLfJw==@com.google.android.gms-OumbGSPif-Ihz0fUFzEMRQ==@split_CronetDynamite_installtime.apk@classes.dex with executable: 0
