2025-02-27 20:55:41.934   403-403   SurfaceFlinger          surfaceflinger                       E  Out of order buffers detected for RequestedLayerState{com.google.android.apps.nexuslauncher/com.google.android.apps.nexuslauncher.NexusLauncherActivity#910 parentId=118} producedId=51 frameNumber=191 -> producedId=51 frameNumber=115
2025-02-27 20:55:41.936 22135-22135 nativeloader            pid-22135                            D  Load libframework-connectivity-tiramisu-jni.so using APEX ns com_android_tethering for caller /apex/com.android.tethering/javalib/framework-connectivity-t.jar: ok
2025-02-27 20:55:41.939   580-598   WindowManager           system_server                        V  Sent Transition (#146) createdAt=02-27 20:55:41.820 via request=TransitionRequestInfo { type = OPEN, triggerTask = TaskInfo{userId=0 taskId=66 displayId=0 isRunning=true baseIntent=Intent { act=android.intent.action.VIEW dat=com.mgiallourakis.reactnativemathexpo://expo-development-client/... flg=0x10000000 cmp=com.mgiallourakis.reactnativemathexpo/.MainActivity } baseActivity=ComponentInfo{com.mgiallourakis.reactnativemathexpo/com.mgiallourakis.reactnativemathexpo.MainActivity} topActivity=ComponentInfo{com.mgiallourakis.reactnativemathexpo/com.mgiallourakis.reactnativemathexpo.MainActivity} origActivity=null realActivity=ComponentInfo{com.mgiallourakis.reactnativemathexpo/com.mgiallourakis.reactnativemathexpo.MainActivity} numActivities=1 lastActiveTime=22543363 supportsMultiWindow=true resizeMode=1 isResizeable=true minWidth=-1 minHeight=-1 defaultMinSize=220 token=WCT{RemoteToken{9293e3e Task{18c2a24 #66 type=standard A=10207:com.mgiallourakis.reactnativemathexpo}}} topActivityType=1 pictureInPictureParams=null shouldDockBigOverlays=false launchIntoPipHostTaskId=-1 lastParentTaskIdBeforePip=-1 displayCutoutSafeInsets=Rect(0, 136 - 0, 0) topActivityInfo=ActivityInfo{97a949f com.mgiallourakis.reactnativemathexpo.MainActivity} launchCookies=[] positionInParent=Point(0, 0) parentTaskId=-1 isFocused=false isVisible=false isVisibleRequested=false isSleeping=false locusId=null displayAreaFeatureId=1 isTopActivityTransparent=false appCompatTaskInfo=AppCompatTaskInfo { topActivityInSizeCompat=false topActivityEligibleForLetterboxEducation= falseisLetterboxEducationEnabled= true isLetterboxDoubleTapEnabled= true topActivityEligibleForUserAspectRatioButton= true topActivityBoundsLetterboxed= true isFromLetterboxDoubleTap= false topActivityLetterboxVerticalPosition= -1 topActivityLetterboxHorizontalPosition= 1 topActivityLetterboxWidth=1454 topActivityLetterboxHeight=2152 isUserFullscreenOverrideEnabled=false isSystemFullscreenOverrideEnabled=false cameraCompatTaskInfo=CameraCompatTaskInfo { cameraCompatControlState=hidden freeformCameraCompatMode=inactive}}}, pipTask = null, remoteTransition = null, displayChange = null, flags = 0, debugId = 146 }
2025-02-27 20:55:41.939   580-598   WindowManager           system_server                        V      startWCT=WindowContainerTransaction { changes = {} hops = [] errorCallbackToken=null taskFragmentOrganizer=null }
2025-02-27 20:55:41.939   580-598   WindowManager           system_server                        V      info={id=146 t=OPEN f=0x0 trk=0 r=[0@Point(0, 0)] c=[
                                                                                                            {WCT{RemoteToken{9293e3e Task{18c2a24 #66 type=standard A=10207:com.mgiallourakis.reactnativemathexpo}}} m=OPEN f=NONE leash=Surface(name=Task=66)/@0xb8971c0 sb=Rect(0, 0 - 2076, 2152) eb=Rect(0, 0 - 2076, 2152) d=0 taskParent=-1},
                                                                                                            {WCT{RemoteToken{6d7e0c Task{533e56b #1 type=home}}} m=TO_BACK f=SHOW_WALLPAPER leash=Surface(name=Task=1)/@0x93b5f24 sb=Rect(0, 0 - 2076, 2152) eb=Rect(0, 0 - 2076, 2152) d=0 taskParent=-1}
                                                                                                        ]}
2025-02-27 20:55:41.942  1216-1754  EGL_emulation           com...le.android.apps.nexuslauncher  D  app_time_stats: avg=251.28ms min=6.81ms max=963.76ms count=4
2025-02-27 20:55:41.945   580-1776  UserManagerService      system_server                        W  Requested status bar icon for non-badged user 0
2025-02-27 20:55:41.950   403-403   SurfaceFlinger          surfaceflinger                       E  Out of order buffers detected for RequestedLayerState{com.google.android.apps.nexuslauncher/com.google.android.apps.nexuslauncher.NexusLauncherActivity#910 parentId=118} producedId=51 frameNumber=191 -> producedId=51 frameNumber=116
2025-02-27 20:55:41.952   974-4391  WindowManagerShell      com.android.systemui                 V  onTransitionReady(transaction=2491081037261)
2025-02-27 20:55:41.961 22135-22135 CompatChangeReporter    pid-22135                            D  Compat change id reported: 242716250; UID 10207; state: ENABLED
2025-02-27 20:55:41.967   403-403   SurfaceFlinger          surfaceflinger                       E  Out of order buffers detected for RequestedLayerState{com.google.android.apps.nexuslauncher/com.google.android.apps.nexuslauncher.NexusLauncherActivity#910 parentId=118} producedId=51 frameNumber=191 -> producedId=51 frameNumber=117
2025-02-27 20:55:41.974   974-1026  WindowManagerShell      com.android.systemui                 V  onTransitionReady (#146) android.os.BinderProxy@ba10ff7: {id=146 t=OPEN f=0x0 trk=0 r=[0@Point(0, 0)] c=[{WCT{android.window.IWindowContainerToken$Stub$Proxy@fa668a} m=OPEN f=NONE leash=Surface(name=Task=66)/@0x5be883 sb=Rect(0, 0 - 2076, 2152) eb=Rect(0, 0 - 2076, 2152) d=0 taskParent=-1},{WCT{android.window.IWindowContainerToken$Stub$Proxy@e97e4fb} m=TO_BACK f=SHOW_WALLPAPER leash=Surface(name=Task=1)/@0x4c1a00 sb=Rect(0, 0 - 2076, 2152) eb=Rect(0, 0 - 2076, 2152) d=0 taskParent=-1}]}
2025-02-27 20:55:41.976   974-1092  EGL_emulation           com.android.systemui                 D  app_time_stats: avg=26063.96ms min=26063.96ms max=26063.96ms count=1
2025-02-27 20:55:41.981   974-1026  WindowManagerShell      com.android.systemui                 V  Playing animation for (#146) android.os.BinderProxy@ba10ff7@0
2025-02-27 20:55:41.981   974-1026  WindowManagerShell      com.android.systemui                 V   try handler com.android.wm.shell.transition.DefaultMixedHandler@324932d
2025-02-27 20:55:41.981   974-1026  WindowManagerShell      com.android.systemui                 V   try handler com.android.wm.shell.keyguard.KeyguardTransitionHandler@d389062
2025-02-27 20:55:41.981   974-1026  WindowManagerShell      com.android.systemui                 V   try handler com.android.wm.shell.pip.PipTransition@adf85f3
2025-02-27 20:55:41.981   974-1026  WindowManagerShell      com.android.systemui                 V   try handler com.android.wm.shell.activityembedding.ActivityEmbeddingController@8ee42b0
2025-02-27 20:55:41.981   974-1026  WindowManagerShell      com.android.systemui                 V   try handler com.android.wm.shell.recents.RecentsTransitionHandler@9e43529
2025-02-27 20:55:41.981   974-1026  ShellRecents            com.android.systemui                 V  RecentsTransitionHandler.startAnimation: no controller found
2025-02-27 20:55:41.981   974-1026  WindowManagerShell      com.android.systemui                 V   try handler com.android.wm.shell.splitscreen.StageCoordinator@51350ae
2025-02-27 20:55:41.981   974-1026  WindowManagerShell      com.android.systemui                 V   try handler com.android.wm.shell.transition.RemoteTransitionHandler@628e4f
2025-02-27 20:55:41.981   974-1026  WindowManagerShell      com.android.systemui                 V  Transition doesn't have explicit remote, search filters for match for {id=146 t=OPEN f=0x0 trk=0 r=[0@Point(0, 0)] c=[{WCT{android.window.IWindowContainerToken$Stub$Proxy@fa668a} m=OPEN f=NONE leash=Surface(name=Task=66)/@0x5be883 sb=Rect(0, 0 - 2076, 2152) eb=Rect(0, 0 - 2076, 2152) d=0 taskParent=-1},{WCT{android.window.IWindowContainerToken$Stub$Proxy@e97e4fb} m=TO_BACK f=SHOW_WALLPAPER leash=Surface(name=Task=1)/@0x4c1a00 sb=Rect(0, 0 - 2076, 2152) eb=Rect(0, 0 - 2076, 2152) d=0 taskParent=-1}]}
2025-02-27 20:55:41.981   974-1026  WindowManagerShell      com.android.systemui                 V   Checking filter Pair{{types=[] flags=0x0] notFlags=0x0 checks=[{atype=undefined independent=true modes=[OPEN,TO_FRONT] flags=IN_TASK_WITH_EMBEDDED_ACTIVITY mustBeTask=false order=ANY topActivity=ComponentInfo{com.google.android.apps.nexuslauncher/com.google.android.apps.nexuslauncher.NexusLauncherActivity} launchCookie=null},{atype=undefined independent=true modes=[CLOSE,TO_BACK] flags=IN_TASK_WITH_EMBEDDED_ACTIVITY mustBeTask=false order=ANY topActivity=null launchCookie=null}]} RemoteTransition { remoteTransition = android.window.IRemoteTransition$Stub$Proxy@7742bc, appThread = android.app.IApplicationThread$Stub$Proxy@284e245, debugName = OverlaySwipeBack }}
2025-02-27 20:55:41.981   974-1026  WindowManagerShell      com.android.systemui                 V   Checking filter Pair{{types=[] flags=0x0] notFlags=0x0 checks=[{atype=dream independent=true modes=[OPEN,TO_FRONT] flags=NONE mustBeTask=false order=ANY topActivity=null launchCookie=null},{atype=home independent=true modes=[CLOSE,TO_BACK] flags=NONE mustBeTask=false order=ANY topActivity=null launchCookie=null}]} RemoteTransition { remoteTransition = android.window.IRemoteTransition$Stub$Proxy@d58b0c1, appThread = android.app.IApplicationThread$Stub$Proxy@ae44066, debugName = LauncherToDream }}
2025-02-27 20:55:41.981   974-1026  WindowManagerShell      com.android.systemui                 V   Checking filter Pair{{types=[] flags=0x0] notFlags=0x100 checks=[{atype=home independent=true modes=[OPEN,TO_FRONT] flags=NONE mustBeTask=false order=TOP topActivity=ComponentInfo{com.google.android.apps.nexuslauncher/com.google.android.apps.nexuslauncher.NexusLauncherActivity} launchCookie=null},{atype=standard independent=true modes=[CLOSE,TO_BACK] flags=NONE mustBeTask=false order=ANY topActivity=null launchCookie=null}]} RemoteTransition { remoteTransition = android.window.IRemoteTransition$Stub$Proxy@3b2afa7, appThread = android.app.IApplicationThread$Stub$Proxy@6c3dc54, debugName = QuickstepLaunchHome }}
2025-02-27 20:55:41.981   974-1026  WindowManagerShell      com.android.systemui                 V   Delegate animation for (#146) to null
2025-02-27 20:55:41.981   974-1026  WindowManagerShell      com.android.systemui                 V   try handler com.android.wm.shell.transition.DefaultTransitionHandler@16cd9dc
2025-02-27 20:55:41.981   974-1026  WindowManagerShell      com.android.systemui                 V  start default transition animation, info = {id=146 t=OPEN f=0x0 trk=0 r=[0@Point(0, 0)] c=[{WCT{android.window.IWindowContainerToken$Stub$Proxy@fa668a} m=OPEN f=NONE leash=Surface(name=Task=66)/@0x5be883 sb=Rect(0, 0 - 2076, 2152) eb=Rect(0, 0 - 2076, 2152) d=0 taskParent=-1},{WCT{android.window.IWindowContainerToken$Stub$Proxy@e97e4fb} m=TO_BACK f=SHOW_WALLPAPER leash=Surface(name=Task=1)/@0x4c1a00 sb=Rect(0, 0 - 2076, 2152) eb=Rect(0, 0 - 2076, 2152) d=0 taskParent=-1}]}
2025-02-27 20:55:41.981   974-1026  WindowManagerShell      com.android.systemui                 V  loadAnimation: anim=android.view.animation.AnimationSet@cbdff71 animAttr=0x13 type=OPEN isEntrance=false
2025-02-27 20:55:41.982   974-1026  WindowManagerShell      com.android.systemui                 V  loadAnimation: anim=android.view.animation.AnimationSet@b6221ad animAttr=0x12 type=OPEN isEntrance=true
2025-02-27 20:55:41.982   974-1026  WindowManagerShell      com.android.systemui                 V   animated by com.android.wm.shell.transition.DefaultTransitionHandler@16cd9dc
2025-02-27 20:55:41.983   403-403   SurfaceFlinger          surfaceflinger                       E  Out of order buffers detected for RequestedLayerState{com.google.android.apps.nexuslauncher/com.google.android.apps.nexuslauncher.NexusLauncherActivity#910 parentId=118} producedId=51 frameNumber=191 -> producedId=51 frameNumber=118
2025-02-27 20:55:41.988 22135-22135 ziparchive              pid-22135                            W  Unable to open '/data/app/~~0oYmWD5XJ7B6A1v8Di-bvw==/com.mgiallourakis.reactnativemathexpo-KsHQ__Cgwf49FeymZnNO4g==/base.dm': No such file or directory
2025-02-27 20:55:41.988 22135-22135 ziparchive              pid-22135                            W  Unable to open '/data/app/~~0oYmWD5XJ7B6A1v8Di-bvw==/com.mgiallourakis.reactnativemathexpo-KsHQ__Cgwf49FeymZnNO4g==/base.dm': No such file or directory
2025-02-27 20:55:42.001   403-403   SurfaceFlinger          surfaceflinger                       E  Out of order buffers detected for RequestedLayerState{com.google.android.apps.nexuslauncher/com.google.android.apps.nexuslauncher.NexusLauncherActivity#910 parentId=118} producedId=51 frameNumber=191 -> producedId=51 frameNumber=119
2025-02-27 20:55:42.007  1216-1754  EGL_emulation           com...le.android.apps.nexuslauncher  D  app_time_stats: avg=2552.55ms min=6.85ms max=48037.80ms count=19
2025-02-27 20:55:42.017   379-529   RanchuHwc               and...hics.composer3-service.ranchu  I  logCompositionFallbackIfChanged: layer 234 CompositionType fallback from 2 to 1
2025-02-27 20:55:42.017   379-529   RanchuHwc               and...hics.composer3-service.ranchu  I  logCompositionFallbackIfChanged: layer 236 CompositionType fallback from 3 to 1
2025-02-27 20:55:42.034   403-403   SurfaceFlinger          surfaceflinger                       E  Out of order buffers detected for RequestedLayerState{com.google.android.apps.nexuslauncher/com.google.android.apps.nexuslauncher.NexusLauncherActivity#910 parentId=118} producedId=51 frameNumber=191 -> producedId=51 frameNumber=120
2025-02-27 20:55:42.268   974-1026  WindowManagerShell      com.android.systemui                 V  Transition animation finished (aborted=false), notifying core (#146) android.os.BinderProxy@ba10ff7@0
2025-02-27 20:55:42.269   580-598   WindowManager           system_server                        V  Finish Transition (#146): created at 02-27 20:55:41.820 collect-started=0.015ms request-sent=3.869ms started=6.197ms ready=85.416ms sent=109.781ms finished=448.089ms
2025-02-27 20:55:42.270  1216-1216  VRI[NexusL...rActivity] com...le.android.apps.nexuslauncher  D  visibilityChanged oldVisibility=true newVisibility=false
2025-02-27 20:55:42.270   974-1026  WindowManagerShell      com.android.systemui                 V  Track 0 became idle
2025-02-27 20:55:42.270   974-1026  WindowManagerShell      com.android.systemui                 V  All active transition animations finished
2025-02-27 20:55:42.271   580-3221  UserManagerService      system_server                        W  Requested status bar icon for non-badged user 0
2025-02-27 20:55:42.272   580-3221  UserManagerService      system_server                        W  Requested status bar icon for non-badged user 0
2025-02-27 20:55:42.274 22135-22135 nativeloader            com...llourakis.reactnativemathexpo  D  Configuring clns-7 for other apk /data/app/~~0oYmWD5XJ7B6A1v8Di-bvw==/com.mgiallourakis.reactnativemathexpo-KsHQ__Cgwf49FeymZnNO4g==/base.apk. target_sdk_version=34, uses_libraries=, library_path=/data/app/~~0oYmWD5XJ7B6A1v8Di-bvw==/com.mgiallourakis.reactnativemathexpo-KsHQ__Cgwf49FeymZnNO4g==/lib/arm64:/data/app/~~0oYmWD5XJ7B6A1v8Di-bvw==/com.mgiallourakis.reactnativemathexpo-KsHQ__Cgwf49FeymZnNO4g==/base.apk!/lib/arm64-v8a, permitted_path=/data:/mnt/expand:/data/user/0/com.mgiallourakis.reactnativemathexpo
2025-02-27 20:55:42.280 22135-22135 GraphicsEnvironment     com...llourakis.reactnativemathexpo  V  Currently set values for:
2025-02-27 20:55:42.280 22135-22135 GraphicsEnvironment     com...llourakis.reactnativemathexpo  V    angle_gl_driver_selection_pkgs=[]
2025-02-27 20:55:42.280 22135-22135 GraphicsEnvironment     com...llourakis.reactnativemathexpo  V    angle_gl_driver_selection_values=[]
2025-02-27 20:55:42.280 22135-22135 GraphicsEnvironment     com...llourakis.reactnativemathexpo  V  Global.Settings values are invalid: number of packages: 0, number of values: 0
2025-02-27 20:55:42.280 22135-22135 GraphicsEnvironment     com...llourakis.reactnativemathexpo  V  Neither updatable production driver nor prerelease driver is supported.
2025-02-27 20:55:42.284  1216-1216  NexusLaunc...elDelegate com...le.android.apps.nexuslauncher  D  notifySmartspaceEvent: SmartspaceTargetEvent{mSmartspaceTarget=null, mSmartspaceActionId='null', mEventType=7}
2025-02-27 20:55:42.343 22135-22135 SoLoader                com...llourakis.reactnativemathexpo  W  Initializing SoLoader: 0
2025-02-27 20:55:42.343 22135-22135 SoLoader                com...llourakis.reactnativemathexpo  W  Recording new base apk path: /data/app/~~0oYmWD5XJ7B6A1v8Di-bvw==/com.mgiallourakis.reactnativemathexpo-KsHQ__Cgwf49FeymZnNO4g==/base.apk
                                                                                                    Previously recorded 0 base apk paths.
2025-02-27 20:55:42.345 22135-22135 SoLoader                com...llourakis.reactnativemathexpo  I  Preparing SO source: DirectorySoSource[root = /vendor/lib64 flags = 2]
2025-02-27 20:55:42.345 22135-22135 SoLoader                com...llourakis.reactnativemathexpo  I  Preparing SO source: DirectorySoSource[root = /system/lib64 flags = 2]
2025-02-27 20:55:42.345 22135-22135 SoLoader                com...llourakis.reactnativemathexpo  I  Preparing SO source: DirectApkSoSource[root = [/data/app/~~0oYmWD5XJ7B6A1v8Di-bvw==/com.mgiallourakis.reactnativemathexpo-KsHQ__Cgwf49FeymZnNO4g==/base.apk!/lib/arm64-v8a]]
2025-02-27 20:55:42.370 22135-22135 SoLoader                com...llourakis.reactnativemathexpo  I  Preparing SO source: ApplicationSoSource[DirectorySoSource[root = /data/app/~~0oYmWD5XJ7B6A1v8Di-bvw==/com.mgiallourakis.reactnativemathexpo-KsHQ__Cgwf49FeymZnNO4g==/lib/arm64 flags = 0]]
2025-02-27 20:55:42.371 22135-22135 SoLoader                com...llourakis.reactnativemathexpo  I  init finish: 4 SO sources prepared
2025-02-27 20:55:42.371 22135-22135 SoLoader                com...llourakis.reactnativemathexpo  W  SoLoader initialized: 8
2025-02-27 20:55:42.374   580-3221  OptProp                 system_server                        W  Cannot read opt property android.window.PROPERTY_COMPAT_ENABLE_FAKE_FOCUS
2025-02-27 20:55:42.404 22135-22135 AppCompatDelegate       com...llourakis.reactnativemathexpo  D  Checking for metadata for AppLocalesMetadataHolderService : Service not found
2025-02-27 20:55:42.425 22135-22135 tnativemathexpo         com...llourakis.reactnativemathexpo  W  Accessing hidden method Landroid/view/ViewGroup;->makeOptionalFitsSystemWindows()V (unsupported, reflection, allowed)
2025-02-27 20:55:42.441 22135-22135 NitroMathOnLoad         com...llourakis.reactnativemathexpo  I  Loading NitroMath C++ library...
2025-02-27 20:55:42.447 22135-22135 linker                  com...llourakis.reactnativemathexpo  W  Warning: "/data/app/~~0oYmWD5XJ7B6A1v8Di-bvw==/com.mgiallourakis.reactnativemathexpo-KsHQ__Cgwf49FeymZnNO4g==/base.apk!/lib/arm64-v8a/libNitroMath.so" unused DT entry: unknown (type 0xbc030 arg 0xbc030) (ignoring)
2025-02-27 20:55:42.447 22135-22135 linker                  com...llourakis.reactnativemathexpo  W  Warning: "/data/app/~~0oYmWD5XJ7B6A1v8Di-bvw==/com.mgiallourakis.reactnativemathexpo-KsHQ__Cgwf49FeymZnNO4g==/base.apk!/lib/arm64-v8a/libNitroMath.so" unused DT entry: unknown (type 0xbc030 arg 0xbc030) (ignoring)
2025-02-27 20:55:42.447 22135-22135 linker                  com...llourakis.reactnativemathexpo  W  Warning: "/data/app/~~0oYmWD5XJ7B6A1v8Di-bvw==/com.mgiallourakis.reactnativemathexpo-KsHQ__Cgwf49FeymZnNO4g==/base.apk!/lib/arm64-v8a/libNitroMath.so" unused DT entry: unknown (type 0xbc030 arg 0xbc030) (ignoring)
2025-02-27 20:55:42.447 22135-22135 linker                  com...llourakis.reactnativemathexpo  W  Warning: "/data/app/~~0oYmWD5XJ7B6A1v8Di-bvw==/com.mgiallourakis.reactnativemathexpo-KsHQ__Cgwf49FeymZnNO4g==/base.apk!/lib/arm64-v8a/libNitroMath.so" unused DT entry: unknown (type 0xbc030 arg 0xbc030) (ignoring)
2025-02-27 20:55:42.447 22135-22135 linker                  com...llourakis.reactnativemathexpo  W  Warning: "/data/app/~~0oYmWD5XJ7B6A1v8Di-bvw==/com.mgiallourakis.reactnativemathexpo-KsHQ__Cgwf49FeymZnNO4g==/base.apk!/lib/arm64-v8a/libNitroMath.so" unused DT entry: unknown (type 0xbc030 arg 0xbc030) (ignoring)
2025-02-27 20:55:42.447 22135-22135 linker                  com...llourakis.reactnativemathexpo  W  Warning: "/data/app/~~0oYmWD5XJ7B6A1v8Di-bvw==/com.mgiallourakis.reactnativemathexpo-KsHQ__Cgwf49FeymZnNO4g==/base.apk!/lib/arm64-v8a/libNitroMath.so" unused DT entry: unknown (type 0xbc030 arg 0xbc030) (ignoring)
2025-02-27 20:55:42.447 22135-22135 linker                  com...llourakis.reactnativemathexpo  W  Warning: "/data/app/~~0oYmWD5XJ7B6A1v8Di-bvw==/com.mgiallourakis.reactnativemathexpo-KsHQ__Cgwf49FeymZnNO4g==/base.apk!/lib/arm64-v8a/libNitroMath.so" unused DT entry: unknown (type 0xbc030 arg 0xbc030) (ignoring)
2025-02-27 20:55:42.447 22135-22135 linker                  com...llourakis.reactnativemathexpo  W  Warning: "/data/app/~~0oYmWD5XJ7B6A1v8Di-bvw==/com.mgiallourakis.reactnativemathexpo-KsHQ__Cgwf49FeymZnNO4g==/base.apk!/lib/arm64-v8a/libNitroMath.so" unused DT entry: unknown (type 0xbc030 arg 0xbc030) (ignoring)
2025-02-27 20:55:42.447 22135-22135 linker                  com...llourakis.reactnativemathexpo  W  Warning: "/data/app/~~0oYmWD5XJ7B6A1v8Di-bvw==/com.mgiallourakis.reactnativemathexpo-KsHQ__Cgwf49FeymZnNO4g==/base.apk!/lib/arm64-v8a/libNitroMath.so" unused DT entry: unknown (type 0xbc030 arg 0xbc030) (ignoring)
2025-02-27 20:55:42.447 22135-22135 linker                  com...llourakis.reactnativemathexpo  W  Warning: "/data/app/~~0oYmWD5XJ7B6A1v8Di-bvw==/com.mgiallourakis.reactnativemathexpo-KsHQ__Cgwf49FeymZnNO4g==/base.apk!/lib/arm64-v8a/libNitroMath.so" unused DT entry: unknown (type 0xbc030 arg 0xbc030) (ignoring)
2025-02-27 20:55:42.447 22135-22135 linker                  com...llourakis.reactnativemathexpo  W  Warning: "/data/app/~~0oYmWD5XJ7B6A1v8Di-bvw==/com.mgiallourakis.reactnativemathexpo-KsHQ__Cgwf49FeymZnNO4g==/base.apk!/lib/arm64-v8a/libNitroMath.so" unused DT entry: unknown (type 0xbc030 arg 0xbc030) (ignoring)
2025-02-27 20:55:42.447 22135-22135 linker                  com...llourakis.reactnativemathexpo  W  Warning: "/data/app/~~0oYmWD5XJ7B6A1v8Di-bvw==/com.mgiallourakis.reactnativemathexpo-KsHQ__Cgwf49FeymZnNO4g==/base.apk!/lib/arm64-v8a/libNitroMath.so" unused DT entry: unknown (type 0xbc030 arg 0xbc030) (ignoring)
2025-02-27 20:55:42.447 22135-22135 linker                  com...llourakis.reactnativemathexpo  W  Warning: "/data/app/~~0oYmWD5XJ7B6A1v8Di-bvw==/com.mgiallourakis.reactnativemathexpo-KsHQ__Cgwf49FeymZnNO4g==/base.apk!/lib/arm64-v8a/libNitroMath.so" unused DT entry: unknown (type 0xbc030 arg 0xbc030) (ignoring)
2025-02-27 20:55:42.447 22135-22135 linker                  com...llourakis.reactnativemathexpo  W  Warning: "/data/app/~~0oYmWD5XJ7B6A1v8Di-bvw==/com.mgiallourakis.reactnativemathexpo-KsHQ__Cgwf49FeymZnNO4g==/base.apk!/lib/arm64-v8a/libNitroMath.so" unused DT entry: unknown (type 0xbc030 arg 0xbc030) (ignoring)
2025-02-27 20:55:42.447 22135-22135 linker                  com...llourakis.reactnativemathexpo  W  Warning: "/data/app/~~0oYmWD5XJ7B6A1v8Di-bvw==/com.mgiallourakis.reactnativemathexpo-KsHQ__Cgwf49FeymZnNO4g==/base.apk!/lib/arm64-v8a/libNitroMath.so" unused DT entry: unknown (type 0xbc030 arg 0xbc030) (ignoring)
2025-02-27 20:55:42.447 22135-22135 linker                  com...llourakis.reactnativemathexpo  W  Warning: "/data/app/~~0oYmWD5XJ7B6A1v8Di-bvw==/com.mgiallourakis.reactnativemathexpo-KsHQ__Cgwf49FeymZnNO4g==/base.apk!/lib/arm64-v8a/libNitroMath.so" unused DT entry: unknown (type 0xbc030 arg 0xbc030) (ignoring)
2025-02-27 20:55:42.447 22135-22135 linker                  com...llourakis.reactnativemathexpo  W  Warning: "/data/app/~~0oYmWD5XJ7B6A1v8Di-bvw==/com.mgiallourakis.reactnativemathexpo-KsHQ__Cgwf49FeymZnNO4g==/base.apk!/lib/arm64-v8a/libNitroMath.so" unused DT entry: unknown (type 0xbc030 arg 0xbc030) (ignoring)
2025-02-27 20:55:42.447 22135-22135 linker                  com...llourakis.reactnativemathexpo  W  Warning: "/data/app/~~0oYmWD5XJ7B6A1v8Di-bvw==/com.mgiallourakis.reactnativemathexpo-KsHQ__Cgwf49FeymZnNO4g==/base.apk!/lib/arm64-v8a/libNitroMath.so" unused DT entry: unknown (type 0xbc030 arg 0xbc030) (ignoring)
2025-02-27 20:55:42.447 22135-22135 linker                  com...llourakis.reactnativemathexpo  W  Warning: "/data/app/~~0oYmWD5XJ7B6A1v8Di-bvw==/com.mgiallourakis.reactnativemathexpo-KsHQ__Cgwf49FeymZnNO4g==/base.apk!/lib/arm64-v8a/libNitroMath.so" unused DT entry: unknown (type 0xbc030 arg 0xbc030) (ignoring)
2025-02-27 20:55:42.447 22135-22135 linker                  com...llourakis.reactnativemathexpo  W  Warning: "/data/app/~~0oYmWD5XJ7B6A1v8Di-bvw==/com.mgiallourakis.reactnativemathexpo-KsHQ__Cgwf49FeymZnNO4g==/base.apk!/lib/arm64-v8a/libNitroMath.so" unused DT entry: unknown (type 0xbc030 arg 0xbc030) (ignoring)
2025-02-27 20:55:42.447 22135-22135 linker                  com...llourakis.reactnativemathexpo  W  Warning: "/data/app/~~0oYmWD5XJ7B6A1v8Di-bvw==/com.mgiallourakis.reactnativemathexpo-KsHQ__Cgwf49FeymZnNO4g==/base.apk!/lib/arm64-v8a/libNitroMath.so" unused DT entry: unknown (type 0xbc030 arg 0xbc030) (ignoring)
2025-02-27 20:55:42.447 22135-22135 linker                  com...llourakis.reactnativemathexpo  W  Warning: "/data/app/~~0oYmWD5XJ7B6A1v8Di-bvw==/com.mgiallourakis.reactnativemathexpo-KsHQ__Cgwf49FeymZnNO4g==/base.apk!/lib/arm64-v8a/libNitroMath.so" unused DT entry: unknown (type 0xbc030 arg 0xbc030) (ignoring)
2025-02-27 20:55:42.447 22135-22135 linker                  com...llourakis.reactnativemathexpo  W  Warning: "/data/app/~~0oYmWD5XJ7B6A1v8Di-bvw==/com.mgiallourakis.reactnativemathexpo-KsHQ__Cgwf49FeymZnNO4g==/base.apk!/lib/arm64-v8a/libNitroMath.so" unused DT entry: unknown (type 0xbc030 arg 0xbc030) (ignoring)
2025-02-27 20:55:42.447 22135-22135 linker                  com...llourakis.reactnativemathexpo  W  Warning: "/data/app/~~0oYmWD5XJ7B6A1v8Di-bvw==/com.mgiallourakis.reactnativemathexpo-KsHQ__Cgwf49FeymZnNO4g==/base.apk!/lib/arm64-v8a/libNitroMath.so" unused DT entry: unknown (type 0xbc030 arg 0xbc030) (ignoring)
2025-02-27 20:55:42.447 22135-22135 linker                  com...llourakis.reactnativemathexpo  W  Warning: "/data/app/~~0oYmWD5XJ7B6A1v8Di-bvw==/com.mgiallourakis.reactnativemathexpo-KsHQ__Cgwf49FeymZnNO4g==/base.apk!/lib/arm64-v8a/libNitroMath.so" unused DT entry: unknown (type 0xbc030 arg 0xbc030) (ignoring)
2025-02-27 20:55:42.447 22135-22135 linker                  com...llourakis.reactnativemathexpo  W  Warning: "/data/app/~~0oYmWD5XJ7B6A1v8Di-bvw==/com.mgiallourakis.reactnativemathexpo-KsHQ__Cgwf49FeymZnNO4g==/base.apk!/lib/arm64-v8a/libNitroMath.so" unused DT entry: unknown (type 0xbc030 arg 0xbc030) (ignoring)
2025-02-27 20:55:42.447 22135-22135 linker                  com...llourakis.reactnativemathexpo  W  Warning: "/data/app/~~0oYmWD5XJ7B6A1v8Di-bvw==/com.mgiallourakis.reactnativemathexpo-KsHQ__Cgwf49FeymZnNO4g==/base.apk!/lib/arm64-v8a/libNitroMath.so" unused DT entry: unknown (type 0xbc030 arg 0xbc030) (ignoring)
2025-02-27 20:55:42.447 22135-22135 linker                  com...llourakis.reactnativemathexpo  W  Warning: "/data/app/~~0oYmWD5XJ7B6A1v8Di-bvw==/com.mgiallourakis.reactnativemathexpo-KsHQ__Cgwf49FeymZnNO4g==/base.apk!/lib/arm64-v8a/libNitroMath.so" unused DT entry: unknown (type 0xbc030 arg 0xbc030) (ignoring)
2025-02-27 20:55:42.447 22135-22135 linker                  com...llourakis.reactnativemathexpo  W  Warning: "/data/app/~~0oYmWD5XJ7B6A1v8Di-bvw==/com.mgiallourakis.reactnativemathexpo-KsHQ__Cgwf49FeymZnNO4g==/base.apk!/lib/arm64-v8a/libNitroMath.so" unused DT entry: unknown (type 0xbc030 arg 0xbc030) (ignoring)
2025-02-27 20:55:42.447 22135-22135 linker                  com...llourakis.reactnativemathexpo  W  Warning: "/data/app/~~0oYmWD5XJ7B6A1v8Di-bvw==/com.mgiallourakis.reactnativemathexpo-KsHQ__Cgwf49FeymZnNO4g==/base.apk!/lib/arm64-v8a/libNitroMath.so" unused DT entry: unknown (type 0xbc030 arg 0xbc030) (ignoring)
2025-02-27 20:55:42.447 22135-22135 linker                  com...llourakis.reactnativemathexpo  W  Warning: "/data/app/~~0oYmWD5XJ7B6A1v8Di-bvw==/com.mgiallourakis.reactnativemathexpo-KsHQ__Cgwf49FeymZnNO4g==/base.apk!/lib/arm64-v8a/libNitroMath.so" unused DT entry: unknown (type 0xbc030 arg 0xbc030) (ignoring)
2025-02-27 20:55:42.447 22135-22135 linker                  com...llourakis.reactnativemathexpo  W  Warning: "/data/app/~~0oYmWD5XJ7B6A1v8Di-bvw==/com.mgiallourakis.reactnativemathexpo-KsHQ__Cgwf49FeymZnNO4g==/base.apk!/lib/arm64-v8a/libNitroMath.so" unused DT entry: unknown (type 0xbc030 arg 0xbc030) (ignoring)
2025-02-27 20:55:42.447 22135-22135 linker                  com...llourakis.reactnativemathexpo  W  Warning: "/data/app/~~0oYmWD5XJ7B6A1v8Di-bvw==/com.mgiallourakis.reactnativemathexpo-KsHQ__Cgwf49FeymZnNO4g==/base.apk!/lib/arm64-v8a/libNitroMath.so" unused DT entry: unknown (type 0xbc030 arg 0xbc030) (ignoring)
2025-02-27 20:55:42.447 22135-22135 linker                  com...llourakis.reactnativemathexpo  W  Warning: "/data/app/~~0oYmWD5XJ7B6A1v8Di-bvw==/com.mgiallourakis.reactnativemathexpo-KsHQ__Cgwf49FeymZnNO4g==/base.apk!/lib/arm64-v8a/libNitroMath.so" unused DT entry: unknown (type 0xbc030 arg 0xbc030) (ignoring)
2025-02-27 20:55:42.447 22135-22135 linker                  com...llourakis.reactnativemathexpo  W  Warning: "/data/app/~~0oYmWD5XJ7B6A1v8Di-bvw==/com.mgiallourakis.reactnativemathexpo-KsHQ__Cgwf49FeymZnNO4g==/base.apk!/lib/arm64-v8a/libNitroMath.so" unused DT entry: unknown (type 0xbc030 arg 0xbc030) (ignoring)
2025-02-27 20:55:42.447 22135-22135 linker                  com...llourakis.reactnativemathexpo  W  Warning: "/data/app/~~0oYmWD5XJ7B6A1v8Di-bvw==/com.mgiallourakis.reactnativemathexpo-KsHQ__Cgwf49FeymZnNO4g==/base.apk!/lib/arm64-v8a/libNitroMath.so" unused DT entry: unknown (type 0xbc030 arg 0xbc030) (ignoring)
2025-02-27 20:55:42.447 22135-22135 linker                  com...llourakis.reactnativemathexpo  W  Warning: "/data/app/~~0oYmWD5XJ7B6A1v8Di-bvw==/com.mgiallourakis.reactnativemathexpo-KsHQ__Cgwf49FeymZnNO4g==/base.apk!/lib/arm64-v8a/libNitroMath.so" unused DT entry: unknown (type 0xbc030 arg 0xbc030) (ignoring)
2025-02-27 20:55:42.447 22135-22135 linker                  com...llourakis.reactnativemathexpo  W  Warning: "/data/app/~~0oYmWD5XJ7B6A1v8Di-bvw==/com.mgiallourakis.reactnativemathexpo-KsHQ__Cgwf49FeymZnNO4g==/base.apk!/lib/arm64-v8a/libNitroMath.so" unused DT entry: unknown (type 0xbc030 arg 0xbc030) (ignoring)
2025-02-27 20:55:42.447 22135-22135 linker                  com...llourakis.reactnativemathexpo  W  Warning: "/data/app/~~0oYmWD5XJ7B6A1v8Di-bvw==/com.mgiallourakis.reactnativemathexpo-KsHQ__Cgwf49FeymZnNO4g==/base.apk!/lib/arm64-v8a/libNitroMath.so" unused DT entry: unknown (type 0xbc030 arg 0xbc030) (ignoring)
2025-02-27 20:55:42.447 22135-22135 linker                  com...llourakis.reactnativemathexpo  W  Warning: "/data/app/~~0oYmWD5XJ7B6A1v8Di-bvw==/com.mgiallourakis.reactnativemathexpo-KsHQ__Cgwf49FeymZnNO4g==/base.apk!/lib/arm64-v8a/libNitroMath.so" unused DT entry: unknown (type 0xbc030 arg 0xbc030) (ignoring)
2025-02-27 20:55:42.447 22135-22135 linker                  com...llourakis.reactnativemathexpo  W  Warning: "/data/app/~~0oYmWD5XJ7B6A1v8Di-bvw==/com.mgiallourakis.reactnativemathexpo-KsHQ__Cgwf49FeymZnNO4g==/base.apk!/lib/arm64-v8a/libNitroMath.so" unused DT entry: unknown (type 0xbc030 arg 0xbc030) (ignoring)
2025-02-27 20:55:42.448 22135-22135 linker                  com...llourakis.reactnativemathexpo  W  Warning: "/data/app/~~0oYmWD5XJ7B6A1v8Di-bvw==/com.mgiallourakis.reactnativemathexpo-KsHQ__Cgwf49FeymZnNO4g==/base.apk!/lib/arm64-v8a/libNitroMath.so" unused DT entry: unknown (type 0xbc030 arg 0xbc030) (ignoring)
2025-02-27 20:55:42.448 22135-22135 linker                  com...llourakis.reactnativemathexpo  W  Warning: "/data/app/~~0oYmWD5XJ7B6A1v8Di-bvw==/com.mgiallourakis.reactnativemathexpo-KsHQ__Cgwf49FeymZnNO4g==/base.apk!/lib/arm64-v8a/libNitroMath.so" unused DT entry: unknown (type 0xbc030 arg 0xbc030) (ignoring)
2025-02-27 20:55:42.448 22135-22135 linker                  com...llourakis.reactnativemathexpo  W  Warning: "/data/app/~~0oYmWD5XJ7B6A1v8Di-bvw==/com.mgiallourakis.reactnativemathexpo-KsHQ__Cgwf49FeymZnNO4g==/base.apk!/lib/arm64-v8a/libNitroMath.so" unused DT entry: unknown (type 0xbc030 arg 0xbc030) (ignoring)
2025-02-27 20:55:42.448 22135-22135 linker                  com...llourakis.reactnativemathexpo  W  Warning: "/data/app/~~0oYmWD5XJ7B6A1v8Di-bvw==/com.mgiallourakis.reactnativemathexpo-KsHQ__Cgwf49FeymZnNO4g==/base.apk!/lib/arm64-v8a/libNitroMath.so" unused DT entry: unknown (type 0xbc030 arg 0xbc030) (ignoring)
2025-02-27 20:55:42.448 22135-22135 linker                  com...llourakis.reactnativemathexpo  W  Warning: "/data/app/~~0oYmWD5XJ7B6A1v8Di-bvw==/com.mgiallourakis.reactnativemathexpo-KsHQ__Cgwf49FeymZnNO4g==/base.apk!/lib/arm64-v8a/libNitroMath.so" unused DT entry: unknown (type 0xbc030 arg 0xbc030) (ignoring)
2025-02-27 20:55:42.448 22135-22135 linker                  com...llourakis.reactnativemathexpo  W  Warning: "/data/app/~~0oYmWD5XJ7B6A1v8Di-bvw==/com.mgiallourakis.reactnativemathexpo-KsHQ__Cgwf49FeymZnNO4g==/base.apk!/lib/arm64-v8a/libNitroMath.so" unused DT entry: unknown (type 0xbc030 arg 0xbc030) (ignoring)
2025-02-27 20:55:42.448 22135-22135 linker                  com...llourakis.reactnativemathexpo  W  Warning: "/data/app/~~0oYmWD5XJ7B6A1v8Di-bvw==/com.mgiallourakis.reactnativemathexpo-KsHQ__Cgwf49FeymZnNO4g==/base.apk!/lib/arm64-v8a/libNitroMath.so" unused DT entry: unknown (type 0xbc030 arg 0xbc030) (ignoring)
2025-02-27 20:55:42.448 22135-22135 linker                  com...llourakis.reactnativemathexpo  W  Warning: "/data/app/~~0oYmWD5XJ7B6A1v8Di-bvw==/com.mgiallourakis.reactnativemathexpo-KsHQ__Cgwf49FeymZnNO4g==/base.apk!/lib/arm64-v8a/libNitroMath.so" unused DT entry: unknown (type 0xbc030 arg 0xbc030) (ignoring)
2025-02-27 20:55:42.448 22135-22135 linker                  com...llourakis.reactnativemathexpo  W  Warning: "/data/app/~~0oYmWD5XJ7B6A1v8Di-bvw==/com.mgiallourakis.reactnativemathexpo-KsHQ__Cgwf49FeymZnNO4g==/base.apk!/lib/arm64-v8a/libNitroMath.so" unused DT entry: unknown (type 0xbc030 arg 0xbc030) (ignoring)
2025-02-27 20:55:42.448 22135-22135 linker                  com...llourakis.reactnativemathexpo  W  Warning: "/data/app/~~0oYmWD5XJ7B6A1v8Di-bvw==/com.mgiallourakis.reactnativemathexpo-KsHQ__Cgwf49FeymZnNO4g==/base.apk!/lib/arm64-v8a/libNitroMath.so" unused DT entry: unknown (type 0xbc030 arg 0xbc030) (ignoring)
2025-02-27 20:55:42.448 22135-22135 linker                  com...llourakis.reactnativemathexpo  W  Warning: "/data/app/~~0oYmWD5XJ7B6A1v8Di-bvw==/com.mgiallourakis.reactnativemathexpo-KsHQ__Cgwf49FeymZnNO4g==/base.apk!/lib/arm64-v8a/libNitroMath.so" unused DT entry: unknown (type 0xbc030 arg 0xbc030) (ignoring)
2025-02-27 20:55:42.448 22135-22135 linker                  com...llourakis.reactnativemathexpo  W  Warning: "/data/app/~~0oYmWD5XJ7B6A1v8Di-bvw==/com.mgiallourakis.reactnativemathexpo-KsHQ__Cgwf49FeymZnNO4g==/base.apk!/lib/arm64-v8a/libNitroMath.so" unused DT entry: unknown (type 0xbc030 arg 0xbc030) (ignoring)
2025-02-27 20:55:42.448 22135-22135 linker                  com...llourakis.reactnativemathexpo  W  Warning: "/data/app/~~0oYmWD5XJ7B6A1v8Di-bvw==/com.mgiallourakis.reactnativemathexpo-KsHQ__Cgwf49FeymZnNO4g==/base.apk!/lib/arm64-v8a/libNitroMath.so" unused DT entry: unknown (type 0xbc030 arg 0xbc030) (ignoring)
2025-02-27 20:55:42.448 22135-22135 linker                  com...llourakis.reactnativemathexpo  W  Warning: "/data/app/~~0oYmWD5XJ7B6A1v8Di-bvw==/com.mgiallourakis.reactnativemathexpo-KsHQ__Cgwf49FeymZnNO4g==/base.apk!/lib/arm64-v8a/libNitroMath.so" unused DT entry: unknown (type 0xbc030 arg 0xbc030) (ignoring)
2025-02-27 20:55:42.448 22135-22135 linker                  com...llourakis.reactnativemathexpo  W  Warning: "/data/app/~~0oYmWD5XJ7B6A1v8Di-bvw==/com.mgiallourakis.reactnativemathexpo-KsHQ__Cgwf49FeymZnNO4g==/base.apk!/lib/arm64-v8a/libNitroMath.so" unused DT entry: unknown (type 0xbc030 arg 0xbc030) (ignoring)
2025-02-27 20:55:42.448 22135-22135 linker                  com...llourakis.reactnativemathexpo  W  Warning: "/data/app/~~0oYmWD5XJ7B6A1v8Di-bvw==/com.mgiallourakis.reactnativemathexpo-KsHQ__Cgwf49FeymZnNO4g==/base.apk!/lib/arm64-v8a/libNitroMath.so" unused DT entry: unknown (type 0xbc030 arg 0xbc030) (ignoring)
2025-02-27 20:55:42.448 22135-22135 linker                  com...llourakis.reactnativemathexpo  W  Warning: "/data/app/~~0oYmWD5XJ7B6A1v8Di-bvw==/com.mgiallourakis.reactnativemathexpo-KsHQ__Cgwf49FeymZnNO4g==/base.apk!/lib/arm64-v8a/libNitroMath.so" unused DT entry: unknown (type 0xbc030 arg 0xbc030) (ignoring)
2025-02-27 20:55:42.448 22135-22135 linker                  com...llourakis.reactnativemathexpo  W  Warning: "/data/app/~~0oYmWD5XJ7B6A1v8Di-bvw==/com.mgiallourakis.reactnativemathexpo-KsHQ__Cgwf49FeymZnNO4g==/base.apk!/lib/arm64-v8a/libNitroMath.so" unused DT entry: unknown (type 0xbc030 arg 0xbc030) (ignoring)
2025-02-27 20:55:42.448 22135-22135 linker                  com...llourakis.reactnativemathexpo  W  Warning: "/data/app/~~0oYmWD5XJ7B6A1v8Di-bvw==/com.mgiallourakis.reactnativemathexpo-KsHQ__Cgwf49FeymZnNO4g==/base.apk!/lib/arm64-v8a/libNitroMath.so" unused DT entry: unknown (type 0xbc030 arg 0xbc030) (ignoring)
2025-02-27 20:55:42.448 22135-22135 linker                  com...llourakis.reactnativemathexpo  W  Warning: "/data/app/~~0oYmWD5XJ7B6A1v8Di-bvw==/com.mgiallourakis.reactnativemathexpo-KsHQ__Cgwf49FeymZnNO4g==/base.apk!/lib/arm64-v8a/libNitroMath.so" unused DT entry: unknown (type 0xbc030 arg 0xbc030) (ignoring)
2025-02-27 20:55:42.448 22135-22135 linker                  com...llourakis.reactnativemathexpo  W  Warning: "/data/app/~~0oYmWD5XJ7B6A1v8Di-bvw==/com.mgiallourakis.reactnativemathexpo-KsHQ__Cgwf49FeymZnNO4g==/base.apk!/lib/arm64-v8a/libNitroMath.so" unused DT entry: unknown (type 0xbc030 arg 0xbc030) (ignoring)
2025-02-27 20:55:42.448 22135-22135 linker                  com...llourakis.reactnativemathexpo  W  Warning: "/data/app/~~0oYmWD5XJ7B6A1v8Di-bvw==/com.mgiallourakis.reactnativemathexpo-KsHQ__Cgwf49FeymZnNO4g==/base.apk!/lib/arm64-v8a/libNitroMath.so" unused DT entry: unknown (type 0xbc030 arg 0xbc030) (ignoring)
2025-02-27 20:55:42.448 22135-22135 linker                  com...llourakis.reactnativemathexpo  W  Warning: "/data/app/~~0oYmWD5XJ7B6A1v8Di-bvw==/com.mgiallourakis.reactnativemathexpo-KsHQ__Cgwf49FeymZnNO4g==/base.apk!/lib/arm64-v8a/libNitroMath.so" unused DT entry: unknown (type 0xbc030 arg 0xbc030) (ignoring)
2025-02-27 20:55:42.448 22135-22135 linker                  com...llourakis.reactnativemathexpo  W  Warning: "/data/app/~~0oYmWD5XJ7B6A1v8Di-bvw==/com.mgiallourakis.reactnativemathexpo-KsHQ__Cgwf49FeymZnNO4g==/base.apk!/lib/arm64-v8a/libNitroMath.so" unused DT entry: unknown (type 0xbc030 arg 0xbc030) (ignoring)
2025-02-27 20:55:42.448 22135-22135 linker                  com...llourakis.reactnativemathexpo  W  Warning: "/data/app/~~0oYmWD5XJ7B6A1v8Di-bvw==/com.mgiallourakis.reactnativemathexpo-KsHQ__Cgwf49FeymZnNO4g==/base.apk!/lib/arm64-v8a/libNitroMath.so" unused DT entry: unknown (type 0xbc030 arg 0xbc030) (ignoring)
2025-02-27 20:55:42.448 22135-22135 linker                  com...llourakis.reactnativemathexpo  W  Warning: "/data/app/~~0oYmWD5XJ7B6A1v8Di-bvw==/com.mgiallourakis.reactnativemathexpo-KsHQ__Cgwf49FeymZnNO4g==/base.apk!/lib/arm64-v8a/libNitroMath.so" unused DT entry: unknown (type 0xbc030 arg 0xbc030) (ignoring)
2025-02-27 20:55:42.448 22135-22135 linker                  com...llourakis.reactnativemathexpo  W  Warning: "/data/app/~~0oYmWD5XJ7B6A1v8Di-bvw==/com.mgiallourakis.reactnativemathexpo-KsHQ__Cgwf49FeymZnNO4g==/base.apk!/lib/arm64-v8a/libNitroMath.so" unused DT entry: unknown (type 0xbc030 arg 0xbc030) (ignoring)
2025-02-27 20:55:42.448 22135-22135 linker                  com...llourakis.reactnativemathexpo  W  Warning: "/data/app/~~0oYmWD5XJ7B6A1v8Di-bvw==/com.mgiallourakis.reactnativemathexpo-KsHQ__Cgwf49FeymZnNO4g==/base.apk!/lib/arm64-v8a/libNitroMath.so" unused DT entry: unknown (type 0xbc030 arg 0xbc030) (ignoring)
2025-02-27 20:55:42.448 22135-22135 linker                  com...llourakis.reactnativemathexpo  W  Warning: "/data/app/~~0oYmWD5XJ7B6A1v8Di-bvw==/com.mgiallourakis.reactnativemathexpo-KsHQ__Cgwf49FeymZnNO4g==/base.apk!/lib/arm64-v8a/libNitroMath.so" unused DT entry: unknown (type 0xbc030 arg 0xbc030) (ignoring)
2025-02-27 20:55:42.448 22135-22135 linker                  com...llourakis.reactnativemathexpo  W  Warning: "/data/app/~~0oYmWD5XJ7B6A1v8Di-bvw==/com.mgiallourakis.reactnativemathexpo-KsHQ__Cgwf49FeymZnNO4g==/base.apk!/lib/arm64-v8a/libNitroMath.so" unused DT entry: unknown (type 0xbc030 arg 0xbc030) (ignoring)
2025-02-27 20:55:42.448 22135-22135 linker                  com...llourakis.reactnativemathexpo  W  Warning: "/data/app/~~0oYmWD5XJ7B6A1v8Di-bvw==/com.mgiallourakis.reactnativemathexpo-KsHQ__Cgwf49FeymZnNO4g==/base.apk!/lib/arm64-v8a/libNitroMath.so" unused DT entry: unknown (type 0xbc030 arg 0xbc030) (ignoring)
2025-02-27 20:55:42.448 22135-22135 linker                  com...llourakis.reactnativemathexpo  W  Warning: "/data/app/~~0oYmWD5XJ7B6A1v8Di-bvw==/com.mgiallourakis.reactnativemathexpo-KsHQ__Cgwf49FeymZnNO4g==/base.apk!/lib/arm64-v8a/libNitroMath.so" unused DT entry: unknown (type 0xbc030 arg 0xbc030) (ignoring)
2025-02-27 20:55:42.448 22135-22135 linker                  com...llourakis.reactnativemathexpo  W  Warning: "/data/app/~~0oYmWD5XJ7B6A1v8Di-bvw==/com.mgiallourakis.reactnativemathexpo-KsHQ__Cgwf49FeymZnNO4g==/base.apk!/lib/arm64-v8a/libNitroMath.so" unused DT entry: unknown (type 0xbc030 arg 0xbc030) (ignoring)
2025-02-27 20:55:42.448 22135-22135 linker                  com...llourakis.reactnativemathexpo  W  Warning: "/data/app/~~0oYmWD5XJ7B6A1v8Di-bvw==/com.mgiallourakis.reactnativemathexpo-KsHQ__Cgwf49FeymZnNO4g==/base.apk!/lib/arm64-v8a/libNitroMath.so" unused DT entry: unknown (type 0xbc030 arg 0xbc030) (ignoring)
2025-02-27 20:55:42.448 22135-22135 linker                  com...llourakis.reactnativemathexpo  W  Warning: "/data/app/~~0oYmWD5XJ7B6A1v8Di-bvw==/com.mgiallourakis.reactnativemathexpo-KsHQ__Cgwf49FeymZnNO4g==/base.apk!/lib/arm64-v8a/libNitroMath.so" unused DT entry: unknown (type 0xbc030 arg 0xbc030) (ignoring)
2025-02-27 20:55:42.448 22135-22135 linker                  com...llourakis.reactnativemathexpo  W  Warning: "/data/app/~~0oYmWD5XJ7B6A1v8Di-bvw==/com.mgiallourakis.reactnativemathexpo-KsHQ__Cgwf49FeymZnNO4g==/base.apk!/lib/arm64-v8a/libNitroMath.so" unused DT entry: unknown (type 0xbc030 arg 0xbc030) (ignoring)
2025-02-27 20:55:42.448 22135-22135 linker                  com...llourakis.reactnativemathexpo  W  Warning: "/data/app/~~0oYmWD5XJ7B6A1v8Di-bvw==/com.mgiallourakis.reactnativemathexpo-KsHQ__Cgwf49FeymZnNO4g==/base.apk!/lib/arm64-v8a/libNitroMath.so" unused DT entry: unknown (type 0xbc030 arg 0xbc030) (ignoring)
2025-02-27 20:55:42.448 22135-22135 linker                  com...llourakis.reactnativemathexpo  W  Warning: "/data/app/~~0oYmWD5XJ7B6A1v8Di-bvw==/com.mgiallourakis.reactnativemathexpo-KsHQ__Cgwf49FeymZnNO4g==/base.apk!/lib/arm64-v8a/libNitroMath.so" unused DT entry: unknown (type 0xbc030 arg 0xbc030) (ignoring)
2025-02-27 20:55:42.448 22135-22135 linker                  com...llourakis.reactnativemathexpo  W  Warning: "/data/app/~~0oYmWD5XJ7B6A1v8Di-bvw==/com.mgiallourakis.reactnativemathexpo-KsHQ__Cgwf49FeymZnNO4g==/base.apk!/lib/arm64-v8a/libNitroMath.so" unused DT entry: unknown (type 0xbc030 arg 0xbc030) (ignoring)
2025-02-27 20:55:42.448 22135-22135 linker                  com...llourakis.reactnativemathexpo  W  Warning: "/data/app/~~0oYmWD5XJ7B6A1v8Di-bvw==/com.mgiallourakis.reactnativemathexpo-KsHQ__Cgwf49FeymZnNO4g==/base.apk!/lib/arm64-v8a/libNitroMath.so" unused DT entry: unknown (type 0xbc030 arg 0xbc030) (ignoring)
2025-02-27 20:55:42.448 22135-22135 linker                  com...llourakis.reactnativemathexpo  W  Warning: "/data/app/~~0oYmWD5XJ7B6A1v8Di-bvw==/com.mgiallourakis.reactnativemathexpo-KsHQ__Cgwf49FeymZnNO4g==/base.apk!/lib/arm64-v8a/libNitroMath.so" unused DT entry: unknown (type 0xbc030 arg 0xbc030) (ignoring)
2025-02-27 20:55:42.448 22135-22135 linker                  com...llourakis.reactnativemathexpo  W  Warning: "/data/app/~~0oYmWD5XJ7B6A1v8Di-bvw==/com.mgiallourakis.reactnativemathexpo-KsHQ__Cgwf49FeymZnNO4g==/base.apk!/lib/arm64-v8a/libNitroMath.so" unused DT entry: unknown (type 0xbc030 arg 0xbc030) (ignoring)
2025-02-27 20:55:42.448 22135-22135 linker                  com...llourakis.reactnativemathexpo  W  Warning: "/data/app/~~0oYmWD5XJ7B6A1v8Di-bvw==/com.mgiallourakis.reactnativemathexpo-KsHQ__Cgwf49FeymZnNO4g==/base.apk!/lib/arm64-v8a/libNitroMath.so" unused DT entry: unknown (type 0xbc030 arg 0xbc030) (ignoring)
2025-02-27 20:55:42.448 22135-22135 linker                  com...llourakis.reactnativemathexpo  W  Warning: "/data/app/~~0oYmWD5XJ7B6A1v8Di-bvw==/com.mgiallourakis.reactnativemathexpo-KsHQ__Cgwf49FeymZnNO4g==/base.apk!/lib/arm64-v8a/libNitroMath.so" unused DT entry: unknown (type 0xbc030 arg 0xbc030) (ignoring)
2025-02-27 20:55:42.448 22135-22135 linker                  com...llourakis.reactnativemathexpo  W  Warning: "/data/app/~~0oYmWD5XJ7B6A1v8Di-bvw==/com.mgiallourakis.reactnativemathexpo-KsHQ__Cgwf49FeymZnNO4g==/base.apk!/lib/arm64-v8a/libNitroMath.so" unused DT entry: unknown (type 0xbc030 arg 0xbc030) (ignoring)
2025-02-27 20:55:42.448 22135-22135 linker                  com...llourakis.reactnativemathexpo  W  Warning: "/data/app/~~0oYmWD5XJ7B6A1v8Di-bvw==/com.mgiallourakis.reactnativemathexpo-KsHQ__Cgwf49FeymZnNO4g==/base.apk!/lib/arm64-v8a/libNitroMath.so" unused DT entry: unknown (type 0xbc030 arg 0xbc030) (ignoring)
2025-02-27 20:55:42.448 22135-22135 linker                  com...llourakis.reactnativemathexpo  W  Warning: "/data/app/~~0oYmWD5XJ7B6A1v8Di-bvw==/com.mgiallourakis.reactnativemathexpo-KsHQ__Cgwf49FeymZnNO4g==/base.apk!/lib/arm64-v8a/libNitroMath.so" unused DT entry: unknown (type 0xbc030 arg 0xbc030) (ignoring)
2025-02-27 20:55:42.448 22135-22135 linker                  com...llourakis.reactnativemathexpo  W  Warning: "/data/app/~~0oYmWD5XJ7B6A1v8Di-bvw==/com.mgiallourakis.reactnativemathexpo-KsHQ__Cgwf49FeymZnNO4g==/base.apk!/lib/arm64-v8a/libNitroMath.so" unused DT entry: unknown (type 0xbc030 arg 0xbc030) (ignoring)
2025-02-27 20:55:42.448 22135-22135 linker                  com...llourakis.reactnativemathexpo  W  Warning: "/data/app/~~0oYmWD5XJ7B6A1v8Di-bvw==/com.mgiallourakis.reactnativemathexpo-KsHQ__Cgwf49FeymZnNO4g==/base.apk!/lib/arm64-v8a/libNitroMath.so" unused DT entry: unknown (type 0xbc030 arg 0xbc030) (ignoring)
2025-02-27 20:55:42.448 22135-22135 linker                  com...llourakis.reactnativemathexpo  W  Warning: "/data/app/~~0oYmWD5XJ7B6A1v8Di-bvw==/com.mgiallourakis.reactnativemathexpo-KsHQ__Cgwf49FeymZnNO4g==/base.apk!/lib/arm64-v8a/libNitroMath.so" unused DT entry: unknown (type 0xbc030 arg 0xbc030) (ignoring)
2025-02-27 20:55:42.448 22135-22135 linker                  com...llourakis.reactnativemathexpo  W  Warning: "/data/app/~~0oYmWD5XJ7B6A1v8Di-bvw==/com.mgiallourakis.reactnativemathexpo-KsHQ__Cgwf49FeymZnNO4g==/base.apk!/lib/arm64-v8a/libNitroMath.so" unused DT entry: unknown (type 0xbc030 arg 0xbc030) (ignoring)
2025-02-27 20:55:42.448 22135-22135 linker                  com...llourakis.reactnativemathexpo  W  Warning: "/data/app/~~0oYmWD5XJ7B6A1v8Di-bvw==/com.mgiallourakis.reactnativemathexpo-KsHQ__Cgwf49FeymZnNO4g==/base.apk!/lib/arm64-v8a/libNitroMath.so" unused DT entry: unknown (type 0xbc030 arg 0xbc030) (ignoring)
2025-02-27 20:55:42.448 22135-22135 linker                  com...llourakis.reactnativemathexpo  W  Warning: "/data/app/~~0oYmWD5XJ7B6A1v8Di-bvw==/com.mgiallourakis.reactnativemathexpo-KsHQ__Cgwf49FeymZnNO4g==/base.apk!/lib/arm64-v8a/libNitroMath.so" unused DT entry: unknown (type 0xbc030 arg 0xbc030) (ignoring)
2025-02-27 20:55:42.448 22135-22135 linker                  com...llourakis.reactnativemathexpo  W  Warning: "/data/app/~~0oYmWD5XJ7B6A1v8Di-bvw==/com.mgiallourakis.reactnativemathexpo-KsHQ__Cgwf49FeymZnNO4g==/base.apk!/lib/arm64-v8a/libNitroMath.so" unused DT entry: unknown (type 0xbc030 arg 0xbc030) (ignoring)
2025-02-27 20:55:42.448 22135-22135 linker                  com...llourakis.reactnativemathexpo  W  Warning: "/data/app/~~0oYmWD5XJ7B6A1v8Di-bvw==/com.mgiallourakis.reactnativemathexpo-KsHQ__Cgwf49FeymZnNO4g==/base.apk!/lib/arm64-v8a/libNitroMath.so" unused DT entry: unknown (type 0xbc030 arg 0xbc030) (ignoring)
2025-02-27 20:55:42.448 22135-22135 linker                  com...llourakis.reactnativemathexpo  W  Warning: "/data/app/~~0oYmWD5XJ7B6A1v8Di-bvw==/com.mgiallourakis.reactnativemathexpo-KsHQ__Cgwf49FeymZnNO4g==/base.apk!/lib/arm64-v8a/libNitroMath.so" unused DT entry: unknown (type 0xbc030 arg 0xbc030) (ignoring)
2025-02-27 20:55:42.448 22135-22135 linker                  com...llourakis.reactnativemathexpo  W  Warning: "/data/app/~~0oYmWD5XJ7B6A1v8Di-bvw==/com.mgiallourakis.reactnativemathexpo-KsHQ__Cgwf49FeymZnNO4g==/base.apk!/lib/arm64-v8a/libNitroMath.so" unused DT entry: unknown (type 0xbc030 arg 0xbc030) (ignoring)
