2025-02-27 20:55:40.826  1216-1224  s.nexuslauncher         com...le.android.apps.nexuslauncher  W  ApkAssets: Deleting an ApkAssets object '<empty> and /data/app/~~PZIGWCdogRiZXcjKwATfZw==/com.mgiallourakis.reactnativemathexpo-j8crlDq659v3xUcxlFQmEg==/base.apk' with 1 weak references
2025-02-27 20:55:40.826  1154-1154  SmsApplication          com.android.phone                    E  com.google.android.apps.messaging lost android:read_cell_broadcasts:  (fixing)
2025-02-27 20:55:40.826   580-1586  AppOpService            system_server                        W  Ignored setUidMode call for runtime permission app op: uid = 10141, code = READ_CELL_BROADCASTS, mode = allow, callingUid = 1001, oldMode = allow
2025-02-27 20:55:40.827  1154-1154  CellBroadcastUtils      com.android.phone                    E  getDefaultCellBroadcastReceiverPackageName: no package found
2025-02-27 20:55:40.827   580-1586  AppOpService            system_server                        W  Ignored setUidMode call for runtime permission app op: uid = 1001, code = READ_SMS, mode = allow, callingUid = 1001, oldMode = allow
2025-02-27 20:55:40.827   580-1586  AppOpService            system_server                        W  Ignored setUidMode call for runtime permission app op: uid = 1001, code = RECEIVE_SMS, mode = allow, callingUid = 1001, oldMode = allow
2025-02-27 20:55:40.827   580-1586  AppOpService            system_server                        W  Ignored setUidMode call for runtime permission app op: uid = 1001, code = RECEIVE_WAP_PUSH, mode = allow, callingUid = 1001, oldMode = allow
2025-02-27 20:55:40.827   580-1586  AppOpService            system_server                        W  Ignored setUidMode call for runtime permission app op: uid = 1001, code = SEND_SMS, mode = allow, callingUid = 1001, oldMode = allow
2025-02-27 20:55:40.827   580-1586  AppOpService            system_server                        W  Ignored setUidMode call for runtime permission app op: uid = 1001, code = READ_CELL_BROADCASTS, mode = allow, callingUid = 1001, oldMode = allow
2025-02-27 20:55:40.828  1154-1348  ImsResolver             com.android.phone                    D  maybeAddedImsService, packageName: com.mgiallourakis.reactnativemathexpo
2025-02-27 20:55:40.828   977-977   SafetyLabe...stReceiver com....android.permissioncontroller  I  received broadcast packageName: com.mgiallourakis.reactnativemathexpo, current user: UserHandle{0}, packageChangeEvent: UPDATE, intent user: UserHandle{0}
2025-02-27 20:55:40.831   580-580   BackupManagerConstants  system_server                        V  getFullBackupIntervalMilliseconds(...) returns 86400000
2025-02-27 20:55:40.831   580-580   BackupManagerConstants  system_server                        V  getFullBackupRequiredNetworkType(...) returns 2
2025-02-27 20:55:40.831   580-580   BackupManagerConstants  system_server                        V  getFullBackupRequireCharging(...) returns true
2025-02-27 20:55:40.832  1560-22056 AiAiEcho                com.google.android.as                I  AppIndexer Package:[com.mgiallourakis.reactnativemathexpo] UserProfile:[0] Enabled:[true].
2025-02-27 20:55:40.862   580-580   binder:580_20           system_server                        W  type=1400 audit(0.0:408): avc:  denied  { getopt } for  scontext=u:r:system_server:s0 tcontext=u:r:shell:s0 tclass=unix_stream_socket permissive=0
2025-02-27 20:55:40.862   580-580   binder:580_20           system_server                        W  type=1400 audit(0.0:409): avc:  denied  { getopt } for  scontext=u:r:system_server:s0 tcontext=u:r:shell:s0 tclass=unix_stream_socket permissive=0
2025-02-27 20:55:40.862   580-580   binder:580_20           system_server                        W  type=1400 audit(0.0:410): avc:  denied  { getopt } for  scontext=u:r:system_server:s0 tcontext=u:r:shell:s0 tclass=unix_stream_socket permissive=0
2025-02-27 20:55:40.836   580-580   AlarmManager            system_server                        W  Package com.mgiallourakis.reactnativemathexpo, uid 10207 lost permission to set exact alarms!
2025-02-27 20:55:40.832  1560-22056 AiAiEcho                com.google.android.as                I  AppFetcherImplV2 updateApps package:[com.mgiallourakis.reactnativemathexpo], userId:[0], reason:[package is updated.].
2025-02-27 20:55:40.868  1216-1216  StatsLog                com...le.android.apps.nexuslauncher  D  LAUNCHER_ALLAPPS_COUNT
2025-02-27 20:55:40.872   580-607   Magnificat...ionManager system_server                        W  requestConnection duplicated request: connect=false, mConnectionState=DISCONNECTED
2025-02-27 20:55:40.872   580-580   IPCThreadState          system_server                        W  Sending oneway calls to frozen process.
2025-02-27 20:55:40.872   580-607   Magnificat...ionManager system_server                        W  requestConnection duplicated request: connect=false, mConnectionState=DISCONNECTED
2025-02-27 20:55:40.874   580-580   IPCThreadState          system_server                        W  Sending oneway calls to frozen process.
2025-02-27 20:55:40.875   580-580   IPCThreadState          system_server                        W  Sending oneway calls to frozen process.
2025-02-27 20:55:40.875   580-580   IPCThreadState          system_server                        W  Sending oneway calls to frozen process.
2025-02-27 20:55:40.875   580-580   IPCThreadState          system_server                        W  Sending oneway calls to frozen process.
2025-02-27 20:55:40.875   580-580   IPCThreadState          system_server                        W  Sending oneway calls to frozen process.
2025-02-27 20:55:40.884   977-1006  Permission...erviceImpl com....android.permissioncontroller  I  Updating user sensitive for uid 10207
2025-02-27 20:55:40.919  1216-1754  EGL_emulation           com...le.android.apps.nexuslauncher  D  app_time_stats: avg=40879.19ms min=40879.19ms max=40879.19ms count=1
2025-02-27 20:55:40.934   403-403   SurfaceFlinger          surfaceflinger                       E  Out of order buffers detected for RequestedLayerState{com.google.android.apps.nexuslauncher/com.google.android.apps.nexuslauncher.NexusLauncherActivity#910 parentId=118} producedId=51 frameNumber=191 -> producedId=51 frameNumber=112
2025-02-27 20:55:40.945  6277-6281  .gms.persistent         com.google.android.gms.persistent    I  Background concurrent mark compact GC freed 9672KB AllocSpace bytes, 18(640KB) LOS objects, 49% free, 15MB/31MB, paused 179us,1.725ms total 189.441ms
2025-02-27 20:55:40.953  6277-6283  .gms.persistent         com.google.android.gms.persistent    W  ApkAssets: Deleting an ApkAssets object '<empty> and /data/app/~~PZIGWCdogRiZXcjKwATfZw==/com.mgiallourakis.reactnativemathexpo-j8crlDq659v3xUcxlFQmEg==/base.apk' with 1 weak references
2025-02-27 20:55:40.965  1560-1564  ogle.android.as         com.google.android.as                I  Background concurrent mark compact GC freed 832KB AllocSpace bytes, 1(528KB) LOS objects, 49% free, 8977KB/17MB, paused 8.794ms,980us total 148.077ms
2025-02-27 20:55:40.966  1560-1566  ogle.android.as         com.google.android.as                W  ApkAssets: Deleting an ApkAssets object '<empty> and /data/app/~~0oYmWD5XJ7B6A1v8Di-bvw==/com.mgiallourakis.reactnativemathexpo-KsHQ__Cgwf49FeymZnNO4g==/base.apk' with 1 weak references
2025-02-27 20:55:40.980   580-591   system_server           system_server                        I  Background concurrent mark compact GC freed 13MB AllocSpace bytes, 18(560KB) LOS objects, 46% free, 27MB/51MB, paused 405us,950us total 214.909ms
2025-02-27 20:55:40.984   580-593   system_server           system_server                        W  ApkAssets: Deleting an ApkAssets object '<empty> and /data/app/~~PZIGWCdogRiZXcjKwATfZw==/com.mgiallourakis.reactnativemathexpo-j8crlDq659v3xUcxlFQmEg==/base.apk' with 1 weak references
2025-02-27 20:55:40.985   580-593   System                  system_server                        W  A resource failed to call close. 
2025-02-27 20:55:40.985   580-593   system_server           system_server                        W  ApkAssets: Deleting an ApkAssets object '<empty> and /product/app/LatinIMEGooglePrebuilt/LatinIMEGooglePrebuilt.apk' with 1 weak references
2025-02-27 20:55:40.986   580-593   system_server           system_server                        W  ApkAssets: Deleting an ApkAssets object '<empty> and /system/priv-app/InputDevices/InputDevices.apk' with 1 weak references
2025-02-27 20:55:40.986   580-593   system_server           system_server                        W  ApkAssets: Deleting an ApkAssets object '<empty> and /product/app/GoogleTTS/GoogleTTS.apk' with 1 weak references
2025-02-27 20:55:40.986   580-593   system_server           system_server                        W  ApkAssets: Deleting an ApkAssets object '<empty> and /system_ext/app/AccessibilityMenu/AccessibilityMenu.apk' with 1 weak references
2025-02-27 20:55:40.986   580-593   system_server           system_server                        W  ApkAssets: Deleting an ApkAssets object '/product/overlay/AccessibilityMenu__sdk_gphone16k_arm64__auto_generated_rro_product.apk' with 1 weak references
2025-02-27 20:55:40.986   580-593   system_server           system_server                        W  ApkAssets: Deleting an ApkAssets object '<empty> and /product/app/talkback/talkback.apk' with 1 weak references
2025-02-27 20:55:40.986   580-593   system_server           system_server                        W  ApkAssets: Deleting an ApkAssets object '/vendor/overlay/EmulatorTalkBackOverlay/EmulatorTalkBackOverlay.apk' with 1 weak references
2025-02-27 20:55:40.986   580-593   system_server           system_server                        W  ApkAssets: Deleting an ApkAssets object '<empty> and /data/app/~~LOfbwYykiY-t8sPAtNLfJw==/com.google.android.gms-OumbGSPif-Ihz0fUFzEMRQ==/base.apk' with 1 weak references
2025-02-27 20:55:41.014   974-983   ndroid.systemui         com.android.systemui                 I  Background concurrent mark compact GC freed 6609KB AllocSpace bytes, 62(2960KB) LOS objects, 50% free, 21MB/43MB, paused 301us,1.053ms total 247.641ms
2025-02-27 20:55:41.017   974-985   System                  com.android.systemui                 W  A resource failed to call release. 
2025-02-27 20:55:41.017   974-985   System                  com.android.systemui                 W  A resource failed to call release. 
2025-02-27 20:55:41.017   974-985   System                  com.android.systemui                 W  A resource failed to call release. 
2025-02-27 20:55:41.017   974-985   System                  com.android.systemui                 W  A resource failed to call release. 
2025-02-27 20:55:41.017   974-985   ndroid.systemui         com.android.systemui                 W  ApkAssets: Deleting an ApkAssets object '<empty> and /data/app/~~PZIGWCdogRiZXcjKwATfZw==/com.mgiallourakis.reactnativemathexpo-j8crlDq659v3xUcxlFQmEg==/base.apk' with 2 weak references
2025-02-27 20:55:41.017   974-985   System                  com.android.systemui                 W  A resource failed to call release. 
2025-02-27 20:55:41.017   974-985   System                  com.android.systemui                 W  A resource failed to call release. 
2025-02-27 20:55:41.017   974-985   System                  com.android.systemui                 W  A resource failed to call release. 
2025-02-27 20:55:41.017   974-985   System                  com.android.systemui                 W  A resource failed to call release. 
2025-02-27 20:55:41.017   974-985   System                  com.android.systemui                 W  A resource failed to call release. 
2025-02-27 20:55:41.017   974-985   System                  com.android.systemui                 W  A resource failed to call release. 
2025-02-27 20:55:41.264  1568-1568  MediaProvider           com...ndroid.providers.media.module  W  WorkProfileOwnerApps cache is empty
2025-02-27 20:55:41.264  1568-1568  PickerSyncLockManager   com...ndroid.providers.media.module  D  Trying to acquire lock com.android.providers.media.photopicker.sync.CloseableReentrantLock@e1c6f63[Unlocked]. Lock Name = CLOUD_PROVIDER_LOCK. Threads that may be waiting to acquire this lock = []
2025-02-27 20:55:41.264  1568-1568  CloseableReentrantLock  com...ndroid.providers.media.module  D  Successfully acquired lock com.android.providers.media.photopicker.sync.CloseableReentrantLock@e1c6f63[Locked by thread main]. Lock Name = CLOUD_PROVIDER_LOCK. Threads that may be waiting to acquire this lock = []
2025-02-27 20:55:41.264  1568-1568  CloseableReentrantLock  com...ndroid.providers.media.module  D  Successfully released lock com.android.providers.media.photopicker.sync.CloseableReentrantLock@e1c6f63[Unlocked]. Lock Name = CLOUD_PROVIDER_LOCK. Threads that may be waiting to acquire this lock = []
2025-02-27 20:55:41.267   974-974   ControlsLi...rollerImpl com.android.systemui                 D  ServiceConfig reloaded, count: 0
2025-02-27 20:55:41.267   580-608   ActivityManager         system_server                        D  sync unfroze 6413 com.android.vending for 3
2025-02-27 20:55:41.268   974-974   ControlsLi...rollerImpl com.android.systemui                 D  ServiceConfig reloaded, count: 0
2025-02-27 20:55:41.268   974-974   ControlsLi...rollerImpl com.android.systemui                 D  ServiceConfig reloaded, count: 0
2025-02-27 20:55:41.268   580-608   ActivityManager         system_server                        D  sync unfroze 19934 com.android.vending:background for 3
2025-02-27 20:55:41.269  1591-1591  GsaVoiceInteractionSrv  com....android.googlequicksearchbox  I  (REDACTED) O received %s
2025-02-27 20:55:41.289  1591-1591  GsaVoiceInteractionSrv  com....android.googlequicksearchbox  I  (REDACTED) O received %s
2025-02-27 20:55:41.290  1591-1591  GsaVoiceInteractionSrv  com....android.googlequicksearchbox  I  (REDACTED) O received %s
2025-02-27 20:55:41.290  6413-6447  Finsky                  com.android.vending                  I  [45] nbc.run(45): Stats for Executor: BlockingExecutor rsc@a61da8a[Running, pool size = 4, active threads = 0, queued tasks = 0, completed tasks = 368]
2025-02-27 20:55:41.290  6413-6447  Finsky                  com.android.vending                  I  [45] nbc.run(45): Stats for Executor: LightweightExecutor rsc@cfc48fb[Running, pool size = 3, active threads = 0, queued tasks = 0, completed tasks = 1725]
2025-02-27 20:55:41.290  6413-6447  Finsky                  com.android.vending                  I  [45] nbc.run(45): Stats for Executor: bgExecutor rsc@2c9bd18[Running, pool size = 4, active threads = 0, queued tasks = 0, completed tasks = 7856]
2025-02-27 20:55:41.291  6413-6413  ActivityThread          com.android.vending                  D  Package [com.mgiallourakis.reactnativemathexpo] reported as REPLACED, but missing application info. Assuming REMOVED.
2025-02-27 20:55:41.292  6413-6413  ActivityThread          com.android.vending                  D  Package [com.mgiallourakis.reactnativemathexpo] reported as REPLACED, but missing application info. Assuming REMOVED.
2025-02-27 20:55:41.294 19934-19934 ActivityThread          com.android.vending                  D  Package [com.mgiallourakis.reactnativemathexpo] reported as REPLACED, but missing application info. Assuming REMOVED.
2025-02-27 20:55:41.294 19934-19934 ActivityThread          com.android.vending                  D  Package [com.mgiallourakis.reactnativemathexpo] reported as REPLACED, but missing application info. Assuming REMOVED.
2025-02-27 20:55:41.295  6413-6413  Finsky                  com.android.vending                  I  [2] yzg.onTrimMemory(11): Memory trim requested to level 40
2025-02-27 20:55:41.295 19934-19934 Finsky:background       com.android.vending                  I  [2] yzg.onTrimMemory(11): Memory trim requested to level 40
2025-02-27 20:55:41.295  6413-6413  Finsky                  com.android.vending                  I  [2] adjh.accept(139): Flushing in-memory image cache
2025-02-27 20:55:41.296 19934-19962 Finsky:background       com.android.vending                  I  [91] nbc.run(45): Stats for Executor: bgExecutor rsc@af9c9f5[Running, pool size = 4, active threads = 0, queued tasks = 0, completed tasks = 58]
2025-02-27 20:55:41.296 19934-19962 Finsky:background       com.android.vending                  I  [91] nbc.run(45): Stats for Executor: LightweightExecutor rsc@dea1071[Running, pool size = 3, active threads = 0, queued tasks = 0, completed tasks = 8]
2025-02-27 20:55:41.296 19934-19962 Finsky:background       com.android.vending                  I  [91] nbc.run(45): Stats for Executor: BlockingExecutor rsc@6119e56[Running, pool size = 0, active threads = 0, queued tasks = 0, completed tasks = 42]
2025-02-27 20:55:41.296 19934-19934 Finsky:background       com.android.vending                  I  [2] yzg.onTrimMemory(11): Memory trim requested to level 40
2025-02-27 20:55:41.301  7503-7543  Bugle                   com.google.android.apps.messaging    I  BroadcastReceiverAsyncWorkTracker: Acknowledging broadcast of buoi@f8075c0
2025-02-27 20:55:41.302  6413-6413  Finsky                  com.android.vending                  I  [2] yzg.onTrimMemory(11): Memory trim requested to level 40
2025-02-27 20:55:41.302  6413-6413  Finsky                  com.android.vending                  I  [2] adjh.accept(139): Flushing in-memory image cache
2025-02-27 20:55:41.302 19934-19934 Finsky:background       com.android.vending                  I  [2] abpi.g(6): abpi - Received: android.intent.action.PACKAGE_REMOVED, [YSRbE4Nw_2D1gOXXAl0DsprRUwFwu4tKDBEDlTFg0dM]
2025-02-27 20:55:41.302  6413-6413  Finsky                  com.android.vending                  I  [2] abps.g(1): abps - Received: android.intent.action.PACKAGE_REMOVED, [YSRbE4Nw_2D1gOXXAl0DsprRUwFwu4tKDBEDlTFg0dM]
2025-02-27 20:55:41.318  6413-6413  Finsky                  com.android.vending                  I  [2] vqp.d(67): IQ: onPackageRemoved com.mgiallourakis.reactnativemathexpo, replacing=true, uninstallingFromPlay=false
2025-02-27 20:55:41.318   580-3216  ActivityManager         system_server                        D  sync unfroze 7883 com.google.android.apps.wellbeing for 7
2025-02-27 20:55:41.320 19934-19934 Finsky:background       com.android.vending                  I  [2] vqp.d(67): IQ: onPackageRemoved com.mgiallourakis.reactnativemathexpo, replacing=true, uninstallingFromPlay=false
2025-02-27 20:55:41.323  7883-7883  ActivityThread          com.google.android.apps.wellbeing    D  Package [com.mgiallourakis.reactnativemathexpo] reported as REPLACED, but missing application info. Assuming REMOVED.
2025-02-27 20:55:41.325   580-1586  ActivityManager         system_server                        D  sync unfroze 6287 com.google.android.gms for 6
2025-02-27 20:55:41.327  6413-22074 Finsky                  com.android.vending                  I  [681] unm.accept(78): IQ: handled package removed
2025-02-27 20:55:41.327   580-1586  ActivityManager         system_server                        D  sync unfroze 6606 com.google.android.gms.unstable for 6
2025-02-27 20:55:41.331  6287-6287  ActivityThread          com.google.android.gms               D  Package [com.mgiallourakis.reactnativemathexpo] reported as REPLACED, but missing application info. Assuming REMOVED.
2025-02-27 20:55:41.331  6287-6287  ActivityThread          com.google.android.gms               D  Package [com.mgiallourakis.reactnativemathexpo] reported as REPLACED, but missing application info. Assuming REMOVED.
2025-02-27 20:55:41.332  7883-7883  ActivityThread          com.google.android.apps.wellbeing    D  Package [com.mgiallourakis.reactnativemathexpo] reported as REPLACED, but missing application info. Assuming REMOVED.
2025-02-27 20:55:41.338  6606-6606  ActivityThread          com.google.android.gms.unstable      D  Package [com.mgiallourakis.reactnativemathexpo] reported as REPLACED, but missing application info. Assuming REMOVED.
2025-02-27 20:55:41.338  6606-6606  ActivityThread          com.google.android.gms.unstable      D  Package [com.mgiallourakis.reactnativemathexpo] reported as REPLACED, but missing application info. Assuming REMOVED.
2025-02-27 20:55:41.339 19934-22068 Finsky:background       com.android.vending                  I  [159] rhr.accept(112): Wrote row to frosting DB: 423
2025-02-27 20:55:41.347  1560-2010  AiAiTextClassifier      com.google.android.as                I  [VisualCortexAdapter]: provideRegistration: Registered Prominent Screen Entities for updates.
2025-02-27 20:55:41.347  1560-2010  AiAiTextClassifier      com.google.android.as                I  [VisualCortexAdapter]: provideRegistration: Registered Prominent Screen Entities for updates.
2025-02-27 20:55:41.347  1560-2010  AiAiTextClassifier      com.google.android.as                I  [VisualCortexAdapter]: provideRegistration: Registered Prominent Screen Entities for updates.
2025-02-27 20:55:41.349 19934-22075 Finsky:background       com.android.vending                  I  [161] unm.accept(78): IQ: handled package removed
2025-02-27 20:55:41.351   580-595   ActivityManager         system_server                        D  sync unfroze 20020 com.google.android.googlequicksearchbox:search for 6
2025-02-27 20:55:41.352 19934-19934 Finsky:background       com.android.vending                  I  [2] abpi.g(6): abpi - Received: android.intent.action.PACKAGE_ADDED, [YSRbE4Nw_2D1gOXXAl0DsprRUwFwu4tKDBEDlTFg0dM]
2025-02-27 20:55:41.354  6413-6504  Finsky                  com.android.vending                  I  [57] mxk.a(47): AIM: AppInfoManager-Perf > OnDeviceAppInfo > cacheHitCount=0, cacheMissCount=1. Missed  in cache (limit 10) : [com.mgiallourakis.reactnativemathexpo]
2025-02-27 20:55:41.365 19934-22068 Finsky:background       com.android.vending                  I  [159] rhr.accept(112): Wrote row to frosting DB: 424
2025-02-27 20:55:41.372  6413-6413  Finsky                  com.android.vending                  I  [2] abps.g(1): abps - Received: android.intent.action.PACKAGE_ADDED, [YSRbE4Nw_2D1gOXXAl0DsprRUwFwu4tKDBEDlTFg0dM]
2025-02-27 20:55:41.384 20020-20020 ActivityThread          com....android.googlequicksearchbox  D  Package [com.mgiallourakis.reactnativemathexpo] reported as REPLACED, but missing application info. Assuming REMOVED.
2025-02-27 20:55:41.389  6413-6531  Finsky                  com.android.vending                  I  [67] mbt.apply(1235): AIM: Got app ownership map. App counts: . Unique apps: 0
2025-02-27 20:55:41.390  6413-6531  Finsky                  com.android.vending                  E  [67] ahqk.v(47): [Counters] attempted to use a non-positive increment for: 4752
2025-02-27 20:55:41.390  6413-6531  Finsky                  com.android.vending                  E  [67] ahqk.v(47): [Counters] attempted to use a non-positive increment for: 4753
2025-02-27 20:55:41.403 19934-19934 Finsky:background       com.android.vending                  I  [2] abpi.g(6): abpi - Received: android.intent.action.PACKAGE_ADDED, [YSRbE4Nw_2D1gOXXAl0DsprRUwFwu4tKDBEDlTFg0dM]
2025-02-27 20:55:41.410 19934-22068 Finsky:background       com.android.vending                  I  [159] rhr.accept(112): Wrote row to frosting DB: 425
2025-02-27 20:55:41.434  6413-6413  Finsky                  com.android.vending                  I  [2] vtl.jB(11): DTU: Received onPackageAdded, replacing: true
2025-02-27 20:55:41.434 19934-22068 Finsky:background       com.android.vending                  I  [159] rhr.accept(112): Wrote row to frosting DB: 426
2025-02-27 20:55:41.435  6413-6504  Finsky                  com.android.vending                  I  [57] mxk.a(47): AIM: AppInfoManager-Perf > OnDeviceAppInfo > cacheHitCount=0, cacheMissCount=1. Missed  in cache (limit 10) : [com.mgiallourakis.reactnativemathexpo]
2025-02-27 20:55:41.435  6413-6504  Finsky                  com.android.vending                  I  [57] mbt.apply(1235): AIM: Got app ownership map. App counts: . Unique apps: 0
2025-02-27 20:55:41.435  6413-6504  Finsky                  com.android.vending                  E  [57] ahqk.v(47): [Counters] attempted to use a non-positive increment for: 4752
2025-02-27 20:55:41.435  6413-6504  Finsky                  com.android.vending                  E  [57] ahqk.v(47): [Counters] attempted to use a non-positive increment for: 4753
2025-02-27 20:55:41.435  6413-6504  Finsky                  com.android.vending                  I  [57] mxf.a(218): AIM: AppInfoManager-Perf > ItemModel > CacheSize=0, cacheHitCount=0, cacheMissCount=1, total appsWithNoServerDataCount=0. Missed  in cache (limit 10) : [com.mgiallourakis.reactnativemathexpo]
2025-02-27 20:55:41.435   580-595   ProcessStats            system_server                        W  Tracking association SourceState{f65a83f com.google.android.gms/10144 Service #20799} whose proc state 8 is better than process ProcessState{746050c com.google.android.gms.unstable/10144 pkg=com.google.android.gms} proc state 14 (2 skipped)
2025-02-27 20:55:41.436  6413-6504  Finsky                  com.android.vending                  I  [57] mxj.n(19): AIM: AppInfoManager-Perf > ItemModel > ItemStore Called 1 apps cacheOptions = USE_CACHE
2025-02-27 20:55:41.436  6413-6413  Finsky                  com.android.vending                  I  [2] abps.g(1): abps - Received: android.intent.action.PACKAGE_ADDED, [YSRbE4Nw_2D1gOXXAl0DsprRUwFwu4tKDBEDlTFg0dM]
2025-02-27 20:55:41.439  6413-6504  Finsky                  com.android.vending                  I  [57] mxf.a(1133): AIM: ItemModel fetch - unauth(1), auth()
2025-02-27 20:55:41.439  6413-6504  Finsky                  com.android.vending                  I  [57] wup.apply(415): ItemStore: Not cached: com.mgiallourakis.reactnativemathexpo
2025-02-27 20:55:41.441  6413-6413  Finsky                  com.android.vending                  I  [2] abps.g(1): abps - Deduping intent android.intent.action.PACKAGE_ADDED
2025-02-27 20:55:41.442  6413-6413  Finsky                  com.android.vending                  I  [2] abps.g(1): abps - Received: android.intent.action.PACKAGE_ADDED, [YSRbE4Nw_2D1gOXXAl0DsprRUwFwu4tKDBEDlTFg0dM]
2025-02-27 20:55:41.444 19934-22068 Finsky:background       com.android.vending                  I  [159] rhr.accept(112): Wrote row to frosting DB: 427
2025-02-27 20:55:41.444  6413-6413  Finsky                  com.android.vending                  I  [2] abps.g(1): abps - Deduping intent android.intent.action.PACKAGE_ADDED
2025-02-27 20:55:41.450  6413-6413  Finsky                  com.android.vending                  I  [2] yzg.onTrimMemory(11): Memory trim requested to level 40
2025-02-27 20:55:41.450  6413-6413  Finsky                  com.android.vending                  I  [2] adjh.accept(139): Flushing in-memory image cache
2025-02-27 20:55:41.451  6413-6504  Finsky                  com.android.vending                  I  [57] mxf.a(218): AIM: AppInfoManager-Perf > ItemModel > CacheSize=0, cacheHitCount=0, cacheMissCount=1, total appsWithNoServerDataCount=0. Missed  in cache (limit 10) : [com.mgiallourakis.reactnativemathexpo]
2025-02-27 20:55:41.451  6413-6504  Finsky                  com.android.vending                  I  [57] mxj.n(19): AIM: AppInfoManager-Perf > ItemModel > ItemStore Called 1 apps cacheOptions = USE_CACHE
2025-02-27 20:55:41.451  6413-6504  Finsky                  com.android.vending                  I  [57] mxf.a(1133): AIM: ItemModel fetch - unauth(1), auth()
2025-02-27 20:55:41.451  6413-6504  Finsky                  com.android.vending                  I  [57] wup.apply(415): ItemStore: Not cached: com.mgiallourakis.reactnativemathexpo
2025-02-27 20:55:41.452 19934-19934 Finsky:background       com.android.vending                  I  [2] abpi.g(6): abpi - Deduping intent android.intent.action.PACKAGE_ADDED
2025-02-27 20:55:41.452 20020-20020 ActivityThread          com....android.googlequicksearchbox  D  Package [com.mgiallourakis.reactnativemathexpo] reported as REPLACED, but missing application info. Assuming REMOVED.
2025-02-27 20:55:41.456 19934-19934 Finsky:background       com.android.vending                  I  [2] abpi.g(6): abpi - Received: android.intent.action.PACKAGE_ADDED, [YSRbE4Nw_2D1gOXXAl0DsprRUwFwu4tKDBEDlTFg0dM]
2025-02-27 20:55:41.461 19934-19934 Finsky:background       com.android.vending                  I  [2] abpi.g(6): abpi - Deduping intent android.intent.action.PACKAGE_ADDED
2025-02-27 20:55:41.463   580-595   SafetySourceDataValidat system_server                        V  Package: com.android.vending has expected signature
2025-02-27 20:55:41.468 19934-19934 Finsky:background       com.android.vending                  I  [2] yzg.onTrimMemory(11): Memory trim requested to level 40
2025-02-27 20:55:41.468  6277-22103 Fitness                 com.google.android.gms.persistent    I  (REDACTED) FitCleanupIntentOperation received Intent %s
2025-02-27 20:55:41.472 19934-22068 Finsky:background       com.android.vending                  I  [159] rhr.accept(112): Wrote row to frosting DB: 428
2025-02-27 20:55:41.475  6413-22069 TrafficStats            com.android.vending                  D  tagSocket(113) with statsTag=0xffffffff, statsUid=-1
2025-02-27 20:55:41.475  6413-22084 TrafficStats            com.android.vending                  D  tagSocket(165) with statsTag=0xffffffff, statsUid=-1
2025-02-27 20:55:41.476  6413-22085 TrafficStats            com.android.vending                  D  tagSocket(128) with statsTag=0xffffffff, statsUid=-1
2025-02-27 20:55:41.476  6413-22083 TrafficStats            com.android.vending                  D  tagSocket(115) with statsTag=0xffffffff, statsUid=-1
2025-02-27 20:55:41.476  1560-2010  AiAiTextClassifier      com.google.android.as                I  [VisualCortexAdapter]: provideRegistration: Registered Prominent Screen Entities for updates.
2025-02-27 20:55:41.487  1560-2010  AiAiTextClassifier      com.google.android.as                I  [VisualCortexAdapter]: provideRegistration: Registered Prominent Screen Entities for updates.
2025-02-27 20:55:41.488  1560-2010  AiAiTextClassifier      com.google.android.as                I  [VisualCortexAdapter]: provideRegistration: Registered Prominent Screen Entities for updates.
2025-02-27 20:55:41.490  1560-2010  AiAiTextClassifier      com.google.android.as                I  [VisualCortexAdapter]: provideRegistration: Registered Prominent Screen Entities for updates.
2025-02-27 20:55:41.491  1560-2010  AiAiTextClassifier      com.google.android.as                I  [VisualCortexAdapter]: provideRegistration: Registered Prominent Screen Entities for updates.
2025-02-27 20:55:41.492  1560-2010  AiAiTextClassifier      com.google.android.as                I  [VisualCortexAdapter]: provideRegistration: Registered Prominent Screen Entities for updates.
2025-02-27 20:55:41.522  6413-6529  TrafficStats            com.android.vending                  D  tagSocket(127) with statsTag=0x4be64f9b, statsUid=-1
2025-02-27 20:55:41.533  6277-22082 ProximityAuth           com.google.android.gms.persistent    I  [RecentAppsMediator] Package added: (user=UserHandle{0}) com.mgiallourakis.reactnativemathexpo
2025-02-27 20:55:41.545 20020-20122 A                       com....android.googlequicksearchbox  E  (REDACTED) Trace %s timed out after %d ms. Complete trace: %s
                                                                                                    com.google.apps.tiktok.tracing.gb: 
                                                                                                    	at tk_trace.LocationUpdateRequester#isEnabled(Started After:10)
                                                                                                    	at tk_trace.LocationUpdateRequester#requestOrRemoveLocationUpdates(Started After:10)
                                                                                                    	at tk_trace.LocationUpdateRequestScheduler#scheduleLocationUpdateRequest(Started After:10)
                                                                                                    	at tk_trace.LocationUpdateApplicationStartupListener#onApplicationStartup(Started After:0)
                                                                                                    	at tk_trace.LocationUpdateApplicationStartupListener(Started After:0)
                                                                                                    	at tk_trace.Startup Listeners(Started After:0)
                                                                                                    	at tk_trace.Application.onCreate(Started After:0)
                                                                                                    	at tk_trace.Application creation(Started After:0)
2025-02-27 20:55:41.548  6287-22112 Auth                    com.google.android.gms               I  (REDACTED) [SupervisedAccountIntentOperationV2] onHandleIntent: %s
2025-02-27 20:55:41.560  6287-6287  BoundBrokerSvc          com.google.android.gms               D  onBind: Intent { act=com.google.android.gms.common.BIND_SHARED_PREFS pkg=com.google.android.gms }
2025-02-27 20:55:41.560  6287-6287  BoundBrokerSvc          com.google.android.gms               D  Loading bound service for intent: Intent { act=com.google.android.gms.common.BIND_SHARED_PREFS pkg=com.google.android.gms }
2025-02-27 20:55:41.563  6287-22113 SQLiteLog               com.google.android.gms               W  (28) double-quoted string literal: "com.mgiallourakis.reactnativemathexpo"
2025-02-27 20:55:41.566  7883-7889  .apps.wellbeing         com.google.android.apps.wellbeing    I  Background concurrent mark compact GC freed 912KB AllocSpace bytes, 0(0B) LOS objects, 49% free, 4286KB/8573KB, paused 104us,840us total 155.177ms
2025-02-27 20:55:41.602 20020-20130 SearchServiceCore       com....android.googlequicksearchbox  W  Abort, client detached.
2025-02-27 20:55:41.602 20020-20130 SearchServiceCore       com....android.googlequicksearchbox  W  Abort, client detached.
2025-02-27 20:55:41.612 20020-20130 SearchServiceCore       com....android.googlequicksearchbox  W  Abort, client detached.
2025-02-27 20:55:41.658  6413-6504  Finsky                  com.android.vending                  I  [57] rrq.accept(58): SCH: Scheduling phonesky job Id: 37-63, CT: 1740707741439, Constraints: [{ L: 0, D: 0, C: CHARGING_NONE, I: IDLE_NONE, N: NET_NONE, B: BATTERY_ANY }, { L: 0, D: 0, C: CHARGING_NONE, I: IDLE_NONE, N: NET_NONE, B: BATTERY_ANY }]
2025-02-27 20:55:41.663  6413-6530  Finsky                  com.android.vending                  I  [66] nat.apply(290): SCH: Scheduling 1 system job(s)
2025-02-27 20:55:41.663  6413-6530  Finsky                  com.android.vending                  I  [66] nat.apply(455): SCH: Scheduling expedited system job 9624
2025-02-27 20:55:41.672  6287-6399  Icing                   com.google.android.gms               I  IndexChimeraService.getServiceInterface callingPackage=com.google.android.gms componentName=AppsCorpus serviceId=36
2025-02-27 20:55:41.673  6287-6287  BoundBrokerSvc          com.google.android.gms               D  onBind: Intent { act=com.google.android.gms.feedback.internal.IFeedbackService dat=chimera-action:/... cmp=com.google.android.gms/.chimera.GmsBoundBrokerService }
2025-02-27 20:55:41.673  6287-6287  BoundBrokerSvc          com.google.android.gms               D  Loading bound service for intent: Intent { act=com.google.android.gms.feedback.internal.IFeedbackService dat=chimera-action:/... cmp=com.google.android.gms/.chimera.GmsBoundBrokerService }
2025-02-27 20:55:41.679  6413-6413  Finsky                  com.android.vending                  I  [2] agsu.onStartJob(126): SCH: job service start with id 9624.
2025-02-27 20:55:41.685  6413-6504  Finsky                  com.android.vending                  E  [57] wux.a(109): ItemStore: getItems RPC failed.
2025-02-27 20:55:41.685  6413-6531  Finsky                  com.android.vending                  E  [67] wux.a(109): ItemStore: getItems RPC failed.
2025-02-27 20:55:41.686  6413-6526  Finsky                  com.android.vending                  I  [63] rrq.accept(58): SCH: Scheduling phonesky job Id: 12-1, CT: 1740707741429, Constraints: [{ L: 15000, D: 86400000, C: CHARGING_NONE, I: IDLE_NONE, N: NET_ANY, B: BATTERY_ANY }]
2025-02-27 20:55:41.695  6413-6526  Finsky                  com.android.vending                  I  [63] nat.apply(290): SCH: Scheduling 1 system job(s)
2025-02-27 20:55:41.695  6413-6526  Finsky                  com.android.vending                  I  [63] agqy.b(244): SCH: Scheduling system job Id: 9625, L: 14734, D: 76072542, C: false, I: false, N: 1
2025-02-27 20:55:41.697  6413-22072 Finsky                  com.android.vending                  I  [680] nas.a(185): SCH: Satisfied jobs for 9624 are: 37-62, 37-63
2025-02-27 20:55:41.698  6287-6399  Icing                   com.google.android.gms               I  IndexChimeraService.getServiceInterface callingPackage=com.google.android.gms componentName=null serviceId=30
2025-02-27 20:55:41.702  6413-22128 Finsky                  com.android.vending                  I  [688] adhf.accept(98): SCH: Job 37-62 starting
2025-02-27 20:55:41.703  6413-22128 Finsky                  com.android.vending                  I  [688] adhf.accept(98): SCH: Job 37-63 starting
2025-02-27 20:55:41.704  6413-6413  Finsky                  com.android.vending                  I  [2] PackageAddedOrRemovedEventJob.a(62): Received an install/uninstall event for package com.mgiallourakis.reactnativemathexpo with replacing being true
2025-02-27 20:55:41.705  6413-6530  Finsky                  com.android.vending                  I  [66] rrq.accept(58): SCH: Scheduling phonesky job Id: 37-62, CT: 1740707741430, Constraints: [{ L: 0, D: 0, C: CHARGING_NONE, I: IDLE_NONE, N: NET_NONE, B: BATTERY_ANY }, { L: 0, D: 0, C: CHARGING_NONE, I: IDLE_NONE, N: NET_NONE, B: BATTERY_ANY }]
2025-02-27 20:55:41.706  6413-6497  Finsky                  com.android.vending                  I  [55] ozv.kk(181): [ContentSync] finished, scheduled=true
2025-02-27 20:55:41.706  6413-6413  Finsky                  com.android.vending                  I  [2] agrc.q(56): SCH: jobFinished: 37-62. TimeElapsed: 3ms.
2025-02-27 20:55:41.706  6413-6413  Finsky                  com.android.vending                  I  [2] PackageAddedOrRemovedEventJob.a(62): Received an install/uninstall event for package com.mgiallourakis.reactnativemathexpo with replacing being true
2025-02-27 20:55:41.706  6287-21428 Icing                   com.google.android.gms               I  Usage reports ok 0, Failed Usage reports 0, indexed 0, rejected 0
2025-02-27 20:55:41.706  6413-6413  Finsky                  com.android.vending                  I  [2] agrc.q(56): SCH: jobFinished: 37-63. TimeElapsed: 0ms.
2025-02-27 20:55:41.711  6413-6504  Finsky                  com.android.vending                  I  [57] nat.apply(290): SCH: Scheduling 0 system job(s)
2025-02-27 20:55:41.711  6413-6504  Finsky                  com.android.vending                  I  [57] rrq.accept(58): SCH: Scheduling phonesky job Id: 12-1, CT: 1740707741326, Constraints: [{ L: 15000, D: 86400000, C: CHARGING_NONE, I: IDLE_NONE, N: NET_ANY, B: BATTERY_ANY }]
2025-02-27 20:55:41.714  6413-6504  Finsky                  com.android.vending                  I  [57] nat.apply(290): SCH: Scheduling 1 system job(s)
2025-02-27 20:55:41.715  6413-6504  Finsky                  com.android.vending                  I  [57] agqy.b(244): SCH: Scheduling system job Id: 9625, L: 14612, D: 76072523, C: false, I: false, N: 1
2025-02-27 20:55:41.723  6413-6496  Finsky                  com.android.vending                  I  [54] ozv.kk(181): [ContentSync] finished, scheduled=true
2025-02-27 20:55:41.727  6287-21428 Icing                   com.google.android.gms               I  Usage reports ok 0, Failed Usage reports 0, indexed 0, rejected 0
2025-02-27 20:55:41.728  6287-21428 Icing                   com.google.android.gms               I  Indexing com.google.android.gms-apps from com.google.android.gms
2025-02-27 20:55:41.731  6287-21428 Icing                   com.google.android.gms               I  Indexing done com.google.android.gms-apps
2025-02-27 20:55:41.733  6287-21428 Icing                   com.google.android.gms               I  Indexing com.google.android.gms-apps from com.google.android.gms
2025-02-27 20:55:41.734  6287-21428 Icing                   com.google.android.gms               I  Indexing done com.google.android.gms-apps
2025-02-27 20:55:41.772  6287-6291  gle.android.gms         com.google.android.gms               W  Missing inline cache for java.lang.Object bmeh.a()
2025-02-27 20:55:41.782  6413-6531  Finsky                  com.android.vending                  I  [67] rrq.accept(58): SCH: Scheduling phonesky job Id: 26-1414141414, CT: 1740685178122, Constraints: [{ L: 43200000, D: 44100000, C: CHARGING_NONE, I: IDLE_NONE, N: NET_NONE, B: BATTERY_ANY }]
2025-02-27 20:55:41.787  6413-6526  Finsky                  com.android.vending                  I  [63] nat.apply(290): SCH: Scheduling 1 system job(s)
2025-02-27 20:55:41.787  6413-6526  JobInfo                 com.android.vending                  W  Job 'com.android.vending/com.google.android.finsky.scheduler.process.mainimpl.PhoneskyJobServiceMain#9632' has a deadline with no functional constraints. The deadline won't improve job execution latency. Consider removing the deadline.
2025-02-27 20:55:41.787  6413-6526  Finsky                  com.android.vending                  I  [63] agqy.b(244): SCH: Scheduling system job Id: 9632, L: 20636335, D: 21536335, C: false, I: false, N: 0
2025-02-27 20:55:41.787   580-1079  JobInfo                 system_server                        W  Job 'com.android.vending/com.google.android.finsky.scheduler.process.mainimpl.PhoneskyJobServiceMain#9632' has a deadline with no functional constraints. The deadline won't improve job execution latency. Consider removing the deadline.
2025-02-27 20:55:41.795  6413-22128 Finsky                  com.android.vending                  I  [688] agsu.a(24): SCH: job service finished with id 9624.
2025-02-27 20:55:41.799  6413-6413  Finsky                  com.android.vending                  I  [2] yzg.onTrimMemory(11): Memory trim requested to level 40
2025-02-27 20:55:41.799  6413-6413  Finsky                  com.android.vending                  I  [2] adjh.accept(139): Flushing in-memory image cache
2025-02-27 20:55:41.819   580-3221  ActivityTaskManager     system_server                        W  callingPackage for (uid=2000, pid=22132) has no WPC
2025-02-27 20:55:41.819   580-3221  OptProp                 system_server                        W  Cannot read opt property android.window.PROPERTY_COMPAT_ALLOW_USER_ASPECT_RATIO_OVERRIDE
2025-02-27 20:55:41.819   580-3221  OptProp                 system_server                        W  Cannot read opt property android.window.PROPERTY_COMPAT_ALLOW_USER_ASPECT_RATIO_FULLSCREEN_OVERRIDE
2025-02-27 20:55:41.819   580-3221  OptProp                 system_server                        W  Cannot read opt property android.window.PROPERTY_COMPAT_ALLOW_ORIENTATION_OVERRIDE
2025-02-27 20:55:41.820   580-3221  Grammatica...ctionUtils system_server                        V  AttributionSource: android.content.AttributionSource@66ed5f08 does not have READ_SYSTEM_GRAMMATICAL_GENDER permission.
2025-02-27 20:55:41.820   580-3221  OptProp                 system_server                        W  Cannot read opt property android.window.PROPERTY_COMPAT_ALLOW_RESIZEABLE_ACTIVITY_OVERRIDES
2025-02-27 20:55:41.820   580-3221  OptProp                 system_server                        W  Cannot read opt property android.window.PROPERTY_COMPAT_ALLOW_MIN_ASPECT_RATIO_OVERRIDE
2025-02-27 20:55:41.825   974-1026  WindowManagerShell      com.android.systemui                 V  Transition requested (#146): android.os.BinderProxy@ba10ff7 TransitionRequestInfo { type = OPEN, triggerTask = TaskInfo{userId=0 taskId=66 displayId=0 isRunning=true baseIntent=Intent { act=android.intent.action.VIEW dat=com.mgiallourakis.reactnativemathexpo://expo-development-client/... flg=0x10000000 cmp=com.mgiallourakis.reactnativemathexpo/.MainActivity } baseActivity=ComponentInfo{com.mgiallourakis.reactnativemathexpo/com.mgiallourakis.reactnativemathexpo.MainActivity} topActivity=ComponentInfo{com.mgiallourakis.reactnativemathexpo/com.mgiallourakis.reactnativemathexpo.MainActivity} origActivity=null realActivity=ComponentInfo{com.mgiallourakis.reactnativemathexpo/com.mgiallourakis.reactnativemathexpo.MainActivity} numActivities=1 lastActiveTime=22543363 supportsMultiWindow=true resizeMode=1 isResizeable=true minWidth=-1 minHeight=-1 defaultMinSize=220 token=WCT{android.window.IWindowContainerToken$Stub$Proxy@67b3e64} topActivityType=1 pictureInPictureParams=null shouldDockBigOverlays=false launchIntoPipHostTaskId=-1 lastParentTaskIdBeforePip=-1 displayCutoutSafeInsets=Rect(0, 136 - 0, 0) topActivityInfo=ActivityInfo{4d438cd com.mgiallourakis.reactnativemathexpo.MainActivity} launchCookies=[] positionInParent=Point(0, 0) parentTaskId=-1 isFocused=false isVisible=false isVisibleRequested=false isSleeping=false locusId=null displayAreaFeatureId=1 isTopActivityTransparent=false appCompatTaskInfo=AppCompatTaskInfo { topActivityInSizeCompat=false topActivityEligibleForLetterboxEducation= falseisLetterboxEducationEnabled= true isLetterboxDoubleTapEnabled= true topActivityEligibleForUserAspectRatioButton= true topActivityBoundsLetterboxed= true isFromLetterboxDoubleTap= false topActivityLetterboxVerticalPosition= -1 topActivityLetterboxHorizontalPosition= 1 topActivityLetterboxWidth=1454 topActivityLetterboxHeight=2152 isUserFullscreenOverrideEnabled=false isSystemFullscreenOverrideEnabled=false cameraCompatTaskInfo=CameraCompatTaskInfo { cameraCompatControlState=hidden freeformCameraCompatMode=inactive}}}, pipTask = null, remoteTransition = null, displayChange = null, flags = 0, debugId = 146 }
2025-02-27 20:55:41.826   580-3221  ActivityTaskManager     system_server                        I  START u0 {act=android.intent.action.VIEW dat=com.mgiallourakis.reactnativemathexpo://expo-development-client/... flg=0x10000000 cmp=com.mgiallourakis.reactnativemathexpo/.MainActivity} with LAUNCH_SINGLE_TASK from uid 2000 (BAL_ALLOW_PERMISSION) result code=0
2025-02-27 20:55:41.828  1216-1216  SplitSelectStateCtor    com...le.android.apps.nexuslauncher  W  Missing session instanceIds
2025-02-27 20:55:41.828  1216-1216  StatsLog                com...le.android.apps.nexuslauncher  D  LAUNCHER_SPLIT_SELECTION_EXIT_INTERRUPTED
2025-02-27 20:55:41.828   580-601   Grammatica...ctionUtils system_server                        V  AttributionSource: android.content.AttributionSource@66ed5f08 does not have READ_SYSTEM_GRAMMATICAL_GENDER permission.
2025-02-27 20:55:41.835   403-403   BpBinder                surfaceflinger                       I  onLastStrongRef automatically unlinking death recipients: 
2025-02-27 20:55:41.849   974-1026  WindowManagerShell      com.android.systemui                 D  setLauncherKeepClearAreaHeight: visible=false, height=427
2025-02-27 20:55:41.851  6413-6443  android.vending         com.android.vending                  I  Waiting for a blocking GC ProfileSaver
2025-02-27 20:55:41.854   580-3221  CoreBackPreview         system_server                        D  Window{d18ed45 u0 Splash Screen com.mgiallourakis.reactnativemathexpo}: Setting back callback OnBackInvokedCallbackInfo{mCallback=android.window.IOnBackInvokedCallback$Stub$Proxy@86018c1, mPriority=0, mIsAnimationCallback=false}
2025-02-27 20:55:41.859  1216-1216  TopTaskTracker          com...le.android.apps.nexuslauncher  I  onTaskMovedToFront: (moved taskInfo to front) taskId=66, baseIntent=Intent { act=android.intent.action.VIEW dat=com.mgiallourakis.reactnativemathexpo://expo-development-client/... flg=0x10000000 cmp=com.mgiallourakis.reactnativemathexpo/.MainActivity }
2025-02-27 20:55:41.859   361-361   Zygote                  pid-361                              D  Forked child process 22135
2025-02-27 20:55:41.861   580-609   ActivityManager         system_server                        I  Start proc 22135:com.mgiallourakis.reactnativemathexpo/u0a207 for next-top-activity {com.mgiallourakis.reactnativemathexpo/com.mgiallourakis.reactnativemathexpo.MainActivity}
2025-02-27 20:55:41.901   403-403   SurfaceFlinger          surfaceflinger                       E  Out of order buffers detected for RequestedLayerState{com.google.android.apps.nexuslauncher/com.google.android.apps.nexuslauncher.NexusLauncherActivity#910 parentId=118} producedId=51 frameNumber=191 -> producedId=51 frameNumber=113
2025-02-27 20:55:41.910 22135-22135 tnativemathexpo         pid-22135                            I  Late-enabling -Xcheck:jni
2025-02-27 20:55:41.917   403-403   SurfaceFlinger          surfaceflinger                       E  Out of order buffers detected for RequestedLayerState{com.google.android.apps.nexuslauncher/com.google.android.apps.nexuslauncher.NexusLauncherActivity#910 parentId=118} producedId=51 frameNumber=191 -> producedId=51 frameNumber=114
2025-02-27 20:55:41.926  6413-6443  android.vending         com.android.vending                  I  WaitForGcToComplete blocked ProfileSaver on CollectorTransition for 74.796ms
2025-02-27 20:55:41.927 22135-22135 tnativemathexpo         pid-22135                            I  Using CollectorTypeCMC GC.
2025-02-27 20:55:41.933  1953-1961  adbd                    adbd                                 I  jdwp connection from 22135
