2025-02-27 20:51:45.499   974-974   ClipboardListener       com.android.systemui                 I  Clipboard overlay suppressed.
--------- beginning of system
2025-02-27 20:51:45.502  1560-1804  AiAiTranslate           com.google.android.as                I  C2T - not in a conversation
2025-02-27 20:51:45.516   580-653   ActivityTaskManager     system_server                        W  callingPackage for (uid=2000, pid=21862) has no WPC
2025-02-27 20:51:45.517   580-653   OptProp                 system_server                        W  Cannot read opt property android.window.PROPERTY_COMPAT_ALLOW_USER_ASPECT_RATIO_OVERRIDE
2025-02-27 20:51:45.518   580-653   OptProp                 system_server                        W  Cannot read opt property android.window.PROPERTY_COMPAT_ALLOW_USER_ASPECT_RATIO_FULLSCREEN_OVERRIDE
2025-02-27 20:51:45.518   580-653   OptProp                 system_server                        W  Cannot read opt property android.window.PROPERTY_COMPAT_ALLOW_ORIENTATION_OVERRIDE
2025-02-27 20:51:45.518   580-653   Grammatica...ctionUtils system_server                        V  AttributionSource: android.content.AttributionSource@66ed5f08 does not have READ_SYSTEM_GRAMMATICAL_GENDER permission.
2025-02-27 20:51:45.518   580-653   OptProp                 system_server                        W  Cannot read opt property android.window.PROPERTY_COMPAT_ALLOW_RESIZEABLE_ACTIVITY_OVERRIDES
2025-02-27 20:51:45.518   580-653   OptProp                 system_server                        W  Cannot read opt property android.window.PROPERTY_COMPAT_ALLOW_MIN_ASPECT_RATIO_OVERRIDE
2025-02-27 20:51:45.526   580-653   ActivityTaskManager     system_server                        I  START u0 {act=android.intent.action.VIEW dat=com.mgiallourakis.reactnativemathexpo://expo-development-client/... flg=0x10000000 cmp=com.mgiallourakis.reactnativemathexpo/.MainActivity} with LAUNCH_SINGLE_TASK from uid 2000 (BAL_ALLOW_PERMISSION) result code=0
2025-02-27 20:51:45.528   974-1026  WindowManagerShell      com.android.systemui                 V  Transition requested (#144): android.os.BinderProxy@f9be6d7 TransitionRequestInfo { type = OPEN, triggerTask = TaskInfo{userId=0 taskId=65 displayId=0 isRunning=true baseIntent=Intent { act=android.intent.action.VIEW dat=com.mgiallourakis.reactnativemathexpo://expo-development-client/... flg=0x10000000 cmp=com.mgiallourakis.reactnativemathexpo/.MainActivity } baseActivity=ComponentInfo{com.mgiallourakis.reactnativemathexpo/com.mgiallourakis.reactnativemathexpo.MainActivity} topActivity=ComponentInfo{com.mgiallourakis.reactnativemathexpo/com.mgiallourakis.reactnativemathexpo.MainActivity} origActivity=null realActivity=ComponentInfo{com.mgiallourakis.reactnativemathexpo/com.mgiallourakis.reactnativemathexpo.MainActivity} numActivities=1 lastActiveTime=22307063 supportsMultiWindow=true resizeMode=1 isResizeable=true minWidth=-1 minHeight=-1 defaultMinSize=220 token=WCT{android.window.IWindowContainerToken$Stub$Proxy@700fbc4} topActivityType=1 pictureInPictureParams=null shouldDockBigOverlays=false launchIntoPipHostTaskId=-1 lastParentTaskIdBeforePip=-1 displayCutoutSafeInsets=Rect(0, 136 - 0, 0) topActivityInfo=ActivityInfo{5b91aad com.mgiallourakis.reactnativemathexpo.MainActivity} launchCookies=[] positionInParent=Point(0, 0) parentTaskId=-1 isFocused=false isVisible=false isVisibleRequested=false isSleeping=false locusId=null displayAreaFeatureId=1 isTopActivityTransparent=false appCompatTaskInfo=AppCompatTaskInfo { topActivityInSizeCompat=false topActivityEligibleForLetterboxEducation= falseisLetterboxEducationEnabled= true isLetterboxDoubleTapEnabled= true topActivityEligibleForUserAspectRatioButton= true topActivityBoundsLetterboxed= true isFromLetterboxDoubleTap= false topActivityLetterboxVerticalPosition= -1 topActivityLetterboxHorizontalPosition= 1 topActivityLetterboxWidth=1454 topActivityLetterboxHeight=2152 isUserFullscreenOverrideEnabled=false isSystemFullscreenOverrideEnabled=false cameraCompatTaskInfo=CameraCompatTaskInfo { cameraCompatControlState=hidden freeformCameraCompatMode=inactive}}}, pipTask = null, remoteTransition = null, displayChange = null, flags = 0, debugId = 144 }
2025-02-27 20:51:45.529   580-601   Grammatica...ctionUtils system_server                        V  AttributionSource: android.content.AttributionSource@66ed5f08 does not have READ_SYSTEM_GRAMMATICAL_GENDER permission.
2025-02-27 20:51:45.531  1216-1216  SplitSelectStateCtor    com...le.android.apps.nexuslauncher  W  Missing session instanceIds
2025-02-27 20:51:45.531  1216-1216  StatsLog                com...le.android.apps.nexuslauncher  D  LAUNCHER_SPLIT_SELECTION_EXIT_INTERRUPTED
2025-02-27 20:51:45.534   403-403   BpBinder                surfaceflinger                       I  onLastStrongRef automatically unlinking death recipients: 
2025-02-27 20:51:45.534   974-1026  WindowManagerShell      com.android.systemui                 D  setLauncherKeepClearAreaHeight: visible=false, height=427
2025-02-27 20:51:45.564   361-361   Zygote                  pid-361                              D  Forked child process 21865
2025-02-27 20:51:45.564   580-609   ActivityManager         system_server                        I  Start proc 21865:com.mgiallourakis.reactnativemathexpo/u0a207 for next-top-activity {com.mgiallourakis.reactnativemathexpo/com.mgiallourakis.reactnativemathexpo.MainActivity}
2025-02-27 20:51:45.564  7503-7529  Bugle                   com.google.android.apps.messaging    W  TextClassifierLibManagerImpl: Reclaiming memory at level: 40
2025-02-27 20:51:45.570  1216-1216  TopTaskTracker          com...le.android.apps.nexuslauncher  I  onTaskMovedToFront: (moved taskInfo to front) taskId=65, baseIntent=Intent { act=android.intent.action.VIEW dat=com.mgiallourakis.reactnativemathexpo://expo-development-client/... flg=0x10000000 cmp=com.mgiallourakis.reactnativemathexpo/.MainActivity }
2025-02-27 20:51:45.591   580-653   CoreBackPreview         system_server                        D  Window{4e624d0 u0 Splash Screen com.mgiallourakis.reactnativemathexpo}: Setting back callback OnBackInvokedCallbackInfo{mCallback=android.window.IOnBackInvokedCallback$Stub$Proxy@2d0bdfc, mPriority=0, mIsAnimationCallback=false}
2025-02-27 20:51:45.595 21865-21865 tnativemathexpo         pid-21865                            I  Late-enabling -Xcheck:jni
2025-02-27 20:51:45.615   580-598   WindowManager           system_server                        V  Sent Transition (#144) createdAt=02-27 20:51:45.519 via request=TransitionRequestInfo { type = OPEN, triggerTask = TaskInfo{userId=0 taskId=65 displayId=0 isRunning=true baseIntent=Intent { act=android.intent.action.VIEW dat=com.mgiallourakis.reactnativemathexpo://expo-development-client/... flg=0x10000000 cmp=com.mgiallourakis.reactnativemathexpo/.MainActivity } baseActivity=ComponentInfo{com.mgiallourakis.reactnativemathexpo/com.mgiallourakis.reactnativemathexpo.MainActivity} topActivity=ComponentInfo{com.mgiallourakis.reactnativemathexpo/com.mgiallourakis.reactnativemathexpo.MainActivity} origActivity=null realActivity=ComponentInfo{com.mgiallourakis.reactnativemathexpo/com.mgiallourakis.reactnativemathexpo.MainActivity} numActivities=1 lastActiveTime=22307063 supportsMultiWindow=true resizeMode=1 isResizeable=true minWidth=-1 minHeight=-1 defaultMinSize=220 token=WCT{RemoteToken{42b8b0b Task{84437f6 #65 type=standard A=10207:com.mgiallourakis.reactnativemathexpo}}} topActivityType=1 pictureInPictureParams=null shouldDockBigOverlays=false launchIntoPipHostTaskId=-1 lastParentTaskIdBeforePip=-1 displayCutoutSafeInsets=Rect(0, 136 - 0, 0) topActivityInfo=ActivityInfo{8488aa6 com.mgiallourakis.reactnativemathexpo.MainActivity} launchCookies=[] positionInParent=Point(0, 0) parentTaskId=-1 isFocused=false isVisible=false isVisibleRequested=false isSleeping=false locusId=null displayAreaFeatureId=1 isTopActivityTransparent=false appCompatTaskInfo=AppCompatTaskInfo { topActivityInSizeCompat=false topActivityEligibleForLetterboxEducation= falseisLetterboxEducationEnabled= true isLetterboxDoubleTapEnabled= true topActivityEligibleForUserAspectRatioButton= true topActivityBoundsLetterboxed= true isFromLetterboxDoubleTap= false topActivityLetterboxVerticalPosition= -1 topActivityLetterboxHorizontalPosition= 1 topActivityLetterboxWidth=1454 topActivityLetterboxHeight=2152 isUserFullscreenOverrideEnabled=false isSystemFullscreenOverrideEnabled=false cameraCompatTaskInfo=CameraCompatTaskInfo { cameraCompatControlState=hidden freeformCameraCompatMode=inactive}}}, pipTask = null, remoteTransition = null, displayChange = null, flags = 0, debugId = 144 }
2025-02-27 20:51:45.615   580-598   WindowManager           system_server                        V      startWCT=WindowContainerTransaction { changes = {} hops = [] errorCallbackToken=null taskFragmentOrganizer=null }
2025-02-27 20:51:45.615   580-598   WindowManager           system_server                        V      info={id=144 t=OPEN f=0x0 trk=0 r=[0@Point(0, 0)] c=[
                                                                                                            {WCT{RemoteToken{42b8b0b Task{84437f6 #65 type=standard A=10207:com.mgiallourakis.reactnativemathexpo}}} m=OPEN f=NONE leash=Surface(name=Task=65)/@0x9abdc85 sb=Rect(0, 0 - 2076, 2152) eb=Rect(0, 0 - 2076, 2152) d=0 taskParent=-1},
                                                                                                            {WCT{RemoteToken{6d7e0c Task{533e56b #1 type=home}}} m=TO_BACK f=SHOW_WALLPAPER leash=Surface(name=Task=1)/@0x93b5f24 sb=Rect(0, 0 - 2076, 2152) eb=Rect(0, 0 - 2076, 2152) d=0 taskParent=-1}
                                                                                                        ]}
2025-02-27 20:51:45.616   974-1493  WindowManagerShell      com.android.systemui                 V  onTransitionReady(transaction=2491081037167)
2025-02-27 20:51:45.623   974-1026  WindowManagerShell      com.android.systemui                 V  onTransitionReady (#144) android.os.BinderProxy@f9be6d7: {id=144 t=OPEN f=0x0 trk=0 r=[0@Point(0, 0)] c=[{WCT{android.window.IWindowContainerToken$Stub$Proxy@7659cb7} m=OPEN f=NONE leash=Surface(name=Task=65)/@0x57b3ed5 sb=Rect(0, 0 - 2076, 2152) eb=Rect(0, 0 - 2076, 2152) d=0 taskParent=-1},{WCT{android.window.IWindowContainerToken$Stub$Proxy@88dac24} m=TO_BACK f=SHOW_WALLPAPER leash=Surface(name=Task=1)/@0x5cd6ea sb=Rect(0, 0 - 2076, 2152) eb=Rect(0, 0 - 2076, 2152) d=0 taskParent=-1}]}
2025-02-27 20:51:45.624   974-1026  WindowManagerShell      com.android.systemui                 V  Playing animation for (#144) android.os.BinderProxy@f9be6d7@0
2025-02-27 20:51:45.624   974-1026  WindowManagerShell      com.android.systemui                 V   try handler com.android.wm.shell.transition.DefaultMixedHandler@324932d
2025-02-27 20:51:45.624   974-1026  WindowManagerShell      com.android.systemui                 V   try handler com.android.wm.shell.keyguard.KeyguardTransitionHandler@d389062
2025-02-27 20:51:45.624   974-1026  WindowManagerShell      com.android.systemui                 V   try handler com.android.wm.shell.pip.PipTransition@adf85f3
2025-02-27 20:51:45.625   974-1026  WindowManagerShell      com.android.systemui                 V   try handler com.android.wm.shell.activityembedding.ActivityEmbeddingController@8ee42b0
2025-02-27 20:51:45.625   974-1026  WindowManagerShell      com.android.systemui                 V   try handler com.android.wm.shell.recents.RecentsTransitionHandler@9e43529
2025-02-27 20:51:45.625   974-1026  ShellRecents            com.android.systemui                 V  RecentsTransitionHandler.startAnimation: no controller found
2025-02-27 20:51:45.625   974-1026  WindowManagerShell      com.android.systemui                 V   try handler com.android.wm.shell.splitscreen.StageCoordinator@51350ae
2025-02-27 20:51:45.626   974-1026  WindowManagerShell      com.android.systemui                 V   try handler com.android.wm.shell.transition.RemoteTransitionHandler@628e4f
2025-02-27 20:51:45.626   974-1026  WindowManagerShell      com.android.systemui                 V  Transition doesn't have explicit remote, search filters for match for {id=144 t=OPEN f=0x0 trk=0 r=[0@Point(0, 0)] c=[{WCT{android.window.IWindowContainerToken$Stub$Proxy@7659cb7} m=OPEN f=NONE leash=Surface(name=Task=65)/@0x57b3ed5 sb=Rect(0, 0 - 2076, 2152) eb=Rect(0, 0 - 2076, 2152) d=0 taskParent=-1},{WCT{android.window.IWindowContainerToken$Stub$Proxy@88dac24} m=TO_BACK f=SHOW_WALLPAPER leash=Surface(name=Task=1)/@0x5cd6ea sb=Rect(0, 0 - 2076, 2152) eb=Rect(0, 0 - 2076, 2152) d=0 taskParent=-1}]}
2025-02-27 20:51:45.626   974-1026  WindowManagerShell      com.android.systemui                 V   Checking filter Pair{{types=[] flags=0x0] notFlags=0x0 checks=[{atype=undefined independent=true modes=[OPEN,TO_FRONT] flags=IN_TASK_WITH_EMBEDDED_ACTIVITY mustBeTask=false order=ANY topActivity=ComponentInfo{com.google.android.apps.nexuslauncher/com.google.android.apps.nexuslauncher.NexusLauncherActivity} launchCookie=null},{atype=undefined independent=true modes=[CLOSE,TO_BACK] flags=IN_TASK_WITH_EMBEDDED_ACTIVITY mustBeTask=false order=ANY topActivity=null launchCookie=null}]} RemoteTransition { remoteTransition = android.window.IRemoteTransition$Stub$Proxy@7742bc, appThread = android.app.IApplicationThread$Stub$Proxy@284e245, debugName = OverlaySwipeBack }}
2025-02-27 20:51:45.627   974-1026  WindowManagerShell      com.android.systemui                 V   Checking filter Pair{{types=[] flags=0x0] notFlags=0x0 checks=[{atype=dream independent=true modes=[OPEN,TO_FRONT] flags=NONE mustBeTask=false order=ANY topActivity=null launchCookie=null},{atype=home independent=true modes=[CLOSE,TO_BACK] flags=NONE mustBeTask=false order=ANY topActivity=null launchCookie=null}]} RemoteTransition { remoteTransition = android.window.IRemoteTransition$Stub$Proxy@d58b0c1, appThread = android.app.IApplicationThread$Stub$Proxy@ae44066, debugName = LauncherToDream }}
2025-02-27 20:51:45.627   974-1026  WindowManagerShell      com.android.systemui                 V   Checking filter Pair{{types=[] flags=0x0] notFlags=0x100 checks=[{atype=home independent=true modes=[OPEN,TO_FRONT] flags=NONE mustBeTask=false order=TOP topActivity=ComponentInfo{com.google.android.apps.nexuslauncher/com.google.android.apps.nexuslauncher.NexusLauncherActivity} launchCookie=null},{atype=standard independent=true modes=[CLOSE,TO_BACK] flags=NONE mustBeTask=false order=ANY topActivity=null launchCookie=null}]} RemoteTransition { remoteTransition = android.window.IRemoteTransition$Stub$Proxy@3b2afa7, appThread = android.app.IApplicationThread$Stub$Proxy@6c3dc54, debugName = QuickstepLaunchHome }}
2025-02-27 20:51:45.627   974-1026  WindowManagerShell      com.android.systemui                 V   Delegate animation for (#144) to null
2025-02-27 20:51:45.627   974-1026  WindowManagerShell      com.android.systemui                 V   try handler com.android.wm.shell.transition.DefaultTransitionHandler@16cd9dc
2025-02-27 20:51:45.627   974-1026  WindowManagerShell      com.android.systemui                 V  start default transition animation, info = {id=144 t=OPEN f=0x0 trk=0 r=[0@Point(0, 0)] c=[{WCT{android.window.IWindowContainerToken$Stub$Proxy@7659cb7} m=OPEN f=NONE leash=Surface(name=Task=65)/@0x57b3ed5 sb=Rect(0, 0 - 2076, 2152) eb=Rect(0, 0 - 2076, 2152) d=0 taskParent=-1},{WCT{android.window.IWindowContainerToken$Stub$Proxy@88dac24} m=TO_BACK f=SHOW_WALLPAPER leash=Surface(name=Task=1)/@0x5cd6ea sb=Rect(0, 0 - 2076, 2152) eb=Rect(0, 0 - 2076, 2152) d=0 taskParent=-1}]}
2025-02-27 20:51:45.628   974-1026  WindowManagerShell      com.android.systemui                 V  loadAnimation: anim=android.view.animation.AnimationSet@64d5942 animAttr=0x13 type=OPEN isEntrance=false
2025-02-27 20:51:45.629   974-1026  WindowManagerShell      com.android.systemui                 V  loadAnimation: anim=android.view.animation.AnimationSet@45bc78e animAttr=0x12 type=OPEN isEntrance=true
2025-02-27 20:51:45.632   974-1026  WindowManagerShell      com.android.systemui                 V   animated by com.android.wm.shell.transition.DefaultTransitionHandler@16cd9dc
2025-02-27 20:51:45.635   580-1506  UserManagerService      system_server                        W  Requested status bar icon for non-badged user 0
2025-02-27 20:51:45.643  1216-1754  EGL_emulation           com...le.android.apps.nexuslauncher  D  app_time_stats: avg=45528.91ms min=45528.91ms max=45528.91ms count=1
2025-02-27 20:51:45.646 21865-21865 tnativemathexpo         pid-21865                            I  Using CollectorTypeCMC GC.
2025-02-27 20:51:45.650   403-403   SurfaceFlinger          surfaceflinger                       E  Out of order buffers detected for RequestedLayerState{com.google.android.apps.nexuslauncher/com.google.android.apps.nexuslauncher.NexusLauncherActivity#910 parentId=118} producedId=50 frameNumber=191 -> producedId=50 frameNumber=46
2025-02-27 20:51:45.652   974-1092  EGL_emulation           com.android.systemui                 D  app_time_stats: avg=12044.78ms min=12044.78ms max=12044.78ms count=1
2025-02-27 20:51:45.657  1953-1961  adbd                    adbd                                 I  jdwp connection from 21865
2025-02-27 20:51:45.659  1216-1754  EGL_emulation           com...le.android.apps.nexuslauncher  D  app_time_stats: avg=368322.94ms min=368322.94ms max=368322.94ms count=1
2025-02-27 20:51:45.666 21865-21865 nativeloader            pid-21865                            D  Load libframework-connectivity-tiramisu-jni.so using APEX ns com_android_tethering for caller /apex/com.android.tethering/javalib/framework-connectivity-t.jar: ok
2025-02-27 20:51:45.667   403-403   SurfaceFlinger          surfaceflinger                       E  Out of order buffers detected for RequestedLayerState{com.google.android.apps.nexuslauncher/com.google.android.apps.nexuslauncher.NexusLauncherActivity#910 parentId=118} producedId=50 frameNumber=191 -> producedId=50 frameNumber=47
2025-02-27 20:51:45.681 21865-21865 CompatChangeReporter    pid-21865                            D  Compat change id reported: 242716250; UID 10207; state: ENABLED
2025-02-27 20:51:45.683   403-403   SurfaceFlinger          surfaceflinger                       E  Out of order buffers detected for RequestedLayerState{com.google.android.apps.nexuslauncher/com.google.android.apps.nexuslauncher.NexusLauncherActivity#910 parentId=118} producedId=50 frameNumber=191 -> producedId=50 frameNumber=48
2025-02-27 20:51:45.684   379-529   RanchuHwc               and...hics.composer3-service.ranchu  I  logCompositionFallbackIfChanged: layer 229 CompositionType fallback from 2 to 1
2025-02-27 20:51:45.684   379-529   RanchuHwc               and...hics.composer3-service.ranchu  I  logCompositionFallbackIfChanged: layer 231 CompositionType fallback from 3 to 1
2025-02-27 20:51:45.690 21865-21865 ziparchive              pid-21865                            W  Unable to open '/data/app/~~PZIGWCdogRiZXcjKwATfZw==/com.mgiallourakis.reactnativemathexpo-j8crlDq659v3xUcxlFQmEg==/base.dm': No such file or directory
2025-02-27 20:51:45.690 21865-21865 ziparchive              pid-21865                            W  Unable to open '/data/app/~~PZIGWCdogRiZXcjKwATfZw==/com.mgiallourakis.reactnativemathexpo-j8crlDq659v3xUcxlFQmEg==/base.dm': No such file or directory
2025-02-27 20:51:45.700   403-403   SurfaceFlinger          surfaceflinger                       E  Out of order buffers detected for RequestedLayerState{com.google.android.apps.nexuslauncher/com.google.android.apps.nexuslauncher.NexusLauncherActivity#910 parentId=118} producedId=50 frameNumber=191 -> producedId=50 frameNumber=49
2025-02-27 20:51:45.718   403-403   SurfaceFlinger          surfaceflinger                       E  Out of order buffers detected for RequestedLayerState{com.google.android.apps.nexuslauncher/com.google.android.apps.nexuslauncher.NexusLauncherActivity#910 parentId=118} producedId=50 frameNumber=191 -> producedId=50 frameNumber=50
2025-02-27 20:51:45.733   403-403   SurfaceFlinger          surfaceflinger                       E  Out of order buffers detected for RequestedLayerState{com.google.android.apps.nexuslauncher/com.google.android.apps.nexuslauncher.NexusLauncherActivity#910 parentId=118} producedId=50 frameNumber=191 -> producedId=50 frameNumber=51
2025-02-27 20:51:45.934   974-1026  WindowManagerShell      com.android.systemui                 V  Transition animation finished (aborted=false), notifying core (#144) android.os.BinderProxy@f9be6d7@0
2025-02-27 20:51:45.935   580-598   WindowManager           system_server                        V  Finish Transition (#144): created at 02-27 20:51:45.519 collect-started=0.076ms request-sent=6.164ms started=9.476ms ready=93.277ms sent=94.46ms finished=415.994ms
2025-02-27 20:51:45.936  1216-1216  VRI[NexusL...rActivity] com...le.android.apps.nexuslauncher  D  visibilityChanged oldVisibility=true newVisibility=false
2025-02-27 20:51:45.937   974-1026  WindowManagerShell      com.android.systemui                 V  Track 0 became idle
2025-02-27 20:51:45.937   974-1026  WindowManagerShell      com.android.systemui                 V  All active transition animations finished
2025-02-27 20:51:45.937   580-1506  UserManagerService      system_server                        W  Requested status bar icon for non-badged user 0
2025-02-27 20:51:45.937   580-1506  UserManagerService      system_server                        W  Requested status bar icon for non-badged user 0
2025-02-27 20:51:45.952  1216-1216  NexusLaunc...elDelegate com...le.android.apps.nexuslauncher  D  notifySmartspaceEvent: SmartspaceTargetEvent{mSmartspaceTarget=null, mSmartspaceActionId='null', mEventType=7}
2025-02-27 20:51:45.981 21865-21865 nativeloader            pid-21865                            D  Configuring clns-7 for other apk /data/app/~~PZIGWCdogRiZXcjKwATfZw==/com.mgiallourakis.reactnativemathexpo-j8crlDq659v3xUcxlFQmEg==/base.apk. target_sdk_version=34, uses_libraries=, library_path=/data/app/~~PZIGWCdogRiZXcjKwATfZw==/com.mgiallourakis.reactnativemathexpo-j8crlDq659v3xUcxlFQmEg==/lib/arm64:/data/app/~~PZIGWCdogRiZXcjKwATfZw==/com.mgiallourakis.reactnativemathexpo-j8crlDq659v3xUcxlFQmEg==/base.apk!/lib/arm64-v8a, permitted_path=/data:/mnt/expand:/data/user/0/com.mgiallourakis.reactnativemathexpo
2025-02-27 20:51:45.989 21865-21865 GraphicsEnvironment     pid-21865                            V  Currently set values for:
2025-02-27 20:51:45.989 21865-21865 GraphicsEnvironment     pid-21865                            V    angle_gl_driver_selection_pkgs=[]
2025-02-27 20:51:45.989 21865-21865 GraphicsEnvironment     pid-21865                            V    angle_gl_driver_selection_values=[]
2025-02-27 20:51:45.989 21865-21865 GraphicsEnvironment     pid-21865                            V  Global.Settings values are invalid: number of packages: 0, number of values: 0
2025-02-27 20:51:45.989 21865-21865 GraphicsEnvironment     pid-21865                            V  Neither updatable production driver nor prerelease driver is supported.
2025-02-27 20:51:46.044 21865-21865 SoLoader                com...llourakis.reactnativemathexpo  W  Initializing SoLoader: 0
2025-02-27 20:51:46.045 21865-21865 SoLoader                com...llourakis.reactnativemathexpo  W  Recording new base apk path: /data/app/~~PZIGWCdogRiZXcjKwATfZw==/com.mgiallourakis.reactnativemathexpo-j8crlDq659v3xUcxlFQmEg==/base.apk
                                                                                                    Previously recorded 0 base apk paths.
2025-02-27 20:51:46.046 21865-21865 SoLoader                com...llourakis.reactnativemathexpo  I  Preparing SO source: DirectorySoSource[root = /vendor/lib64 flags = 2]
2025-02-27 20:51:46.047 21865-21865 SoLoader                com...llourakis.reactnativemathexpo  I  Preparing SO source: DirectorySoSource[root = /system/lib64 flags = 2]
2025-02-27 20:51:46.047 21865-21865 SoLoader                com...llourakis.reactnativemathexpo  I  Preparing SO source: DirectApkSoSource[root = [/data/app/~~PZIGWCdogRiZXcjKwATfZw==/com.mgiallourakis.reactnativemathexpo-j8crlDq659v3xUcxlFQmEg==/base.apk!/lib/arm64-v8a]]
2025-02-27 20:51:46.071 21865-21865 SoLoader                com...llourakis.reactnativemathexpo  I  Preparing SO source: ApplicationSoSource[DirectorySoSource[root = /data/app/~~PZIGWCdogRiZXcjKwATfZw==/com.mgiallourakis.reactnativemathexpo-j8crlDq659v3xUcxlFQmEg==/lib/arm64 flags = 0]]
2025-02-27 20:51:46.071 21865-21865 SoLoader                com...llourakis.reactnativemathexpo  I  init finish: 4 SO sources prepared
2025-02-27 20:51:46.072 21865-21865 SoLoader                com...llourakis.reactnativemathexpo  W  SoLoader initialized: 8
2025-02-27 20:51:46.073   580-653   OptProp                 system_server                        W  Cannot read opt property android.window.PROPERTY_COMPAT_ENABLE_FAKE_FOCUS
2025-02-27 20:51:46.095 21865-21865 AppCompatDelegate       com...llourakis.reactnativemathexpo  D  Checking for metadata for AppLocalesMetadataHolderService : Service not found
2025-02-27 20:51:46.111 21865-21865 tnativemathexpo         com...llourakis.reactnativemathexpo  W  Accessing hidden method Landroid/view/ViewGroup;->makeOptionalFitsSystemWindows()V (unsupported, reflection, allowed)
--------- beginning of crash
2025-02-27 20:51:46.126 21865-21865 NitroMathOnLoad         com...llourakis.reactnativemathexpo  I  Loading NitroMath C++ library...
2025-02-27 20:51:46.130 21865-21865 libc                    com...llourakis.reactnativemathexpo  A  Fatal signal 11 (SIGSEGV), code 2 (SEGV_ACCERR), fault addr 0x7c6471f545f0 in tid 21865 (tnativemathexpo), pid 21865 (tnativemathexpo)
2025-02-27 20:51:46.141 21887-21887 crash_dump64            pid-21887                            E  failed to get the guest state header for thread 21865: Bad address
2025-02-27 20:51:46.141 21887-21887 crash_dump64            pid-21887                            E  failed to get the guest state header for thread 21868: Bad address
2025-02-27 20:51:46.141 21887-21887 crash_dump64            pid-21887                            E  failed to get the guest state header for thread 21869: Bad address
2025-02-27 20:51:46.141 21887-21887 crash_dump64            pid-21887                            E  failed to get the guest state header for thread 21870: Bad address
2025-02-27 20:51:46.142 21887-21887 crash_dump64            pid-21887                            E  failed to get the guest state header for thread 21871: Bad address
2025-02-27 20:51:46.142 21887-21887 crash_dump64            pid-21887                            E  failed to get the guest state header for thread 21872: Bad address
2025-02-27 20:51:46.142 21887-21887 crash_dump64            pid-21887                            E  failed to get the guest state header for thread 21873: Bad address
2025-02-27 20:51:46.142 21887-21887 crash_dump64            pid-21887                            E  failed to get the guest state header for thread 21874: Bad address
2025-02-27 20:51:46.143 21887-21887 crash_dump64            pid-21887                            E  failed to get the guest state header for thread 21875: Bad address
2025-02-27 20:51:46.143 21887-21887 crash_dump64            pid-21887                            E  failed to get the guest state header for thread 21876: Bad address
2025-02-27 20:51:46.143 21887-21887 crash_dump64            pid-21887                            E  failed to get the guest state header for thread 21877: Bad address
2025-02-27 20:51:46.143 21887-21887 crash_dump64            pid-21887                            E  failed to get the guest state header for thread 21878: Bad address
2025-02-27 20:51:46.144 21887-21887 crash_dump64            pid-21887                            E  failed to get the guest state header for thread 21879: Bad address
2025-02-27 20:51:46.144 21887-21887 crash_dump64            pid-21887                            E  failed to get the guest state header for thread 21881: Bad address
2025-02-27 20:51:46.144 21887-21887 crash_dump64            pid-21887                            E  failed to get the guest state header for thread 21882: Bad address
2025-02-27 20:51:46.148 21887-21887 crash_dump64            pid-21887                            I  obtaining output fd from tombstoned, type: kDebuggerdTombstoneProto
2025-02-27 20:51:46.149   213-213   tombstoned              tombstoned                           I  received crash request for pid 21865
2025-02-27 20:51:46.149 21887-21887 crash_dump64            pid-21887                            I  performing dump of process 21865 (target tid = 21865)
2025-02-27 20:51:46.270 21887-21887 DEBUG                   pid-21887                            A  *** *** *** *** *** *** *** *** *** *** *** *** *** *** *** ***
2025-02-27 20:51:46.270 21887-21887 DEBUG                   pid-21887                            A  Build fingerprint: 'google/sdk_gphone16k_arm64/emu64a16k:15/AE3A.240806.041/12890756:user/dev-keys'
2025-02-27 20:51:46.270 21887-21887 DEBUG                   pid-21887                            A  Revision: '0'
2025-02-27 20:51:46.270 21887-21887 DEBUG                   pid-21887                            A  ABI: 'arm64'
2025-02-27 20:51:46.270 21887-21887 DEBUG                   pid-21887                            A  Timestamp: 2025-02-27 20:51:46.152146253-0500
2025-02-27 20:51:46.270 21887-21887 DEBUG                   pid-21887                            A  Process uptime: 1s
2025-02-27 20:51:46.270 21887-21887 DEBUG                   pid-21887                            A  Page size: 16384 bytes
2025-02-27 20:51:46.270 21887-21887 DEBUG                   pid-21887                            A  Cmdline: com.mgiallourakis.reactnativemathexpo
2025-02-27 20:51:46.270 21887-21887 DEBUG                   pid-21887                            A  pid: 21865, tid: 21865, name: tnativemathexpo  >>> com.mgiallourakis.reactnativemathexpo <<<
2025-02-27 20:51:46.270 21887-21887 DEBUG                   pid-21887                            A  uid: 10207
2025-02-27 20:51:46.270 21887-21887 DEBUG                   pid-21887                            A  tagged_addr_ctrl: 0000000000000001 (PR_TAGGED_ADDR_ENABLE)
2025-02-27 20:51:46.270 21887-21887 DEBUG                   pid-21887                            A  pac_enabled_keys: 000000000000000f (PR_PAC_APIAKEY, PR_PAC_APIBKEY, PR_PAC_APDAKEY, PR_PAC_APDBKEY)
2025-02-27 20:51:46.270 21887-21887 DEBUG                   pid-21887                            A  signal 11 (SIGSEGV), code 2 (SEGV_ACCERR), fault addr 0x00007c6471f545f0
2025-02-27 20:51:46.270 21887-21887 DEBUG                   pid-21887                            A      x0  00007c6471f545f0  x1  0000000000000000  x2  0000000000003a10  x3  00007c6471f545f0
2025-02-27 20:51:46.270 21887-21887 DEBUG                   pid-21887                            A      x4  00007c6471f58000  x5  0000000000cec000  x6  0000000001414d4c  x7  00007c67437c4004
2025-02-27 20:51:46.270 21887-21887 DEBUG                   pid-21887                            A      x8  0000000000003fff  x9  0000000000000001  x10 00000000000c0000  x11 00007c67321700e0
2025-02-27 20:51:46.270 21887-21887 DEBUG                   pid-21887                            A      x12 0000000000000004  x13 0000000000000004  x14 0000000000000000  x15 0000000000000000
2025-02-27 20:51:46.270 21887-21887 DEBUG                   pid-21887                            A      x16 00007c674495dea8  x17 00007c674488d380  x18 00007c6744624000  x19 00007c6743643818
2025-02-27 20:51:46.270 21887-21887 DEBUG                   pid-21887                            A      x20 0000000000004000  x21 0000000000000002  x22 00007c6471f58000  x23 00007c6471f545f0
2025-02-27 20:51:46.270 21887-21887 DEBUG                   pid-21887                            A      x24 00007c6471f51a70  x25 0000000000002b80  x26 00007c67321700b4  x27 00007c6732170040
2025-02-27 20:51:46.270 21887-21887 DEBUG                   pid-21887                            A      x28 0000000000000003  x29 00007fffe6cecac0
2025-02-27 20:51:46.270 21887-21887 DEBUG                   pid-21887                            A      lr  00007c67448d79e0  sp  00007fffe6ceca80  pc  00007c674488d408  pst 0000000020001000
2025-02-27 20:51:46.270 21887-21887 DEBUG                   pid-21887                            A  194 total frames
2025-02-27 20:51:46.270 21887-21887 DEBUG                   pid-21887                            A  backtrace:
2025-02-27 20:51:46.270 21887-21887 DEBUG                   pid-21887                            A        #00 pc 0000000000099408  /apex/com.android.runtime/bin/linker64 (__dl___memset_aarch64+136) (BuildId: 2d71b6257dee5bc0bb7a6bbc0cdda30f)
2025-02-27 20:51:46.270 21887-21887 DEBUG                   pid-21887                            A        #01 pc 00000000000e39dc  /apex/com.android.runtime/bin/linker64 (__dl__ZN9ElfReader4LoadEP20address_space_params+1520) (BuildId: 2d71b6257dee5bc0bb7a6bbc0cdda30f)
2025-02-27 20:51:46.270 21887-21887 DEBUG                   pid-21887                            A        #02 pc 00000000000cacb4  /apex/com.android.runtime/bin/linker64 (__dl__Z14find_librariesP19android_namespace_tP6soinfoPKPKcmPS2_PNSt3__16vectorIS2_NS8_9allocatorIS2_EEEEmiPK17android_dlextinfobPNS9_IS0_NSA_IS0_EEEE+2544) (BuildId: 2d71b6257dee5bc0bb7a6bbc0cdda30f)
2025-02-27 20:51:46.270 21887-21887 DEBUG                   pid-21887                            A        #03 pc 00000000000cdbf0  /apex/com.android.runtime/bin/linker64 (__dl__Z9do_dlopenPKciPK17android_dlextinfoPKv+692) (BuildId: 2d71b6257dee5bc0bb7a6bbc0cdda30f)
2025-02-27 20:51:46.270 21887-21887 DEBUG                   pid-21887                            A        #04 pc 00000000000c8b6c  /apex/com.android.runtime/bin/linker64 (__dl__ZL10dlopen_extPKciPK17android_dlextinfoPKv.__uniq.234527301065430621646263515731762262959+72) (BuildId: 2d71b6257dee5bc0bb7a6bbc0cdda30f)
2025-02-27 20:51:46.270 21887-21887 DEBUG                   pid-21887                            A        #05 pc 00000000000040c8  /apex/com.android.runtime/lib64/bionic/libdl.so (android_dlopen_ext+16) (BuildId: bb1360f0eae574e04d1e293e6681cea3)
2025-02-27 20:51:46.270 21887-21887 DEBUG                   pid-21887                            A        #06 pc 0000000000019898  /apex/com.android.art/lib64/libnativeloader.so (android::NativeLoaderNamespace::Load(char const*) const+140) (BuildId: 24d166579be78837067c8dcf28e7231b)
2025-02-27 20:51:46.270 21887-21887 DEBUG                   pid-21887                            A        #07 pc 0000000000009344  /apex/com.android.art/lib64/libnativeloader.so (OpenNativeLibrary+1572) (BuildId: 24d166579be78837067c8dcf28e7231b)
2025-02-27 20:51:46.270 21887-21887 DEBUG                   pid-21887                            A        #08 pc 000000000066b8b0  /apex/com.android.art/lib64/libart.so (art::JavaVMExt::LoadNativeLibrary(_JNIEnv*, std::__1::basic_string<char, std::__1::char_traits<char>, std::__1::allocator<char>> const&, _jobject*, _jclass*, std::__1::basic_string<char, std::__1::char_traits<char>, std::__1::allocator<char>>*)+604) (BuildId: 05bfa63ad29b97d7dde4e764ce193f37)
2025-02-27 20:51:46.270 21887-21887 DEBUG                   pid-21887                            A        #09 pc 0000000000005914  /apex/com.android.art/lib64/libopenjdkjvm.so (JVM_NativeLoad+356) (BuildId: 52e480f4d160d1f919dafa72cae26e8a)
2025-02-27 20:51:46.270 21887-21887 DEBUG                   pid-21887                            A        #10 pc 00000000000c5910  [anon_shmem:dalvik-jit-code-cache] (offset 0x2000000) (art_jni_trampoline+176)
2025-02-27 20:51:46.270 21887-21887 DEBUG                   pid-21887                            A        #11 pc 0000000000021488  [anon_shmem:dalvik-jit-code-cache] (offset 0x2000000) (java.lang.Runtime.loadLibrary0+408)
2025-02-27 20:51:46.270 21887-21887 DEBUG                   pid-21887                            A        #12 pc 0000000000020bf0  [anon_shmem:dalvik-jit-code-cache] (offset 0x2000000) (java.lang.Runtime.loadLibrary0+160)
2025-02-27 20:51:46.270 21887-21887 DEBUG                   pid-21887                            A        #13 pc 0000000000020980  [anon_shmem:dalvik-jit-code-cache] (offset 0x2000000) (java.lang.System.loadLibrary+160)
2025-02-27 20:51:46.270 21887-21887 DEBUG                   pid-21887                            A        #14 pc 0000000000369040  /apex/com.android.art/lib64/libart.so (art_quick_invoke_static_stub+640) (BuildId: 05bfa63ad29b97d7dde4e764ce193f37)
2025-02-27 20:51:46.270 21887-21887 DEBUG                   pid-21887                            A        #15 pc 00000000003623c4  /apex/com.android.art/lib64/libart.so (bool art::interpreter::DoCall<false>(art::ArtMethod*, art::Thread*, art::ShadowFrame&, art::Instruction const*, unsigned short, bool, art::JValue*)+2048) (BuildId: 05bfa63ad29b97d7dde4e764ce193f37)
2025-02-27 20:51:46.270 21887-21887 DEBUG                   pid-21887                            A        #16 pc 000000000076e7a8  /apex/com.android.art/lib64/libart.so (void art::interpreter::ExecuteSwitchImplCpp<false>(art::interpreter::SwitchImplContext*)+12208) (BuildId: 05bfa63ad29b97d7dde4e764ce193f37)
2025-02-27 20:51:46.270 21887-21887 DEBUG                   pid-21887                            A        #17 pc 0000000000381bd8  /apex/com.android.art/lib64/libart.so (ExecuteSwitchImplAsm+8) (BuildId: 05bfa63ad29b97d7dde4e764ce193f37)
2025-02-27 20:51:46.270 21887-21887 DEBUG                   pid-21887                            A        #18 pc 0000000000003eac  <anonymous:7c672c8a4000> (com.margelo.nitro.math.NitroMathOnLoad$Companion.initializeNative+0)
2025-02-27 20:51:46.270 21887-21887 DEBUG                   pid-21887                            A        #19 pc 000000000035484c  /apex/com.android.art/lib64/libart.so (art::interpreter::Execute(art::Thread*, art::CodeItemDataAccessor const&, art::ShadowFrame&, art::JValue, bool, bool) (.__uniq.112435418011751916792819755956732575238.llvm.9474080970113376419)+428) (BuildId: 05bfa63ad29b97d7dde4e764ce193f37)
2025-02-27 20:51:46.270 21887-21887 DEBUG                   pid-21887                            A        #20 pc 0000000000362be0  /apex/com.android.art/lib64/libart.so (bool art::interpreter::DoCall<false>(art::ArtMethod*, art::Thread*, art::ShadowFrame&, art::Instruction const*, unsigned short, bool, art::JValue*)+4124) (BuildId: 05bfa63ad29b97d7dde4e764ce193f37)
2025-02-27 20:51:46.270 21887-21887 DEBUG                   pid-21887                            A        #21 pc 000000000076e7a8  /apex/com.android.art/lib64/libart.so (void art::interpreter::ExecuteSwitchImplCpp<false>(art::interpreter::SwitchImplContext*)+12208) (BuildId: 05bfa63ad29b97d7dde4e764ce193f37)
2025-02-27 20:51:46.270 21887-21887 DEBUG                   pid-21887                            A        #22 pc 0000000000381bd8  /apex/com.android.art/lib64/libart.so (ExecuteSwitchImplAsm+8) (BuildId: 05bfa63ad29b97d7dde4e764ce193f37)
2025-02-27 20:51:46.270 21887-21887 DEBUG                   pid-21887                            A        #23 pc 0000000000003f8c  <anonymous:7c672c8a4000> (com.margelo.nitro.math.NitroMathOnLoad.initializeNative+0)
2025-02-27 20:51:46.270 21887-21887 DEBUG                   pid-21887                            A        #24 pc 000000000035484c  /apex/com.android.art/lib64/libart.so (art::interpreter::Execute(art::Thread*, art::CodeItemDataAccessor const&, art::ShadowFrame&, art::JValue, bool, bool) (.__uniq.112435418011751916792819755956732575238.llvm.9474080970113376419)+428) (BuildId: 05bfa63ad29b97d7dde4e764ce193f37)
2025-02-27 20:51:46.270 21887-21887 DEBUG                   pid-21887                            A        #25 pc 0000000000362be0  /apex/com.android.art/lib64/libart.so (bool art::interpreter::DoCall<false>(art::ArtMethod*, art::Thread*, art::ShadowFrame&, art::Instruction const*, unsigned short, bool, art::JValue*)+4124) (BuildId: 05bfa63ad29b97d7dde4e764ce193f37)
2025-02-27 20:51:46.270 21887-21887 DEBUG                   pid-21887                            A        #26 pc 000000000076e7a8  /apex/com.android.art/lib64/libart.so (void art::interpreter::ExecuteSwitchImplCpp<false>(art::interpreter::SwitchImplContext*)+12208) (BuildId: 05bfa63ad29b97d7dde4e764ce193f37)
2025-02-27 20:51:46.270 21887-21887 DEBUG                   pid-21887                            A        #27 pc 0000000000381bd8  /apex/com.android.art/lib64/libart.so (ExecuteSwitchImplAsm+8) (BuildId: 05bfa63ad29b97d7dde4e764ce193f37)
2025-02-27 20:51:46.270 21887-21887 DEBUG                   pid-21887                            A        #28 pc 0000000000004028  <anonymous:7c672c8a4000> (com.margelo.nitro.math.NitroMathPackage.<clinit>+0)
2025-02-27 20:51:46.270 21887-21887 DEBUG                   pid-21887                            A        #29 pc 0000000000353bd8  /apex/com.android.art/lib64/libart.so (artQuickToInterpreterBridge+1932) (BuildId: 05bfa63ad29b97d7dde4e764ce193f37)
2025-02-27 20:51:46.270 21887-21887 DEBUG                   pid-21887                            A        #30 pc 000000000037f698  /apex/com.android.art/lib64/libart.so (art_quick_to_interpreter_bridge+88) (BuildId: 05bfa63ad29b97d7dde4e764ce193f37)
2025-02-27 20:51:46.270 21887-21887 DEBUG                   pid-21887                            A        #31 pc 0000000000369040  /apex/com.android.art/lib64/libart.so (art_quick_invoke_static_stub+640) (BuildId: 05bfa63ad29b97d7dde4e764ce193f37)
2025-02-27 20:51:46.270 21887-21887 DEBUG                   pid-21887                            A        #32 pc 00000000004353cc  /apex/com.android.art/lib64/libart.so (art::ClassLinker::InitializeClass(art::Thread*, art::Handle<art::mirror::Class>, bool, bool)+5260) (BuildId: 05bfa63ad29b97d7dde4e764ce193f37)
2025-02-27 20:51:46.270 21887-21887 DEBUG                   pid-21887                            A        #33 pc 0000000000485720  /apex/com.android.art/lib64/libart.so (art::ClassLinker::EnsureInitialized(art::Thread*, art::Handle<art::mirror::Class>, bool, bool)+160) (BuildId: 05bfa63ad29b97d7dde4e764ce193f37)
2025-02-27 20:51:46.270 21887-21887 DEBUG                   pid-21887                            A        #34 pc 0000000000771c74  /apex/com.android.art/lib64/libart.so (void art::interpreter::ExecuteSwitchImplCpp<false>(art::interpreter::SwitchImplContext*)+25724) (BuildId: 05bfa63ad29b97d7dde4e764ce193f37)
2025-02-27 20:51:46.270 21887-21887 DEBUG                   pid-21887                            A        #35 pc 0000000000381bd8  /apex/com.android.art/lib64/libart.so (ExecuteSwitchImplAsm+8) (BuildId: 05bfa63ad29b97d7dde4e764ce193f37)
2025-02-27 20:51:46.270 21887-21887 DEBUG                   pid-21887                            A        #36 pc 000000000000039c  <anonymous:7c6743264000> (com.facebook.react.PackageList.getPackages+0)
2025-02-27 20:51:46.270 21887-21887 DEBUG                   pid-21887                            A        #37 pc 000000000035484c  /apex/com.android.art/lib64/libart.so (art::interpreter::Execute(art::Thread*, art::CodeItemDataAccessor const&, art::ShadowFrame&, art::JValue, bool, bool) (.__uniq.112435418011751916792819755956732575238.llvm.9474080970113376419)+428) (BuildId: 05bfa63ad29b97d7dde4e764ce193f37)
2025-02-27 20:51:46.270 21887-21887 DEBUG                   pid-21887                            A        #38 pc 0000000000362be0  /apex/com.android.art/lib64/libart.so (bool art::interpreter::DoCall<false>(art::ArtMethod*, art::Thread*, art::ShadowFrame&, art::Instruction const*, unsigned short, bool, art::JValue*)+4124) (BuildId: 05bfa63ad29b97d7dde4e764ce193f37)
2025-02-27 20:51:46.270 21887-21887 DEBUG                   pid-21887                            A        #39 pc 000000000076e7a8  /apex/com.android.art/lib64/libart.so (void art::interpreter::ExecuteSwitchImplCpp<false>(art::interpreter::SwitchImplContext*)+12208) (BuildId: 05bfa63ad29b97d7dde4e764ce193f37)
2025-02-27 20:51:46.270 21887-21887 DEBUG                   pid-21887                            A        #40 pc 0000000000381bd8  /apex/com.android.art/lib64/libart.so (ExecuteSwitchImplAsm+8) (BuildId: 05bfa63ad29b97d7dde4e764ce193f37)
2025-02-27 20:51:46.270 21887-21887 DEBUG                   pid-21887                            A        #41 pc 00000000000008a4  <anonymous:7c6743300000> (com.mgiallourakis.reactnativemathexpo.MainApplication$reactNativeHost$1.getPackages+0)
2025-02-27 20:51:46.270 21887-21887 DEBUG                   pid-21887                            A        #42 pc 0000000000353bd8  /apex/com.android.art/lib64/libart.so (artQuickToInterpreterBridge+1932) (BuildId: 05bfa63ad29b97d7dde4e764ce193f37)
2025-02-27 20:51:46.270 21887-21887 DEBUG                   pid-21887                            A        #43 pc 000000000037f698  /apex/com.android.art/lib64/libart.so (art_quick_to_interpreter_bridge+88) (BuildId: 05bfa63ad29b97d7dde4e764ce193f37)
2025-02-27 20:51:46.270 21887-21887 DEBUG                   pid-21887                            A        #44 pc 0000000000368d74  /apex/com.android.art/lib64/libart.so (art_quick_invoke_stub+612) (BuildId: 05bfa63ad29b97d7dde4e764ce193f37)
2025-02-27 20:51:46.270 21887-21887 DEBUG                   pid-21887                            A        #45 pc 000000000036499c  /apex/com.android.art/lib64/libart.so (_jobject* art::InvokeMethod<(art::PointerSize)8>(art::ScopedObjectAccessAlreadyRunnable const&, _jobject*, _jobject*, _jobject*, unsigned long)+540) (BuildId: 05bfa63ad29b97d7dde4e764ce193f37)
2025-02-27 20:51:46.270 21887-21887 DEBUG                   pid-21887                            A        #46 pc 00000000006c68c0  /apex/com.android.art/lib64/libart.so (art::Method_invoke(_JNIEnv*, _jobject*, _jobject*, _jobjectArray*) (.__uniq.165753521025965369065708152063621506277)+32) (BuildId: 05bfa63ad29b97d7dde4e764ce193f37)
2025-02-27 20:51:46.270 21887-21887 DEBUG                   pid-21887                            A        #47 pc 00000000000c5d80  [anon_shmem:dalvik-jit-code-cache] (offset 0x2000000) (art_jni_trampoline+144)
2025-02-27 20:51:46.270 21887-21887 DEBUG                   pid-21887                            A        #48 pc 0000000000368d74  /apex/com.android.art/lib64/libart.so (art_quick_invoke_stub+612) (BuildId: 05bfa63ad29b97d7dde4e764ce193f37)
2025-02-27 20:51:46.270 21887-21887 DEBUG                   pid-21887                            A        #49 pc 000000000036234c  /apex/com.android.art/lib64/libart.so (bool art::interpreter::DoCall<false>(art::ArtMethod*, art::Thread*, art::ShadowFrame&, art::Instruction const*, unsigned short, bool, art::JValue*)+1928) (BuildId: 05bfa63ad29b97d7dde4e764ce193f37)
2025-02-27 20:51:46.270 21887-21887 DEBUG                   pid-21887                            A        #50 pc 000000000076e7a8  /apex/com.android.art/lib64/libart.so (void art::interpreter::ExecuteSwitchImplCpp<false>(art::interpreter::SwitchImplContext*)+12208) (BuildId: 05bfa63ad29b97d7dde4e764ce193f37)
2025-02-27 20:51:46.270 21887-21887 DEBUG                   pid-21887                            A        #51 pc 0000000000381bd8  /apex/com.android.art/lib64/libart.so (ExecuteSwitchImplAsm+8) (BuildId: 05bfa63ad29b97d7dde4e764ce193f37)
2025-02-27 20:51:46.270 21887-21887 DEBUG                   pid-21887                            A        #52 pc 000000000000c498  <anonymous:7c671e19c000> (expo.modules.ReactNativeHostWrapperBase.invokeDelegateMethod$expo_debug+0)
2025-02-27 20:51:46.270 21887-21887 DEBUG                   pid-21887                            A        #53 pc 000000000035484c  /apex/com.android.art/lib64/libart.so (art::interpreter::Execute(art::Thread*, art::CodeItemDataAccessor const&, art::ShadowFrame&, art::JValue, bool, bool) (.__uniq.112435418011751916792819755956732575238.llvm.9474080970113376419)+428) (BuildId: 05bfa63ad29b97d7dde4e764ce193f37)
2025-02-27 20:51:46.270 21887-21887 DEBUG                   pid-21887                            A        #54 pc 0000000000362be0  /apex/com.android.art/lib64/libart.so (bool art::interpreter::DoCall<false>(art::ArtMethod*, art::Thread*, art::ShadowFrame&, art::Instruction const*, unsigned short, bool, art::JValue*)+4124) (BuildId: 05bfa63ad29b97d7dde4e764ce193f37)
2025-02-27 20:51:46.270 21887-21887 DEBUG                   pid-21887                            A        #55 pc 000000000076e7a8  /apex/com.android.art/lib64/libart.so (void art::interpreter::ExecuteSwitchImplCpp<false>(art::interpreter::SwitchImplContext*)+12208) (BuildId: 05bfa63ad29b97d7dde4e764ce193f37)
2025-02-27 20:51:46.270 21887-21887 DEBUG                   pid-21887                            A        #56 pc 0000000000381bd8  /apex/com.android.art/lib64/libart.so (ExecuteSwitchImplAsm+8) (BuildId: 05bfa63ad29b97d7dde4e764ce193f37)
2025-02-27 20:51:46.270 21887-21887 DEBUG                   pid-21887                            A        #57 pc 000000000000c5dc  <anonymous:7c671e19c000> (expo.modules.ReactNativeHostWrapperBase.getPackages+0)
2025-02-27 20:51:46.270 21887-21887 DEBUG                   pid-21887                            A        #58 pc 000000000035484c  /apex/com.android.art/lib64/libart.so (art::interpreter::Execute(art::Thread*, art::CodeItemDataAccessor const&, art::ShadowFrame&, art::JValue, bool, bool) (.__uniq.112435418011751916792819755956732575238.llvm.9474080970113376419)+428) (BuildId: 05bfa63ad29b97d7dde4e764ce193f37)
2025-02-27 20:51:46.270 21887-21887 DEBUG                   pid-21887                            A        #59 pc 0000000000362be0  /apex/com.android.art/lib64/libart.so (bool art::interpreter::DoCall<false>(art::ArtMethod*, art::Thread*, art::ShadowFrame&, art::Instruction const*, unsigned short, bool, art::JValue*)+4124) (BuildId: 05bfa63ad29b97d7dde4e764ce193f37)
